Component: ARM Compiler 5.06 update 6 (build 750) Tool: armlink [4d35ed]

==============================================================================

Section Cross References

    main.o(.text) refers to delay.o(.text) for delay_init
    main.o(.text) refers to misc.o(.text) for NVIC_PriorityGroupConfig
    main.o(.text) refers to led.o(.text) for LED_Init
    main.o(.text) refers to lcd.o(.text) for LCD_Init
    main.o(.text) refers to key.o(.text) for KEY_Init
    main.o(.text) refers to mb.o(.text) for eMBInit
    main.o(.text) refers to mbutils.o(.text) for xMBUtilGetBits
    main.o(.text) refers to lcd.o(.data) for POINT_COLOR
    main.o(.text) refers to main.o(.data) for usRegInputStart
    system_stm32f10x.o(.text) refers to system_stm32f10x.o(.data) for SystemCoreClock
    led.o(.text) refers to stm32f10x_rcc.o(.text) for RCC_APB2PeriphClockCmd
    led.o(.text) refers to stm32f10x_gpio.o(.text) for GPIO_Init
    key.o(.text) refers to stm32f10x_rcc.o(.text) for RCC_APB2PeriphClockCmd
    key.o(.text) refers to stm32f10x_gpio.o(.text) for GPIO_Init
    key.o(.text) refers to delay.o(.text) for delay_ms
    key.o(.text) refers to key.o(.data) for key_up
    lcd.o(.text) refers to _printf_percent.o(.ARM.Collect$$_printf_percent$$00000000) for _printf_percent
    lcd.o(.text) refers to _printf_x.o(.ARM.Collect$$_printf_percent$$0000000C) for _printf_x
    lcd.o(.text) refers to _printf_hex_int.o(.text) for _printf_longlong_hex
    lcd.o(.text) refers to delay.o(.text) for delay_us
    lcd.o(.text) refers to lcd.o(.bss) for lcddev
    lcd.o(.text) refers to lcd.o(.data) for POINT_COLOR
    lcd.o(.text) refers to dflt_clz.o(x$fpl$dfltu) for __aeabi_ui2d
    lcd.o(.text) refers to dmul.o(x$fpl$dmul) for __aeabi_dmul
    lcd.o(.text) refers to dfixu.o(x$fpl$dfixu) for __aeabi_d2uiz
    lcd.o(.text) refers to stm32f10x_rcc.o(.text) for RCC_AHBPeriphClockCmd
    lcd.o(.text) refers to stm32f10x_gpio.o(.text) for GPIO_Init
    lcd.o(.text) refers to stm32f10x_fsmc.o(.text) for FSMC_NORSRAMInit
    lcd.o(.text) refers to noretval__2printf.o(.text) for __2printf
    lcd.o(.text) refers to lcd.o(.constdata) for asc2_1206
    delay.o(.text) refers to misc.o(.text) for SysTick_CLKSourceConfig
    delay.o(.text) refers to system_stm32f10x.o(.data) for SystemCoreClock
    delay.o(.text) refers to delay.o(.data) for fac_us
    startup_stm32f10x_hd.o(STACK) refers (Special) to heapauxi.o(.text) for __use_two_region_memory
    startup_stm32f10x_hd.o(HEAP) refers (Special) to heapauxi.o(.text) for __use_two_region_memory
    startup_stm32f10x_hd.o(RESET) refers (Special) to heapauxi.o(.text) for __use_two_region_memory
    startup_stm32f10x_hd.o(RESET) refers to startup_stm32f10x_hd.o(STACK) for __initial_sp
    startup_stm32f10x_hd.o(RESET) refers to startup_stm32f10x_hd.o(.text) for Reset_Handler
    startup_stm32f10x_hd.o(RESET) refers to stm32f10x_it.o(.text) for NMI_Handler
    startup_stm32f10x_hd.o(RESET) refers to porttimer.o(.text) for TIM4_IRQHandler
    startup_stm32f10x_hd.o(RESET) refers to portserial.o(.text) for USART2_IRQHandler
    startup_stm32f10x_hd.o(.text) refers (Special) to heapauxi.o(.text) for __use_two_region_memory
    startup_stm32f10x_hd.o(.text) refers to system_stm32f10x.o(.text) for SystemInit
    startup_stm32f10x_hd.o(.text) refers to __main.o(!!!main) for __main
    startup_stm32f10x_hd.o(.text) refers to startup_stm32f10x_hd.o(HEAP) for Heap_Mem
    startup_stm32f10x_hd.o(.text) refers to startup_stm32f10x_hd.o(STACK) for Stack_Mem
    stm32f10x_gpio.o(.text) refers to stm32f10x_rcc.o(.text) for RCC_APB2PeriphResetCmd
    stm32f10x_rcc.o(.text) refers to stm32f10x_rcc.o(.data) for APBAHBPrescTable
    stm32f10x_usart.o(.text) refers to stm32f10x_rcc.o(.text) for RCC_APB2PeriphResetCmd
    stm32f10x_tim.o(.text) refers to stm32f10x_rcc.o(.text) for RCC_APB2PeriphResetCmd
    mb.o(.text) refers to mbrtu.o(.text) for eMBRTUInit
    mb.o(.text) refers to mbascii.o(.text) for eMBASCIIInit
    mb.o(.text) refers to portevent.o(.text) for xMBPortEventInit
    mb.o(.text) refers to mb.o(.data) for ucMBAddress
    mb.o(.data) refers to mbfuncother.o(.text) for eMBFuncReportSlaveID
    mb.o(.data) refers to mbfuncinput.o(.text) for eMBFuncReadInputRegister
    mb.o(.data) refers to mbfuncholding.o(.text) for eMBFuncReadHoldingRegister
    mb.o(.data) refers to mbfunccoils.o(.text) for eMBFuncReadCoils
    mb.o(.data) refers to mbfuncdisc.o(.text) for eMBFuncReadDiscreteInputs
    mbcrc.o(.text) refers to mbcrc.o(.constdata) for aucCRCHi
    mbrtu.o(.text) refers to portserial.o(.text) for xMBPortSerialInit
    mbrtu.o(.text) refers to porttimer.o(.text) for xMBPortTimersInit
    mbrtu.o(.text) refers to assert.o(.text) for __aeabi_assert
    mbrtu.o(.text) refers to mbcrc.o(.text) for usMBCRC16
    mbrtu.o(.text) refers to portevent.o(.text) for xMBPortEventPost
    mbrtu.o(.text) refers to mbrtu.o(.data) for eRcvState
    mbrtu.o(.text) refers to mbrtu.o(.bss) for ucRTUBuf
[...]
    x$fpl$dmul                               0x08009940   Section      340  dmul.o(x$fpl$dmul)
    x$fpl$dnaninf                            0x08009a94   Section      156  dnaninf.o(x$fpl$dnaninf)
    x$fpl$dretinf                            0x08009b30   Section       12  dretinf.o(x$fpl$dretinf)
    .constdata                               0x08009b3c   Section     6080  lcd.o(.constdata)
    x$fpl$usenofp                            0x08009b3c   Section        0  usenofp.o(x$fpl$usenofp)
    .constdata                               0x0800b2fc   Section      512  mbcrc.o(.constdata)
    aucCRCHi                                 0x0800b2fc   Data         256  mbcrc.o(.constdata)
    aucCRCLo                                 0x0800b3fc   Data         256  mbcrc.o(.constdata)
    .constdata                               0x0800b4fc   Section       40  _printf_hex_int.o(.constdata)
    uc_hextab                                0x0800b4fc   Data          20  _printf_hex_int.o(.constdata)
    lc_hextab                                0x0800b510   Data          20  _printf_hex_int.o(.constdata)
    .constdata                               0x0800b524   Section        4  sys_io.o(.constdata)
    .constdata                               0x0800b528   Section        4  sys_io.o(.constdata)
    .constdata                               0x0800b52c   Section        4  sys_io.o(.constdata)
    .conststring                             0x0800b530   Section       99  mbrtu.o(.conststring)
    .conststring                             0x0800b594   Section       68  mbascii.o(.conststring)
    .data                                    0x20000000   Section       72  main.o(.data)
    .data                                    0x20000048   Section       20  system_stm32f10x.o(.data)
    .data                                    0x2000005c   Section        1  key.o(.data)
    key_up                                   0x2000005c   Data           1  key.o(.data)
    .data                                    0x2000005e   Section        4  lcd.o(.data)
    .data                                    0x20000062   Section        4  delay.o(.data)
    fac_us                                   0x20000062   Data           1  delay.o(.data)
    fac_ms                                   0x20000064   Data           2  delay.o(.data)
    .data                                    0x20000066   Section       20  stm32f10x_rcc.o(.data)
    APBAHBPrescTable                         0x20000066   Data          16  stm32f10x_rcc.o(.data)
    ADCPrescTable                            0x20000076   Data           4  stm32f10x_rcc.o(.data)
    .data                                    0x2000007c   Section      181  mb.o(.data)
    ucMBAddress                              0x2000007c   Data           1  mb.o(.data)
    eMBCurrentMode                           0x2000007d   Data           1  mb.o(.data)
    eMBState                                 0x2000007e   Data           1  mb.o(.data)
    peMBFrameSendCur                         0x20000080   Data           4  mb.o(.data)
    pvMBFrameStartCur                        0x20000084   Data           4  mb.o(.data)
    pvMBFrameStopCur                         0x20000088   Data           4  mb.o(.data)
    peMBFrameReceiveCur                      0x2000008c   Data           4  mb.o(.data)
    pvMBFrameCloseCur                        0x20000090   Data           4  mb.o(.data)
    xFuncHandlers                            0x200000a8   Data         128  mb.o(.data)
    ucMBFrame                                0x20000128   Data           4  mb.o(.data)
    ucRcvAddress                             0x2000012c   Data           1  mb.o(.data)
    ucFunctionCode                           0x2000012d   Data           1  mb.o(.data)
    usLength                                 0x2000012e   Data           2  mb.o(.data)
    eException                               0x20000130   Data           1  mb.o(.data)
    .data                                    0x20000134   Section       12  mbrtu.o(.data)
    eSndState                                0x20000134   Data           1  mbrtu.o(.data)
    eRcvState                                0x20000135   Data           1  mbrtu.o(.data)
    pucSndBufferCur                          0x20000138   Data           4  mbrtu.o(.data)
    usSndBufferCount                         0x2000013c   Data           2  mbrtu.o(.data)
    usRcvBufferPos                           0x2000013e   Data           2  mbrtu.o(.data)
    .data                                    0x20000140   Section        2  mbfuncother.o(.data)
    usMBSlaveIDLen                           0x20000140   Data           2  mbfuncother.o(.data)
    .data                                    0x20000144   Section       20  mbascii.o(.data)
    eSndState                                0x20000144   Data           1  mbascii.o(.data)
    eRcvState                                0x20000145   Data           1  mbascii.o(.data)
    ucASCIIBuf                               0x20000148   Data           4  mbascii.o(.data)
    usRcvBufferPos                           0x2000014c   Data           2  mbascii.o(.data)
    eBytePos                                 0x2000014e   Data           1  mbascii.o(.data)
    pucSndBufferCur                          0x20000150   Data           4  mbascii.o(.data)
    usSndBufferCount                         0x20000154   Data           2  mbascii.o(.data)
    ucLRC                                    0x20000156   Data           1  mbascii.o(.data)
    ucMBLFCharacter                          0x20000157   Data           1  mbascii.o(.data)
    .data                                    0x20000158   Section        2  portevent.o(.data)
    eQueuedEvent                             0x20000158   Data           1  portevent.o(.data)
    xEventInQueue                            0x20000159   Data           1  portevent.o(.data)
    .data                                    0x2000015c   Section        4  stdio_streams.o(.data)
    .data                                    0x20000160   Section        4  stdio_streams.o(.data)
    .data                                    0x20000164   Section        4  stdio_streams.o(.data)
    .bss                                     0x20000168   Section       14  lcd.o(.bss)
    .bss                                     0x20000176   Section      256  mbrtu.o(.bss)
    .bss                                     0x20000276   Section       32  mbfuncother.o(.bss)
    ucMBSlaveID                              0x20000276   Data          32  mbfuncother.o(.bss)
    .bss                                     0x20000298   Section       84  stdio_streams.o(.bss)
    .bss                                     0x200002ec   Section       84  stdio_streams.o(.bss)
    .bss                                     0x20000340   Section       84  stdio_streams.o(.bss)
    .bss                                     0x20000394   Section       96  libspace.o(.bss)
    HEAP                                     0x200003f8   Section      512  startup_stm32f10x_hd.o(HEAP)
    Heap_Mem                                 0x200003f8   Data         512  startup_stm32f10x_hd.o(HEAP)
    STACK                                    0x200005f8   Section     1024  startup_stm32f10x_hd.o(STACK)
    Stack_Mem                                0x200005f8   Data        1024  startup_stm32f10x_hd.o(STACK)
    __initial_sp                             0x200009f8   Data           0  startup_stm32f10x_hd.o(STACK)

    Global Symbols

    Symbol Name                              Value     Ov Type        Size  Object(Section)

    BuildAttributes$$THM_ISAv4$P$D$K$B$S$PE$A:L22UL41UL21$X:L11$S22US41US21$IEEE1$IW$USESV6$~STKCKD$USESV7$~SHL$OTIME$ROPI$EBA8$UX$STANDARDLIB$REQ8$PRES8$EABIv2 0x00000000   Number         0  anon$$obj.o ABSOLUTE
    __ARM_use_no_argv                        0x00000000   Number         0  main.o ABSOLUTE
    __ARM_exceptions_init                     - Undefined Weak Reference
    __alloca_initialize                       - Undefined Weak Reference
    __arm_preinit_                            - Undefined Weak Reference
    __cpp_initialize__aeabi_                  - Undefined Weak Reference
    __cxa_finalize                            - Undefined Weak Reference
    __rt_locale                               - Undefined Weak Reference
    __sigvec_lookup                           - Undefined Weak Reference
    __user_heap_extent                        - Undefined Weak Reference
    _atexit_init                              - Undefined Weak Reference
    _call_atexit_fns                          - Undefined Weak Reference
    _clock_init                               - Undefined Weak Reference
    _fp_trap_init                             - Undefined Weak Reference
    _fp_trap_shutdown                         - Undefined Weak Reference
    _get_lc_collate                           - Undefined Weak Reference
    _get_lc_ctype                             - Undefined Weak Reference
    _get_lc_monetary                          - Undefined Weak Reference
    _get_lc_numeric                           - Undefined Weak Reference
    _get_lc_time                              - Undefined Weak Reference
    _getenv_init                              - Undefined Weak Reference
    _handle_redirection                       - Undefined Weak Reference
    _mutex_acquire                            - Undefined Weak Reference
    _mutex_free                               - Undefined Weak Reference
    _mutex_release                            - Undefined Weak Reference
    _printf_post_padding                      - Undefined Weak Reference
    _printf_pre_padding                       - Undefined Weak Reference
    _printf_truncate_unsigned                 - Undefined Weak Reference
    _rand_init                                - Undefined Weak Reference
    _signal_finish                            - Undefined Weak Reference
    _signal_init                              - Undefined Weak Reference
    __Vectors_Size                           0x00000130   Number         0  startup_stm32f10x_hd.o ABSOLUTE
    __Vectors                                0x08000000   Data           4  startup_stm32f10x_hd.o(RESET)
    __Vectors_End                            0x08000130   Data           0  startup_stm32f10x_hd.o(RESET)
    __main                                   0x08000131   Thumb Code     8  __main.o(!!!main)
    __scatterload                            0x08000139   Thumb Code     0  __scatter.o(!!!scatter)
    __scatterload_rt2                        0x08000139   Thumb Code    44  __scatter.o(!!!scatter)
    __scatterload_rt2_thumb_only             0x08000139   Thumb Code     0  __scatter.o(!!!scatter)
    __scatterload_null                       0x08000147   Thumb Code     0  __scatter.o(!!!scatter)
    __decompress                             0x0800016d   Thumb Code    90  __dczerorl2.o(!!dczerorl2)
    __decompress1                            0x0800016d   Thumb Code     0  __dczerorl2.o(!!dczerorl2)
    __scatterload_zeroinit                   0x080001c9   Thumb Code    28  __scatter_zi.o(!!handler_zi)
    _printf_percent                          0x080001e5   Thumb Code     0  _printf_percent.o(.ARM.Collect$$_printf_percent$$00000000)
    _printf_x                                0x080001e5   Thumb Code     0  _printf_x.o(.ARM.Collect$$_printf_percent$$0000000C)
    _printf_percent_end                      0x080001eb   Thumb Code     0  _printf_percent_end.o(.ARM.Collect$$_printf_percent$$00000017)
    __rt_lib_init                            0x080001ef   Thumb Code     0  libinit.o(.ARM.Collect$$libinit$$00000000)
    __rt_lib_init_fp_1                       0x080001f1   Thumb Code     0  libinit2.o(.ARM.Collect$$libinit$$00000002)
    __rt_lib_init_heap_2                     0x080001f1   Thumb Code     0  libinit2.o(.ARM.Collect$$libinit$$00000005)
    __rt_lib_init_preinit_1                  0x080001f1   Thumb Code     0  libinit2.o(.ARM.Collect$$libinit$$00000004)
    __rt_lib_init_atexit_1                   0x080001f9   Thumb Code     0  libinit2.o(.ARM.Collect$$libinit$$0000001B)
    __rt_lib_init_clock_1                    0x080001f9   Thumb Code     0  libinit2.o(.ARM.Collect$$libinit$$00000021)
    __rt_lib_init_fp_trap_1                  0x080001f9   Thumb Code     0  libinit2.o(.ARM.Collect$$libinit$$0000001F)
    __rt_lib_init_getenv_1                   0x080001f9   Thumb Code     0  libinit2.o(.ARM.Collect$$libinit$$00000023)
    __rt_lib_init_heap_1                     0x080001f9   Thumb Code     0  libinit2.o(.ARM.Collect$$libinit$$0000000A)
    __rt_lib_init_lc_collate_1               0x080001f9   Thumb Code     0  libinit2.o(.ARM.Collect$$libinit$$00000011)
    __rt_lib_init_lc_ctype_1                 0x080001f9   Thumb Code     0  libinit2.o(.ARM.Collect$$libinit$$00000013)
    __rt_lib_init_lc_monetary_1              0x080001f9   Thumb Code     0  libinit2.o(.ARM.Collect$$libinit$$00000015)
    __rt_lib_init_lc_numeric_1               0x080001f9   Thumb Code     0  libinit2.o(.ARM.Collect$$libinit$$00000017)
    __rt_lib_init_lc_time_1                  0x080001f9   Thumb Code     0  libinit2.o(.ARM.Collect$$libinit$$00000019)
    __rt_lib_init_rand_1                     0x080001f9   Thumb Code     0  libinit2.o(.ARM.Collect$$libinit$$0000000E)
    __rt_lib_init_signal_1                   0x080001f9   Thumb Code     0  libinit2.o(.ARM.Collect$$libinit$$0000001D)
    __rt_lib_init_stdio_2                    0x080001f9   Thumb Code     0  libinit2.o(.ARM.Collect$$libinit$$00000024)
    __rt_lib_init_user_alloc_1               0x080001f9   Thumb Code     0  libinit2.o(.ARM.Collect$$libinit$$0000000C)
    __rt_lib_init_alloca_1                   0x080001fd   Thumb Code     0  libinit2.o(.ARM.Collect$$libinit$$0000002E)
    __rt_lib_init_argv_1                     0x080001fd   Thumb Code     0  libinit2.o(.ARM.Collect$$libinit$$0000002C)
    __rt_lib_init_cpp_1                      0x080001fd   Thumb Code     0  libinit2.o(.ARM.Collect$$libinit$$00000032)
    __rt_lib_init_exceptions_1               0x080001fd   Thumb Code     0  libinit2.o(.ARM.Collect$$libinit$$00000030)
    __rt_lib_init_return                     0x080001fd   Thumb Code     0  libinit2.o(.ARM.Collect$$libinit$$00000033)
    __rt_lib_init_stdio_1                    0x080001fd   Thumb Code     0  libinit2.o(.ARM.Collect$$libinit$$00000025)
    __rt_lib_shutdown                        0x080001ff   Thumb Code     0  libshutdown.o(.ARM.Collect$$libshutdown$$00000000)
    __rt_lib_shutdown_cpp_1                  0x08000201   Thumb Code     0  libshutdown2.o(.ARM.Collect$$libshutdown$$00000002)
    __rt_lib_shutdown_stdio_2                0x08000201   Thumb Code     0  libshutdown2.o(.ARM.Collect$$libshutdown$$00000003)
    __rt_lib_shutdown_fp_trap_1              0x08000205   Thumb Code     0  libshutdown2.o(.ARM.Collect$$libshutdown$$00000007)
    __rt_lib_shutdown_heap_1                 0x08000205   Thumb Code     0  libshutdown2.o(.ARM.Collect$$libshutdown$$0000000F)
    __rt_lib_shutdown_return                 0x08000205   Thumb Code     0  libshutdown2.o(.ARM.Collect$$libshutdown$$00000010)
    __rt_lib_shutdown_signal_1               0x08000205   Thumb Code     0  libshutdown2.o(.ARM.Collect$$libshutdown$$0000000A)
    __rt_lib_shutdown_stdio_1                0x08000205   Thumb Code     0  libshutdown2.o(.ARM.Collect$$libshutdown$$00000004)
    __rt_lib_shutdown_user_alloc_1           0x08000205   Thumb Code     0  libshutdown2.o(.ARM.Collect$$libshutdown$$0000000C)
    __rt_entry                               0x08000207   Thumb Code     0  __rtentry.o(.ARM.Collect$$rtentry$$00000000)
    __rt_entry_presh_1                       0x08000207   Thumb Code     0  __rtentry2.o(.ARM.Collect$$rtentry$$00000002)
    __rt_entry_sh                            0x08000207   Thumb Code     0  __rtentry4.o(.ARM.Collect$$rtentry$$00000004)
    __rt_entry_li                            0x0800020d   Thumb Code     0  __rtentry2.o(.ARM.Collect$$rtentry$$0000000A)
    __rt_entry_postsh_1                      0x0800020d   Thumb Code     0  __rtentry2.o(.ARM.Collect$$rtentry$$00000009)
    __rt_entry_main                          0x08000211   Thumb Code     0  __rtentry2.o(.ARM.Collect$$rtentry$$0000000D)
    __rt_entry_postli_1                      0x08000211   Thumb Code     0  __rtentry2.o(.ARM.Collect$$rtentry$$0000000C)
    __rt_exit                                0x08000219   Thumb Code     0  rtexit.o(.ARM.Collect$$rtexit$$00000000)
    __rt_exit_ls                             0x0800021b   Thumb Code     0  rtexit2.o(.ARM.Collect$$rtexit$$00000003)
    __rt_exit_prels_1                        0x0800021b   Thumb Code     0  rtexit2.o(.ARM.Collect$$rtexit$$00000002)
    __rt_exit_exit                           0x0800021f   Thumb Code     0  rtexit2.o(.ARM.Collect$$rtexit$$00000004)
    _maybe_terminate_alloc                   0x08000225   Thumb Code     0  maybetermalloc1.o(.emb_text)
    main                                     0x08000225   Thumb Code   240  main.o(.text)
    eMBRegInputCB                            0x08000315   Thumb Code    68  main.o(.text)
    eMBRegHoldingCB                          0x08000359   Thumb Code   124  main.o(.text)
    eMBRegCoilsCB                            0x080003d5   Thumb Code   146  main.o(.text)
    eMBRegDiscreteCB                         0x08000467   Thumb Code    90  main.o(.text)
    NMI_Handler                              0x08000545   Thumb Code     2  stm32f10x_it.o(.text)
    HardFault_Handler                        0x08000547   Thumb Code     4  stm32f10x_it.o(.text)
    MemManage_Handler                        0x0800054b   Thumb Code     4  stm32f10x_it.o(.text)
    BusFault_Handler                         0x0800054f   Thumb Code     4  stm32f10x_it.o(.text)
    UsageFault_Handler                       0x08000553   Thumb Code     4  stm32f10x_it.o(.text)
    SVC_Handler                              0x08000557   Thumb Code     2  stm32f10x_it.o(.text)
    DebugMon_Handler                         0x08000559   Thumb Code     2  stm32f10x_it.o(.text)
    PendSV_Handler                           0x0800055b   Thumb Code     2  stm32f10x_it.o(.text)
    SysTick_Handler                          0x0800055d   Thumb Code     2  stm32f10x_it.o(.text)
    SystemInit                               0x0800063f   Thumb Code    78  system_stm32f10x.o(.text)
    SystemCoreClockUpdate                    0x0800068d   Thumb Code   142  system_stm32f10x.o(.text)
    LED_Init                                 0x08000741   Thumb Code    68  led.o(.text)
    KEY_Init                                 0x0800078d   Thumb Code    52  key.o(.text)
    KEY_Scan                                 0x080007c1   Thumb Code   188  key.o(.text)
    LCD_WR_REG                               0x08000889   Thumb Code     6  lcd.o(.text)
    LCD_WR_DATA                              0x0800088f   Thumb Code     8  lcd.o(.text)
    LCD_RD_DATA                              0x08000897   Thumb Code    16  lcd.o(.text)
    LCD_WriteReg                             0x080008a7   Thumb Code    10  lcd.o(.text)
    LCD_ReadReg                              0x080008b1   Thumb Code    22  lcd.o(.text)
    LCD_WriteRAM_Prepare                     0x080008c7   Thumb Code    10  lcd.o(.text)
    LCD_WriteRAM                             0x080008d1   Thumb Code     8  lcd.o(.text)
    LCD_BGR2RGB                              0x080008d9   Thumb Code    26  lcd.o(.text)
    opt_delay                                0x080008f3   Thumb Code    14  lcd.o(.text)
    LCD_SetCursor                            0x08000901   Thumb Code   418  lcd.o(.text)
    LCD_ReadPoint                            0x08000aa3   Thumb Code   360  lcd.o(.text)
    LCD_DisplayOn                            0x08000c0b   Thumb Code   102  lcd.o(.text)
    LCD_DisplayOff                           0x08000c71   Thumb Code    90  lcd.o(.text)
    LCD_Scan_Dir                             0x08000ccb   Thumb Code   744  lcd.o(.text)
    LCD_DrawPoint                            0x08000fb3   Thumb Code    28  lcd.o(.text)
    LCD_Fast_DrawPoint                       0x08000fcf   Thumb Code   384  lcd.o(.text)
    LCD_SSD_BackLightSet                     0x0800114f   Thumb Code    80  lcd.o(.text)
    LCD_Display_Dir                          0x0800119f   Thumb Code   444  lcd.o(.text)
    LCD_Set_Window                           0x0800135b   Thumb Code   540  lcd.o(.text)
    LCD_Clear                                0x08001577   Thumb Code   100  lcd.o(.text)
    LCD_Init                                 0x080015db   Thumb Code 14190  lcd.o(.text)
    LCD_Fill                                 0x08004d49   Thumb Code   178  lcd.o(.text)
    LCD_Color_Fill                           0x08004dfb   Thumb Code   106  lcd.o(.text)
    LCD_DrawLine                             0x08004e65   Thumb Code   176  lcd.o(.text)
    LCD_DrawRectangle                        0x08004f15   Thumb Code    60  lcd.o(.text)
    LCD_Draw_Circle                          0x08004f51   Thumb Code   152  lcd.o(.text)
    LCD_ShowChar                             0x08004fe9   Thumb Code   272  lcd.o(.text)
    LCD_Pow                                  0x080050f9   Thumb Code    22  lcd.o(.text)
    LCD_ShowNum                              0x0800510f   Thumb Code   148  lcd.o(.text)
    LCD_ShowxNum                             0x080051a3   Thumb Code   220  lcd.o(.text)
    LCD_ShowString                           0x0800527f   Thumb Code   102  lcd.o(.text)
    delay_init                               0x080052e5   Thumb Code    50  delay.o(.text)
    delay_us                                 0x08005317   Thumb Code    72  delay.o(.text)
    delay_ms                                 0x0800535f   Thumb Code    72  delay.o(.text)
    Reset_Handler                            0x080053b9   Thumb Code     8  startup_stm32f10x_hd.o(.text)
    ADC1_2_IRQHandler                        0x080053d3   Thumb Code     0  startup_stm32f10x_hd.o(.text)
    ADC3_IRQHandler                          0x080053d3   Thumb Code     0  startup_stm32f10x_hd.o(.text)
    CAN1_RX1_IRQHandler                      0x080053d3   Thumb Code     0  startup_stm32f10x_hd.o(.text)
    CAN1_SCE_IRQHandler                      0x080053d3   Thumb Code     0  startup_stm32f10x_hd.o(.text)
    DMA1_Channel1_IRQHandler                 0x080053d3   Thumb Code     0  startup_stm32f10x_hd.o(.text)
    DMA1_Channel2_IRQHandler                 0x080053d3   Thumb Code     0  startup_stm32f10x_hd.o(.text)
    DMA1_Channel3_IRQHandler                 0x080053d3   Thumb Code     0  startup_stm32f10x_hd.o(.text)
    DMA1_Channel4_IRQHandler                 0x080053d3   Thumb Code     0  startup_stm32f10x_hd.o(.text)
    DMA1_Channel5_IRQHandler                 0x080053d3   Thumb Code     0  startup_stm32f10x_hd.o(.text)
    DMA1_Channel6_IRQHandler                 0x080053d3   Thumb Code     0  startup_stm32f10x_hd.o(.text)
    DMA1_Channel7_IRQHandler                 0x080053d3   Thumb Code     0  startup_stm32f10x_hd.o(.text)
    DMA2_Channel1_IRQHandler                 0x080053d3   Thumb Code     0  startup_stm32f10x_hd.o(.text)
    DMA2_Channel2_IRQHandler                 0x080053d3   Thumb Code     0  startup_stm32f10x_hd.o(.text)
    DMA2_Channel3_IRQHandler                 0x080053d3   Thumb Code     0  startup_stm32f10x_hd.o(.text)
    DMA2_Channel4_5_IRQHandler               0x080053d3   Thumb Code     0  startup_stm32f10x_hd.o(.text)
    EXTI0_IRQHandler                         0x080053d3   Thumb Code     0  startup_stm32f10x_hd.o(.text)
    EXTI15_10_IRQHandler                     0x080053d3   Thumb Code     0  startup_stm32f10x_hd.o(.text)
    EXTI1_IRQHandler                         0x080053d3   Thumb Code     0  startup_stm32f10x_hd.o(.text)
    EXTI2_IRQHandler                         0x080053d3   Thumb Code     0  startup_stm32f10x_hd.o(.text)
    EXTI3_IRQHandler                         0x080053d3   Thumb Code     0  startup_stm32f10x_hd.o(.text)
    EXTI4_IRQHandler                         0x080053d3   Thumb Code     0  startup_stm32f10x_hd.o(.text)
    EXTI9_5_IRQHandler                       0x080053d3   Thumb Code     0  startup_stm32f10x_hd.o(.text)
    FLASH_IRQHandler                         0x080053d3   Thumb Code     0  startup_stm32f10x_hd.o(.text)
    FSMC_IRQHandler                          0x080053d3   Thumb Code     0  startup_stm32f10x_hd.o(.text)
    I2C1_ER_IRQHandler                       0x080053d3   Thumb Code     0  startup_stm32f10x_hd.o(.text)
    I2C1_EV_IRQHandler                       0x080053d3   Thumb Code     0  startup_stm32f10x_hd.o(.text)
    I2C2_ER_IRQHandler                       0x080053d3   Thumb Code     0  startup_stm32f10x_hd.o(.text)
    I2C2_EV_IRQHandler                       0x080053d3   Thumb Code     0  startup_stm32f10x_hd.o(.text)
    PVD_IRQHandler                           0x080053d3   Thumb Code     0  startup_stm32f10x_hd.o(.text)
    RCC_IRQHandler                           0x080053d3   Thumb Code     0  startup_stm32f10x_hd.o(.text)
    RTCAlarm_IRQHandler                      0x080053d3   Thumb Code     0  startup_stm32f10x_hd.o(.text)
    RTC_IRQHandler                           0x080053d3   Thumb Code     0  startup_stm32f10x_hd.o(.text)
    SDIO_IRQHandler                          0x080053d3   Thumb Code     0  startup_stm32f10x_hd.o(.text)
    SPI1_IRQHandler                          0x080053d3   Thumb Code     0  startup_stm32f10x_hd.o(.text)
    SPI2_IRQHandler                          0x080053d3   Thumb Code     0  startup_stm32f10x_hd.o(.text)
    SPI3_IRQHandler                          0x080053d3   Thumb Code     0  startup_stm32f10x_hd.o(.text)
    TAMPER_IRQHandler                        0x080053d3   Thumb Code     0  startup_stm32f10x_hd.o(.text)
    TIM1_BRK_IRQHandler                      0x080053d3   Thumb Code     0  startup_stm32f10x_hd.o(.text)
    TIM1_CC_IRQHandler                       0x080053d3   Thumb Code     0  startup_stm32f10x_hd.o(.text)
    TIM1_TRG_COM_IRQHandler                  0x080053d3   Thumb Code     0  startup_stm32f10x_hd.o(.text)
    TIM1_UP_IRQHandler                       0x080053d3   Thumb Code     0  startup_stm32f10x_hd.o(.text)
    TIM2_IRQHandler                          0x080053d3   Thumb Code     0  startup_stm32f10x_hd.o(.text)
    TIM3_IRQHandler                          0x080053d3   Thumb Code     0  startup_stm32f10x_hd.o(.text)
    TIM5_IRQHandler                          0x080053d3   Thumb Code     0  startup_stm32f10x_hd.o(.text)
    TIM6_IRQHandler                          0x080053d3   Thumb Code     0  startup_stm32f10x_hd.o(.text)
    TIM7_IRQHandler                          0x080053d3   Thumb Code     0  startup_stm32f10x_hd.o(.text)
    TIM8_BRK_IRQHandler                      0x080053d3   Thumb Code     0  startup_stm32f10x_hd.o(.text)
    TIM8_CC_IRQHandler                       0x080053d3   Thumb Code     0  startup_stm32f10x_hd.o(.text)
    TIM8_TRG_COM_IRQHandler                  0x080053d3   Thumb Code     0  startup_stm32f10x_hd.o(.text)
    TIM8_UP_IRQHandler                       0x080053d3   Thumb Code     0  startup_stm32f10x_hd.o(.text)
    UART4_IRQHandler                         0x080053d3   Thumb Code     0  startup_stm32f10x_hd.o(.text)
    UART5_IRQHandler                         0x080053d3   Thumb Code     0  startup_stm32f10x_hd.o(.text)
    USART1_IRQHandler                        0x080053d3   Thumb Code     0  startup_stm32f10x_hd.o(.text)
    USART3_IRQHandler                        0x080053d3   Thumb Code     0  startup_stm32f10x_hd.o(.text)
    USBWakeUp_IRQHandler                     0x080053d3   Thumb Code     0  startup_stm32f10x_hd.o(.text)
    USB_HP_CAN1_TX_IRQHandler                0x080053d3   Thumb Code     0  startup_stm32f10x_hd.o(.text)
    USB_LP_CAN1_RX0_IRQHandler               0x080053d3   Thumb Code     0  startup_stm32f10x_hd.o(.text)
    WWDG_IRQHandler                          0x080053d3   Thumb Code     0  startup_stm32f10x_hd.o(.text)
    __user_initial_stackheap                 0x080053d5   Thumb Code     0  startup_stm32f10x_hd.o(.text)
    NVIC_PriorityGroupConfig                 0x080053f9   Thumb Code    10  misc.o(.text)
    NVIC_Init                                0x08005403   Thumb Code   100  misc.o(.text)
    NVIC_SetVectorTable                      0x08005467   Thumb Code    14  misc.o(.text)
    NVIC_SystemLPConfig                      0x08005475   Thumb Code    34  misc.o(.text)
    SysTick_CLKSourceConfig                  0x08005497   Thumb Code    40  misc.o(.text)
    FSMC_NORSRAMDeInit                       0x080054d5   Thumb Code    54  stm32f10x_fsmc.o(.text)
    FSMC_NANDDeInit                          0x0800550b   Thumb Code    62  stm32f10x_fsmc.o(.text)
    FSMC_PCCARDDeInit                        0x08005549   Thumb Code    36  stm32f10x_fsmc.o(.text)
    FSMC_NORSRAMInit                         0x0800556d   Thumb Code   230  stm32f10x_fsmc.o(.text)
    FSMC_NANDInit                            0x08005653   Thumb Code   132  stm32f10x_fsmc.o(.text)
    FSMC_PCCARDInit                          0x080056d7   Thumb Code   130  stm32f10x_fsmc.o(.text)
    FSMC_NORSRAMStructInit                   0x08005759   Thumb Code   114  stm32f10x_fsmc.o(.text)
    FSMC_NANDStructInit                      0x080057cb   Thumb Code    54  stm32f10x_fsmc.o(.text)
    FSMC_PCCARDStructInit                    0x08005801   Thumb Code    60  stm32f10x_fsmc.o(.text)
    FSMC_NORSRAMCmd                          0x0800583d   Thumb Code    46  stm32f10x_fsmc.o(.text)
    FSMC_NANDCmd                             0x0800586b   Thumb Code    86  stm32f10x_fsmc.o(.text)
    FSMC_PCCARDCmd                           0x080058c1   Thumb Code    44  stm32f10x_fsmc.o(.text)
    FSMC_NANDECCCmd                          0x080058ed   Thumb Code    90  stm32f10x_fsmc.o(.text)
    FSMC_GetECC                              0x08005947   Thumb Code    24  stm32f10x_fsmc.o(.text)
    FSMC_ITConfig                            0x0800595f   Thumb Code   128  stm32f10x_fsmc.o(.text)
    FSMC_GetFlagStatus                       0x080059df   Thumb Code    54  stm32f10x_fsmc.o(.text)
    FSMC_ClearFlag                           0x08005a15   Thumb Code    62  stm32f10x_fsmc.o(.text)
    FSMC_GetITStatus                         0x08005a53   Thumb Code    64  stm32f10x_fsmc.o(.text)
    FSMC_ClearITPendingBit                   0x08005a93   Thumb Code    68  stm32f10x_fsmc.o(.text)
    GPIO_DeInit                              0x08005ae1   Thumb Code   172  stm32f10x_gpio.o(.text)
    GPIO_AFIODeInit                          0x08005b8d   Thumb Code    20  stm32f10x_gpio.o(.text)
    GPIO_Init                                0x08005ba1   Thumb Code   278  stm32f10x_gpio.o(.text)
    GPIO_StructInit                          0x08005cb7   Thumb Code    16  stm32f10x_gpio.o(.text)
    GPIO_ReadInputDataBit                    0x08005cc7   Thumb Code    18  stm32f10x_gpio.o(.text)
    GPIO_ReadInputData                       0x08005cd9   Thumb Code     8  stm32f10x_gpio.o(.text)
    GPIO_ReadOutputDataBit                   0x08005ce1   Thumb Code    18  stm32f10x_gpio.o(.text)
    GPIO_ReadOutputData                      0x08005cf3   Thumb Code     8  stm32f10x_gpio.o(.text)
    GPIO_SetBits                             0x08005cfb   Thumb Code     4  stm32f10x_gpio.o(.text)
    GPIO_ResetBits                           0x08005cff   Thumb Code     4  stm32f10x_gpio.o(.text)
    GPIO_WriteBit                            0x08005d03   Thumb Code    10  stm32f10x_gpio.o(.text)
    GPIO_Write                               0x08005d0d   Thumb Code     4  stm32f10x_gpio.o(.text)
    GPIO_PinLockConfig                       0x08005d11   Thumb Code    18  stm32f10x_gpio.o(.text)
    GPIO_EventOutputConfig                   0x08005d23   Thumb Code    26  stm32f10x_gpio.o(.text)
    GPIO_EventOutputCmd                      0x08005d3d   Thumb Code     6  stm32f10x_gpio.o(.text)
    GPIO_PinRemapConfig                      0x08005d43   Thumb Code   138  stm32f10x_gpio.o(.text)
    GPIO_EXTILineConfig                      0x08005dcd   Thumb Code    66  stm32f10x_gpio.o(.text)
    GPIO_ETH_MediaInterfaceConfig            0x08005e0f   Thumb Code     8  stm32f10x_gpio.o(.text)
    RCC_DeInit                               0x08005e3d   Thumb Code    64  stm32f10x_rcc.o(.text)
    RCC_HSEConfig                            0x08005e7d   Thumb Code    70  stm32f10x_rcc.o(.text)
    RCC_GetFlagStatus                        0x08005ec3   Thumb Code    56  stm32f10x_rcc.o(.text)
    RCC_WaitForHSEStartUp                    0x08005efb   Thumb Code    56  stm32f10x_rcc.o(.text)
    RCC_AdjustHSICalibrationValue            0x08005f33   Thumb Code    20  stm32f10x_rcc.o(.text)
    RCC_HSICmd                               0x08005f47   Thumb Code     6  stm32f10x_rcc.o(.text)
    RCC_PLLConfig                            0x08005f4d   Thumb Code    24  stm32f10x_rcc.o(.text)
    RCC_PLLCmd                               0x08005f65   Thumb Code     6  stm32f10x_rcc.o(.text)
    RCC_SYSCLKConfig                         0x08005f6b   Thumb Code    18  stm32f10x_rcc.o(.text)
    RCC_GetSYSCLKSource                      0x08005f7d   Thumb Code    10  stm32f10x_rcc.o(.text)
    RCC_HCLKConfig                           0x08005f87   Thumb Code    18  stm32f10x_rcc.o(.text)
    RCC_PCLK1Config                          0x08005f99   Thumb Code    18  stm32f10x_rcc.o(.text)
    RCC_PCLK2Config                          0x08005fab   Thumb Code    20  stm32f10x_rcc.o(.text)
    RCC_ITConfig                             0x08005fbf   Thumb Code    26  stm32f10x_rcc.o(.text)
    RCC_USBCLKConfig                         0x08005fd9   Thumb Code     8  stm32f10x_rcc.o(.text)
    RCC_ADCCLKConfig                         0x08005fe1   Thumb Code    18  stm32f10x_rcc.o(.text)
    RCC_LSEConfig                            0x08005ff3   Thumb Code    50  stm32f10x_rcc.o(.text)
    RCC_LSICmd                               0x08006025   Thumb Code     6  stm32f10x_rcc.o(.text)
    RCC_RTCCLKConfig                         0x0800602b   Thumb Code    12  stm32f10x_rcc.o(.text)
    RCC_RTCCLKCmd                            0x08006037   Thumb Code     8  stm32f10x_rcc.o(.text)
    RCC_GetClocksFreq                        0x0800603f   Thumb Code   192  stm32f10x_rcc.o(.text)
    RCC_AHBPeriphClockCmd                    0x080060ff   Thumb Code    26  stm32f10x_rcc.o(.text)
    RCC_APB2PeriphClockCmd                   0x08006119   Thumb Code    26  stm32f10x_rcc.o(.text)
    RCC_APB1PeriphClockCmd                   0x08006133   Thumb Code    26  stm32f10x_rcc.o(.text)
    RCC_APB2PeriphResetCmd                   0x0800614d   Thumb Code    26  stm32f10x_rcc.o(.text)
    RCC_APB1PeriphResetCmd                   0x08006167   Thumb Code    26  stm32f10x_rcc.o(.text)
    RCC_BackupResetCmd                       0x08006181   Thumb Code     8  stm32f10x_rcc.o(.text)
    RCC_ClockSecuritySystemCmd               0x08006189   Thumb Code     6  stm32f10x_rcc.o(.text)
    RCC_MCOConfig                            0x0800618f   Thumb Code     6  stm32f10x_rcc.o(.text)
    RCC_ClearFlag                            0x08006195   Thumb Code    14  stm32f10x_rcc.o(.text)
    RCC_GetITStatus                          0x080061a3   Thumb Code    20  stm32f10x_rcc.o(.text)
    RCC_ClearITPendingBit                    0x080061b7   Thumb Code     6  stm32f10x_rcc.o(.text)
    USART_DeInit                             0x080061e1   Thumb Code   134  stm32f10x_usart.o(.text)
    USART_Init                               0x08006267   Thumb Code   210  stm32f10x_usart.o(.text)
    USART_StructInit                         0x08006339   Thumb Code    24  stm32f10x_usart.o(.text)
    USART_ClockInit                          0x08006351   Thumb Code    34  stm32f10x_usart.o(.text)
    USART_ClockStructInit                    0x08006373   Thumb Code    12  stm32f10x_usart.o(.text)
    USART_Cmd                                0x0800637f   Thumb Code    24  stm32f10x_usart.o(.text)
    USART_ITConfig                           0x08006397   Thumb Code    74  stm32f10x_usart.o(.text)
    USART_DMACmd                             0x080063e1   Thumb Code    18  stm32f10x_usart.o(.text)
    USART_SetAddress                         0x080063f3   Thumb Code    18  stm32f10x_usart.o(.text)
    USART_WakeUpConfig                       0x08006405   Thumb Code    18  stm32f10x_usart.o(.text)
    USART_ReceiverWakeUpCmd                  0x08006417   Thumb Code    24  stm32f10x_usart.o(.text)
    USART_LINBreakDetectLengthConfig         0x0800642f   Thumb Code    18  stm32f10x_usart.o(.text)
    USART_LINCmd                             0x08006441   Thumb Code    24  stm32f10x_usart.o(.text)
    USART_SendData                           0x08006459   Thumb Code     8  stm32f10x_usart.o(.text)
    USART_ReceiveData                        0x08006461   Thumb Code    10  stm32f10x_usart.o(.text)
    USART_SendBreak                          0x0800646b   Thumb Code    10  stm32f10x_usart.o(.text)
    USART_SetGuardTime                       0x08006475   Thumb Code    16  stm32f10x_usart.o(.text)
    USART_SetPrescaler                       0x08006485   Thumb Code    16  stm32f10x_usart.o(.text)
    USART_SmartCardCmd                       0x08006495   Thumb Code    24  stm32f10x_usart.o(.text)
    USART_SmartCardNACKCmd                   0x080064ad   Thumb Code    24  stm32f10x_usart.o(.text)
    USART_HalfDuplexCmd                      0x080064c5   Thumb Code    24  stm32f10x_usart.o(.text)
    USART_OverSampling8Cmd                   0x080064dd   Thumb Code    22  stm32f10x_usart.o(.text)
    USART_OneBitMethodCmd                    0x080064f3   Thumb Code    24  stm32f10x_usart.o(.text)
    USART_IrDAConfig                         0x0800650b   Thumb Code    18  stm32f10x_usart.o(.text)
    USART_IrDACmd                            0x0800651d   Thumb Code    24  stm32f10x_usart.o(.text)
    USART_GetFlagStatus                      0x08006535   Thumb Code    26  stm32f10x_usart.o(.text)
    USART_ClearFlag                          0x0800654f   Thumb Code    18  stm32f10x_usart.o(.text)
    USART_GetITStatus                        0x08006561   Thumb Code    84  stm32f10x_usart.o(.text)
    USART_ClearITPendingBit                  0x080065b5   Thumb Code    52  stm32f10x_usart.o(.text)
    TIM_DeInit                               0x080065e9   Thumb Code   424  stm32f10x_tim.o(.text)
    TIM_TimeBaseInit                         0x08006791   Thumb Code   122  stm32f10x_tim.o(.text)
    TIM_OC1Init                              0x0800680b   Thumb Code   132  stm32f10x_tim.o(.text)
    TIM_OC2Init                              0x0800688f   Thumb Code   154  stm32f10x_tim.o(.text)
    TIM_OC3Init                              0x08006929   Thumb Code   150  stm32f10x_tim.o(.text)
    TIM_OC4Init                              0x080069bf   Thumb Code   182  stm32f10x_tim.o(.text)
    TIM_SetIC4Prescaler                      0x08006a75   Thumb Code    26  stm32f10x_tim.o(.text)
    TIM_SetIC3Prescaler                      0x08006b11   Thumb Code    18  stm32f10x_tim.o(.text)
    TIM_SetIC2Prescaler                      0x08006b9d   Thumb Code    26  stm32f10x_tim.o(.text)
    TIM_SetIC1Prescaler                      0x08006c39   Thumb Code    18  stm32f10x_tim.o(.text)
    TIM_ICInit                               0x08006cb7   Thumb Code   150  stm32f10x_tim.o(.text)
    TIM_PWMIConfig                           0x08006d4d   Thumb Code   124  stm32f10x_tim.o(.text)
    TIM_BDTRConfig                           0x08006dc9   Thumb Code    32  stm32f10x_tim.o(.text)
    TIM_TimeBaseStructInit                   0x08006de9   Thumb Code    18  stm32f10x_tim.o(.text)
    TIM_OCStructInit                         0x08006dfb   Thumb Code    20  stm32f10x_tim.o(.text)
    TIM_ICStructInit                         0x08006e0f   Thumb Code    18  stm32f10x_tim.o(.text)
    TIM_BDTRStructInit                       0x08006e21   Thumb Code    40  stm32f10x_tim.o(.text)
    TIM_Cmd                                  0x08006e49   Thumb Code    24  stm32f10x_tim.o(.text)
    TIM_CtrlPWMOutputs                       0x08006e61   Thumb Code    30  stm32f10x_tim.o(.text)
    TIM_ITConfig                             0x08006e7f   Thumb Code    18  stm32f10x_tim.o(.text)
    TIM_GenerateEvent                        0x08006e91   Thumb Code     4  stm32f10x_tim.o(.text)
    TIM_DMAConfig                            0x08006e95   Thumb Code    10  stm32f10x_tim.o(.text)
    TIM_DMACmd                               0x08006e9f   Thumb Code    18  stm32f10x_tim.o(.text)
    TIM_InternalClockConfig                  0x08006eb1   Thumb Code    12  stm32f10x_tim.o(.text)
    TIM_SelectInputTrigger                   0x08006ebd   Thumb Code    18  stm32f10x_tim.o(.text)
    TIM_ITRxExternalClockConfig              0x08006ecf   Thumb Code    24  stm32f10x_tim.o(.text)
    TIM_TIxExternalClockConfig               0x08006ee7   Thumb Code    62  stm32f10x_tim.o(.text)
    TIM_ETRConfig                            0x08006f25   Thumb Code    28  stm32f10x_tim.o(.text)
    TIM_ETRClockMode1Config                  0x08006f41   Thumb Code    54  stm32f10x_tim.o(.text)
    TIM_ETRClockMode2Config                  0x08006f77   Thumb Code    32  stm32f10x_tim.o(.text)
    TIM_PrescalerConfig                      0x08006f97   Thumb Code     6  stm32f10x_tim.o(.text)
    TIM_CounterModeConfig                    0x08006f9d   Thumb Code    18  stm32f10x_tim.o(.text)
    TIM_EncoderInterfaceConfig               0x08006faf   Thumb Code    66  stm32f10x_tim.o(.text)
    TIM_ForcedOC1Config                      0x08006ff1   Thumb Code    18  stm32f10x_tim.o(.text)
    TIM_ForcedOC2Config                      0x08007003   Thumb Code    26  stm32f10x_tim.o(.text)
    TIM_ForcedOC3Config                      0x0800701d   Thumb Code    18  stm32f10x_tim.o(.text)
    TIM_ForcedOC4Config                      0x0800702f   Thumb Code    26  stm32f10x_tim.o(.text)
    TIM_ARRPreloadConfig                     0x08007049   Thumb Code    24  stm32f10x_tim.o(.text)
    TIM_SelectCOM                            0x08007061   Thumb Code    24  stm32f10x_tim.o(.text)
    TIM_SelectCCDMA                          0x08007079   Thumb Code    24  stm32f10x_tim.o(.text)
    TIM_CCPreloadControl                     0x08007091   Thumb Code    24  stm32f10x_tim.o(.text)
    TIM_OC1PreloadConfig                     0x080070a9   Thumb Code    18  stm32f10x_tim.o(.text)
    TIM_OC2PreloadConfig                     0x080070bb   Thumb Code    26  stm32f10x_tim.o(.text)
    TIM_OC3PreloadConfig                     0x080070d5   Thumb Code    18  stm32f10x_tim.o(.text)
    TIM_OC4PreloadConfig                     0x080070e7   Thumb Code    26  stm32f10x_tim.o(.text)
    TIM_OC1FastConfig                        0x08007101   Thumb Code    18  stm32f10x_tim.o(.text)
    TIM_OC2FastConfig                        0x08007113   Thumb Code    26  stm32f10x_tim.o(.text)
    TIM_OC3FastConfig                        0x0800712d   Thumb Code    18  stm32f10x_tim.o(.text)
    TIM_OC4FastConfig                        0x0800713f   Thumb Code    26  stm32f10x_tim.o(.text)
    TIM_ClearOC1Ref                          0x08007159   Thumb Code    18  stm32f10x_tim.o(.text)
    TIM_ClearOC2Ref                          0x0800716b   Thumb Code    24  stm32f10x_tim.o(.text)
    TIM_ClearOC3Ref                          0x08007183   Thumb Code    18  stm32f10x_tim.o(.text)
    TIM_ClearOC4Ref                          0x08007195   Thumb Code    24  stm32f10x_tim.o(.text)
    TIM_OC1PolarityConfig                    0x080071ad   Thumb Code    18  stm32f10x_tim.o(.text)
    TIM_OC1NPolarityConfig                   0x080071bf   Thumb Code    18  stm32f10x_tim.o(.text)
    TIM_OC2PolarityConfig                    0x080071d1   Thumb Code    26  stm32f10x_tim.o(.text)
    TIM_OC2NPolarityConfig                   0x080071eb   Thumb Code    26  stm32f10x_tim.o(.text)
    TIM_OC3PolarityConfig                    0x08007205   Thumb Code    26  stm32f10x_tim.o(.text)
    TIM_OC3NPolarityConfig                   0x0800721f   Thumb Code    26  stm32f10x_tim.o(.text)
    TIM_OC4PolarityConfig                    0x08007239   Thumb Code    26  stm32f10x_tim.o(.text)
    TIM_CCxCmd                               0x08007253   Thumb Code    30  stm32f10x_tim.o(.text)
    TIM_CCxNCmd                              0x08007271   Thumb Code    30  stm32f10x_tim.o(.text)
    TIM_SelectOCxM                           0x0800728f   Thumb Code    82  stm32f10x_tim.o(.text)
    TIM_UpdateDisableConfig                  0x080072e1   Thumb Code    24  stm32f10x_tim.o(.text)
    TIM_UpdateRequestConfig                  0x080072f9   Thumb Code    24  stm32f10x_tim.o(.text)
    TIM_SelectHallSensor                     0x08007311   Thumb Code    24  stm32f10x_tim.o(.text)
    TIM_SelectOnePulseMode                   0x08007329   Thumb Code    18  stm32f10x_tim.o(.text)
    TIM_SelectOutputTrigger                  0x0800733b   Thumb Code    18  stm32f10x_tim.o(.text)
    TIM_SelectSlaveMode                      0x0800734d   Thumb Code    18  stm32f10x_tim.o(.text)
    TIM_SelectMasterSlaveMode                0x0800735f   Thumb Code    18  stm32f10x_tim.o(.text)
    TIM_SetCounter                           0x08007371   Thumb Code     4  stm32f10x_tim.o(.text)
    TIM_SetAutoreload                        0x08007375   Thumb Code     4  stm32f10x_tim.o(.text)
    TIM_SetCompare1                          0x08007379   Thumb Code     4  stm32f10x_tim.o(.text)
    TIM_SetCompare2                          0x0800737d   Thumb Code     4  stm32f10x_tim.o(.text)
    TIM_SetCompare3                          0x08007381   Thumb Code     4  stm32f10x_tim.o(.text)
    TIM_SetCompare4                          0x08007385   Thumb Code     6  stm32f10x_tim.o(.text)
    TIM_SetClockDivision                     0x0800738b   Thumb Code    18  stm32f10x_tim.o(.text)
    TIM_GetCapture1                          0x0800739d   Thumb Code     6  stm32f10x_tim.o(.text)
    TIM_GetCapture2                          0x080073a3   Thumb Code     6  stm32f10x_tim.o(.text)
    TIM_GetCapture3                          0x080073a9   Thumb Code     6  stm32f10x_tim.o(.text)
    TIM_GetCapture4                          0x080073af   Thumb Code     8  stm32f10x_tim.o(.text)
    TIM_GetCounter                           0x080073b7   Thumb Code     6  stm32f10x_tim.o(.text)
    TIM_GetPrescaler                         0x080073bd   Thumb Code     6  stm32f10x_tim.o(.text)
    TIM_GetFlagStatus                        0x080073c3   Thumb Code    18  stm32f10x_tim.o(.text)
    TIM_ClearFlag                            0x080073d5   Thumb Code     6  stm32f10x_tim.o(.text)
    TIM_GetITStatus                          0x080073db   Thumb Code    34  stm32f10x_tim.o(.text)
    TIM_ClearITPendingBit                    0x080073fd   Thumb Code     6  stm32f10x_tim.o(.text)
    eMBInit                                  0x08007405   Thumb Code   222  mb.o(.text)
    eMBRegisterCB                            0x080074e3   Thumb Code   140  mb.o(.text)
    eMBClose                                 0x0800756f   Thumb Code    32  mb.o(.text)
    eMBEnable                                0x0800758f   Thumb Code    32  mb.o(.text)
    eMBDisable                               0x080075af   Thumb Code    42  mb.o(.text)
    eMBPoll                                  0x080075d9   Thumb Code   268  mb.o(.text)
    usMBCRC16                                0x08007761   Thumb Code    48  mbcrc.o(.text)
    eMBRTUInit                               0x08007799   Thumb Code    88  mbrtu.o(.text)
    eMBRTUStart                              0x080077f1   Thumb Code    34  mbrtu.o(.text)
    eMBRTUStop                               0x08007813   Thumb Code    28  mbrtu.o(.text)
    eMBRTUReceive                            0x0800782f   Thumb Code   118  mbrtu.o(.text)
    eMBRTUSend                               0x080078a5   Thumb Code   158  mbrtu.o(.text)
    xMBRTUReceiveFSM                         0x08007943   Thumb Code   140  mbrtu.o(.text)
    xMBRTUTransmitFSM                        0x080079cf   Thumb Code   116  mbrtu.o(.text)
    xMBRTUTimerT35Expired                    0x08007a43   Thumb Code    96  mbrtu.o(.text)
    eMBFuncReadCoils                         0x08007b51   Thumb Code   174  mbfunccoils.o(.text)
    eMBFuncWriteCoil                         0x08007bff   Thumb Code   112  mbfunccoils.o(.text)
    eMBFuncWriteMultipleCoils                0x08007c6f   Thumb Code   144  mbfunccoils.o(.text)
    eMBFuncReadDiscreteInputs                0x08007cff   Thumb Code   172  mbfuncdisc.o(.text)
    eMBFuncWriteHoldingRegister              0x08007dab   Thumb Code    66  mbfuncholding.o(.text)
    eMBFuncWriteMultipleHoldingRegister      0x08007ded   Thumb Code   110  mbfuncholding.o(.text)
    eMBFuncReadHoldingRegister               0x08007e5b   Thumb Code   140  mbfuncholding.o(.text)
    eMBFuncReadWriteMultipleHoldingRegister  0x08007ee7   Thumb Code   212  mbfuncholding.o(.text)
    eMBFuncReadInputRegister                 0x08007fbb   Thumb Code   140  mbfuncinput.o(.text)
    eMBSetSlaveID                            0x08008049   Thumb Code   110  mbfuncother.o(.text)
    eMBFuncReportSlaveID                     0x080080b7   Thumb Code    30  mbfuncother.o(.text)
    xMBUtilSetBits                           0x080080dd   Thumb Code   104  mbutils.o(.text)
    xMBUtilGetBits                           0x08008145   Thumb Code    42  mbutils.o(.text)
    prveMBError2Exception                    0x0800816f   Thumb Code    34  mbutils.o(.text)
    eMBASCIIInit                             0x080081cd   Thumb Code    72  mbascii.o(.text)
    eMBASCIIStart                            0x08008215   Thumb Code    34  mbascii.o(.text)
    eMBASCIIStop                             0x08008237   Thumb Code    28  mbascii.o(.text)
    eMBASCIIReceive                          0x08008273   Thumb Code   100  mbascii.o(.text)
    eMBASCIISend                             0x080082d7   Thumb Code   114  mbascii.o(.text)
    xMBASCIIReceiveFSM                       0x0800836f   Thumb Code   294  mbascii.o(.text)
    xMBASCIITransmitFSM                      0x080084c1   Thumb Code   240  mbascii.o(.text)
    xMBASCIITimerT1SExpired                  0x080085b1   Thumb Code   242  mbascii.o(.text)
    xMBPortEventInit                         0x080086b1   Thumb Code    10  portevent.o(.text)
    xMBPortEventPost                         0x080086bb   Thumb Code    16  portevent.o(.text)
    xMBPortEventGet                          0x080086cb   Thumb Code    26  portevent.o(.text)
    vMBPortSerialEnable                      0x080086ed   Thumb Code    96  portserial.o(.text)
    xMBPortSerialInit                        0x0800874d   Thumb Code   190  portserial.o(.text)
    xMBPortSerialPutByte                     0x0800880b   Thumb Code    46  portserial.o(.text)
    xMBPortSerialGetByte                     0x08008839   Thumb Code    16  portserial.o(.text)
    USART2_IRQHandler                        0x0800885d   Thumb Code    60  portserial.o(.text)
    xMBPortTimersInit                        0x080088b1   Thumb Code   126  porttimer.o(.text)
    vMBPortTimersEnable                      0x0800892f   Thumb Code    38  porttimer.o(.text)
    vMBPortTimersDisable                     0x08008955   Thumb Code    38  porttimer.o(.text)
    TIM4_IRQHandler                          0x08008985   Thumb Code    42  porttimer.o(.text)
    __2printf                                0x080089c1   Thumb Code    20  noretval__2printf.o(.text)
    __printf                                 0x080089d9   Thumb Code   104  __printf.o(.text)
    _printf_int_hex                          0x08008a41   Thumb Code    84  _printf_hex_int.o(.text)
    _printf_longlong_hex                     0x08008a41   Thumb Code     0  _printf_hex_int.o(.text)
    __aeabi_assert                           0x08008a99   Thumb Code    86  assert.o(.text)
    __assert                                 0x08008a99   Thumb Code     0  assert.o(.text)
    __aeabi_memcpy                           0x08008b19   Thumb Code     0  rt_memcpy_v6.o(.text)
    __rt_memcpy                              0x08008b19   Thumb Code   138  rt_memcpy_v6.o(.text)
    _memcpy_lastbytes                        0x08008b7f   Thumb Code     0  rt_memcpy_v6.o(.text)
    __use_two_region_memory                  0x08008ba3   Thumb Code     2  heapauxi.o(.text)
    __rt_heap_escrow                         0x08008ba5   Thumb Code     2  heapauxi.o(.text)
    __rt_heap_expand                         0x08008ba7   Thumb Code     2  heapauxi.o(.text)
    _printf_int_common                       0x08008ba9   Thumb Code   178  _printf_intcommon.o(.text)
    _printf_char_file                        0x08008c5d   Thumb Code    32  _printf_char_file.o(.text)
    abort                                    0x08008c81   Thumb Code    22  abort.o(.text)
    __aeabi_memcpy4                          0x08008c97   Thumb Code     0  rt_memcpy_w.o(.text)
    __aeabi_memcpy8                          0x08008c97   Thumb Code     0  rt_memcpy_w.o(.text)
    __rt_memcpy_w                            0x08008c97   Thumb Code   100  rt_memcpy_w.o(.text)
    _memcpy_lastbytes_aligned                0x08008cdf   Thumb Code     0  rt_memcpy_w.o(.text)
    _ttywrch                                 0x08008cfb   Thumb Code    14  sys_wrch.o(.text)
    _sys_exit                                0x08008d09   Thumb Code     8  sys_exit.o(.text)
    _printf_char_common                      0x08008d1f   Thumb Code    32  _printf_char_common.o(.text)
    ferror                                   0x08008d45   Thumb Code     8  ferror.o(.text)
    _initio                                  0x08008d4d   Thumb Code   210  initio.o(.text)
    _terminateio                             0x08008e1f   Thumb Code    56  initio.o(.text)
    __rt_SIGABRT                             0x08008e85   Thumb Code    14  defsig_abrt_outer.o(.text)
    _sys_open                                0x08008e93   Thumb Code    20  sys_io.o(.text)
    _sys_close                               0x08008ea7   Thumb Code    12  sys_io.o(.text)
    _sys_write                               0x08008eb3   Thumb Code    16  sys_io.o(.text)
    _sys_read                                0x08008ec3   Thumb Code    14  sys_io.o(.text)
    _sys_istty                               0x08008ed1   Thumb Code    12  sys_io.o(.text)
    _sys_seek                                0x08008edd   Thumb Code    14  sys_io.o(.text)
    _sys_ensure                              0x08008eeb   Thumb Code     2  sys_io.o(.text)
    _sys_flen                                0x08008eed   Thumb Code    12  sys_io.o(.text)
    __I$use$semihosting                      0x08008ef9   Thumb Code     0  use_no_semi.o(.text)
    __use_no_semihosting_swi                 0x08008ef9   Thumb Code     2  use_no_semi.o(.text)
    __semihosting_library_function           0x08008efb   Thumb Code     0  indicate_semi.o(.text)
    __user_setup_stackheap                   0x08008efb   Thumb Code    74  sys_stackheap_outer.o(.text)
    free                                     0x08008f45   Thumb Code    78  h1_free.o(.text)
    __flsbuf                                 0x08008f93   Thumb Code   470  flsbuf.o(.text)
    __flsbuf_byte                            0x08008f93   Thumb Code     0  flsbuf.o(.text)
    __flsbuf_wide                            0x08008f93   Thumb Code     0  flsbuf.o(.text)
    setvbuf                                  0x08009169   Thumb Code    70  setvbuf.o(.text)
    freopen                                  0x080091b1   Thumb Code   158  fopen.o(.text)
    fopen                                    0x0800924f   Thumb Code    74  fopen.o(.text)
    _fclose_internal                         0x0800929d   Thumb Code    76  fclose.o(.text)
    fclose                                   0x0800929d   Thumb Code     0  fclose.o(.text)
    exit                                     0x080092e9   Thumb Code    18  exit.o(.text)
    __sig_exit                               0x080092fb   Thumb Code    10  defsig_exit.o(.text)
    __rt_SIGABRT_inner                       0x08009305   Thumb Code    14  defsig_abrt_inner.o(.text)
    __rt_SIGRTRED                            0x08009335   Thumb Code    14  defsig_rtred_outer.o(.text)
    __aeabi_memclr4                          0x08009343   Thumb Code     0  rt_memclr_w.o(.text)
    __aeabi_memclr8                          0x08009343   Thumb Code     0  rt_memclr_w.o(.text)
    __rt_memclr_w                            0x08009343   Thumb Code    78  rt_memclr_w.o(.text)
    _memset_w                                0x08009347   Thumb Code     0  rt_memclr_w.o(.text)
    __user_libspace                          0x08009391   Thumb Code     8  libspace.o(.text)
    __user_perproc_libspace                  0x08009391   Thumb Code     0  libspace.o(.text)
    __user_perthread_libspace                0x08009391   Thumb Code     0  libspace.o(.text)
    __rt_heap_descriptor                     0x08009399   Thumb Code     8  rt_heap_descriptor_intlibspace.o(.text)
    __use_no_heap                            0x080093a1   Thumb Code     2  hguard.o(.text)
    __heap$guard                             0x080093a3   Thumb Code     2  hguard.o(.text)
    _terminate_user_alloc                    0x080093a5   Thumb Code     2  init_alloc.o(.text)
    _init_user_alloc                         0x080093a7   Thumb Code     2  init_alloc.o(.text)
    __Heap_Full                              0x080093a9   Thumb Code    34  init_alloc.o(.text)
    __Heap_Broken                            0x080093cb   Thumb Code     6  init_alloc.o(.text)
    _init_alloc                              0x080093d1   Thumb Code    94  init_alloc.o(.text)
    malloc                                   0x0800942f   Thumb Code    94  h1_alloc.o(.text)
    _fseek                                   0x0800948d   Thumb Code   242  fseek.o(.text)
    fseek                                    0x0800948d   Thumb Code     0  fseek.o(.text)
    _seterr                                  0x08009585   Thumb Code    20  stdio.o(.text)
    _writebuf                                0x08009599   Thumb Code    84  stdio.o(.text)
    _fflush                                  0x080095ed   Thumb Code    70  stdio.o(.text)
    _deferredlazyseek                        0x08009633   Thumb Code    60  stdio.o(.text)
    __default_signal_display                 0x08009675   Thumb Code    50  defsig_general.o(.text)
    __rt_SIGRTRED_inner                      0x080096a9   Thumb Code    14  defsig_rtred_inner.o(.text)
    __assert_puts                            0x080096dd   Thumb Code    18  assert_stdio.o(.text)
    strlen                                   0x080096f5   Thumb Code    62  strlen.o(.text)
    __Heap_Initialize                        0x08009733   Thumb Code    10  h1_init.o(.text)
    __Heap_DescSize                          0x0800973d   Thumb Code     4  h1_init.o(.text)
    __Heap_ProvideMemory                     0x08009741   Thumb Code    52  h1_extend.o(.text)
    _do_fflush                               0x08009775   Thumb Code    54  fflush.o(.text)
    fflush                                   0x080097ab   Thumb Code    42  fflush.o(.text)
    fputs                                    0x080097d9   Thumb Code    34  fputs.o(.text)
    _ftell_internal                          0x080097fb   Thumb Code    66  ftell.o(.text)
    ftell                                    0x080097fb   Thumb Code     0  ftell.o(.text)
    __rt_SIGRTMEM                            0x0800983d   Thumb Code    14  defsig_rtmem_outer.o(.text)
    __aeabi_errno_addr                       0x0800984d   Thumb Code     8  rt_errno_addr_intlibspace.o(.text)
    __errno$intlibspace                      0x0800984d   Thumb Code     0  rt_errno_addr_intlibspace.o(.text)
    __rt_errno_addr$intlibspace              0x0800984d   Thumb Code     0  rt_errno_addr_intlibspace.o(.text)
    __rt_SIGRTMEM_inner                      0x08009855   Thumb Code    22  defsig_rtmem_inner.o(.text)
    fputc                                    0x080098a5   Thumb Code    26  fputc.o(i.fputc)
    __aeabi_d2uiz                            0x080098c1   Thumb Code     0  dfixu.o(x$fpl$dfixu)
    _dfixu                                   0x080098c1   Thumb Code    90  dfixu.o(x$fpl$dfixu)
    __aeabi_ui2d                             0x0800991b   Thumb Code     0  dflt_clz.o(x$fpl$dfltu)
    _dfltu                                   0x0800991b   Thumb Code    38  dflt_clz.o(x$fpl$dfltu)
    __aeabi_dmul                             0x08009941   Thumb Code     0  dmul.o(x$fpl$dmul)
    _dmul                                    0x08009941   Thumb Code   332  dmul.o(x$fpl$dmul)
    __fpl_dnaninf                            0x08009a95   Thumb Code   156  dnaninf.o(x$fpl$dnaninf)
    __fpl_dretinf                            0x08009b31   Thumb Code    12  dretinf.o(x$fpl$dretinf)
    __I$use$fp                               0x08009b3c   Number         0  usenofp.o(x$fpl$usenofp)
    asc2_1206                                0x08009b3c   Data        1140  lcd.o(.constdata)
    asc2_1608                                0x08009fb0   Data        1520  lcd.o(.constdata)
    asc2_2412                                0x0800a5a0   Data        3420  lcd.o(.constdata)
    __stdin_name                             0x0800b524   Data           4  sys_io.o(.constdata)
    __stdout_name                            0x0800b528   Data           4  sys_io.o(.constdata)
    __stderr_name                            0x0800b52c   Data           4  sys_io.o(.constdata)
    Region$$Table$$Base                      0x0800b5d8   Number         0  anon$$obj.o(Region$$Table)
    Region$$Table$$Limit                     0x0800b5f8   Number         0  anon$$obj.o(Region$$Table)
    usRegInputBuf                            0x20000000   Data          32  main.o(.data)
    usRegInputStart                          0x20000020   Data           2  main.o(.data)
    usRegHoldingBuf                          0x20000022   Data          32  main.o(.data)
    usRegHoldingStart                        0x20000042   Data           2  main.o(.data)
    ucRegCoilsBuf                            0x20000044   Data           2  main.o(.data)
    ucRegDiscreteBuf                         0x20000046   Data           2  main.o(.data)
    SystemCoreClock                          0x20000048   Data           4  system_stm32f10x.o(.data)
    AHBPrescTable                            0x2000004c   Data          16  system_stm32f10x.o(.data)
    POINT_COLOR                              0x2000005e   Data           2  lcd.o(.data)
    BACK_COLOR                               0x20000060   Data           2  lcd.o(.data)
    pxMBFrameCBByteReceived                  0x20000094   Data           4  mb.o(.data)
    pxMBFrameCBTransmitterEmpty              0x20000098   Data           4  mb.o(.data)
    pxMBPortCBTimerExpired                   0x2000009c   Data           4  mb.o(.data)
    pxMBFrameCBReceiveFSMCur                 0x200000a0   Data           4  mb.o(.data)
    pxMBFrameCBTransmitFSMCur                0x200000a4   Data           4  mb.o(.data)
    __aeabi_stdin                            0x2000015c   Data           4  stdio_streams.o(.data)
    __aeabi_stdout                           0x20000160   Data           4  stdio_streams.o(.data)
    __aeabi_stderr                           0x20000164   Data           4  stdio_streams.o(.data)
    lcddev                                   0x20000168   Data          14  lcd.o(.bss)
    ucRTUBuf                                 0x20000176   Data         256  mbrtu.o(.bss)
    __stdin                                  0x20000298   Data          84  stdio_streams.o(.bss)
    __stdout                                 0x200002ec   Data          84  stdio_streams.o(.bss)
    __stderr                                 0x20000340   Data          84  stdio_streams.o(.bss)
    __libspace_start                         0x20000394   Data          96  libspace.o(.bss)
    __temporary_stack_top$libspace           0x200003f4   Data           0  libspace.o(.bss)



==============================================================================

Memory Map of the image

  Image Entry point : 0x08000131

  Load Region LR_IROM1 (Base: 0x08000000, Size: 0x0000b760, Max: 0x00080000, ABSOLUTE, COMPRESSED[0x0000b678])

    Execution Region ER_IROM1 (Exec base: 0x08000000, Load base: 0x08000000, Size: 0x0000b5f8, Max: 0x00080000, ABSOLUTE)

    Exec Addr    Load Addr    Size         Type   Attr      Idx    E Section Name        Object

    0x08000000   0x08000000   0x00000130   Data   RO          303    RESET               startup_stm32f10x_hd.o
    0x08000130   0x08000130   0x00000008   Code   RO          675  * !!!main             c_w.l(__main.o)
    0x08000138   0x08000138   0x00000034   Code   RO         1051    !!!scatter          c_w.l(__scatter.o)
    0x0800016c   0x0800016c   0x0000005a   Code   RO         1049    !!dczerorl2         c_w.l(__dczerorl2.o)
    0x080001c6   0x080001c6   0x00000002   PAD
    0x080001c8   0x080001c8   0x0000001c   Code   RO         1053    !!handler_zi        c_w.l(__scatter_zi.o)
    0x080001e4   0x080001e4   0x00000000   Code   RO          668    .ARM.Collect$$_printf_percent$$00000000  c_w.l(_printf_percent.o)
    0x080001e4   0x080001e4   0x00000006   Code   RO          667    .ARM.Collect$$_printf_percent$$0000000C  c_w.l(_printf_x.o)
    0x080001ea   0x080001ea   0x00000004   Code   RO          694    .ARM.Collect$$_printf_percent$$00000017  c_w.l(_printf_percent_end.o)
    0x080001ee   0x080001ee   0x00000002   Code   RO          853    .ARM.Collect$$libinit$$00000000  c_w.l(libinit.o)
    0x080001f0   0x080001f0   0x00000000   Code   RO          855    .ARM.Collect$$libinit$$00000002  c_w.l(libinit2.o)
    0x080001f0   0x080001f0   0x00000000   Code   RO          857    .ARM.Collect$$libinit$$00000004  c_w.l(libinit2.o)
    0x080001f0   0x080001f0   0x00000008   Code   RO          858    .ARM.Collect$$libinit$$00000005  c_w.l(libinit2.o)
    0x080001f8   0x080001f8   0x00000000   Code   RO          860    .ARM.Collect$$libinit$$0000000A  c_w.l(libinit2.o)
    0x080001f8   0x080001f8   0x00000000   Code   RO          862    .ARM.Collect$$libinit$$0000000C  c_w.l(libinit2.o)
    0x080001f8   0x080001f8   0x00000000   Code   RO          864    .ARM.Collect$$libinit$$0000000E  c_w.l(libinit2.o)
    0x080001f8   0x080001f8   0x00000000   Code   RO          867    .ARM.Collect$$libinit$$00000011  c_w.l(libinit2.o)
    0x080001f8   0x080001f8   0x00000000   Code   RO          869    .ARM.Collect$$libinit$$00000013  c_w.l(libinit2.o)
    0x080001f8   0x080001f8   0x00000000   Code   RO          871    .ARM.Collect$$libinit$$00000015  c_w.l(libinit2.o)
    0x080001f8   0x080001f8   0x00000000   Code   RO          873    .ARM.Collect$$libinit$$00000017  c_w.l(libinit2.o)
    0x080001f8   0x080001f8   0x00000000   Code   RO          875    .ARM.Collect$$libinit$$00000019  c_w.l(libinit2.o)
    0x080001f8   0x080001f8   0x00000000   Code   RO          877    .ARM.Collect$$libinit$$0000001B  c_w.l(libinit2.o)
    0x080001f8   0x080001f8   0x00000000   Code   RO          879    .ARM.Collect$$libinit$$0000001D  c_w.l(libinit2.o)
    0x080001f8   0x080001f8   0x00000000   Code   RO          881    .ARM.Collect$$libinit$$0000001F  c_w.l(libinit2.o)
    0x080001f8   0x080001f8   0x00000000   Code   RO          883    .ARM.Collect$$libinit$$00000021  c_w.l(libinit2.o)
    0x080001f8   0x080001f8   0x00000000   Code   RO          885    .ARM.Collect$$libinit$$00000023  c_w.l(libinit2.o)
    0x080001f8   0x080001f8   0x00000004   Code   RO          886    .ARM.Collect$$libinit$$00000024  c_w.l(libinit2.o)
    0x080001fc   0x080001fc   0x00000000   Code   RO          887    .ARM.Collect$$libinit$$00000025  c_w.l(libinit2.o)
    0x080001fc   0x080001fc   0x00000000   Code   RO          891    .ARM.Collect$$libinit$$0000002C  c_w.l(libinit2.o)
    0x080001fc   0x080001fc   0x00000000   Code   RO          893    .ARM.Collect$$libinit$$0000002E  c_w.l(libinit2.o)
    0x080001fc   0x080001fc   0x00000000   Code   RO          895    .ARM.Collect$$libinit$$00000030  c_w.l(libinit2.o)
    0x080001fc   0x080001fc   0x00000000   Code   RO          897    .ARM.Collect$$libinit$$00000032  c_w.l(libinit2.o)
    0x080001fc   0x080001fc   0x00000002   Code   RO          898    .ARM.Collect$$libinit$$00000033  c_w.l(libinit2.o)
    0x080001fe   0x080001fe   0x00000002   Code   RO         1042    .ARM.Collect$$libshutdown$$00000000  c_w.l(libshutdown.o)
    0x08000200   0x08000200   0x00000000   Code   RO          900    .ARM.Collect$$libshutdown$$00000002  c_w.l(libshutdown2.o)
    0x08000200   0x08000200   0x00000004   Code   RO          901    .ARM.Collect$$libshutdown$$00000003  c_w.l(libshutdown2.o)
    0x08000204   0x08000204   0x00000000   Code   RO          902    .ARM.Collect$$libshutdown$$00000004  c_w.l(libshutdown2.o)
    0x08000204   0x08000204   0x00000000   Code   RO          905    .ARM.Collect$$libshutdown$$00000007  c_w.l(libshutdown2.o)
    0x08000204   0x08000204   0x00000000   Code   RO          908    .ARM.Collect$$libshutdown$$0000000A  c_w.l(libshutdown2.o)
    0x08000204   0x08000204   0x00000000   Code   RO          910    .ARM.Collect$$libshutdown$$0000000C  c_w.l(libshutdown2.o)
    0x08000204   0x08000204   0x00000000   Code   RO          913    .ARM.Collect$$libshutdown$$0000000F  c_w.l(libshutdown2.o)
    0x08000204   0x08000204   0x00000002   Code   RO          914    .ARM.Collect$$libshutdown$$00000010  c_w.l(libshutdown2.o)
    0x08000206   0x08000206   0x00000000   Code   RO          689    .ARM.Collect$$rtentry$$00000000  c_w.l(__rtentry.o)
    0x08000206   0x08000206   0x00000000   Code   RO          717    .ARM.Collect$$rtentry$$00000002  c_w.l(__rtentry2.o)
    0x08000206   0x08000206   0x00000006   Code   RO          729    .ARM.Collect$$rtentry$$00000004  c_w.l(__rtentry4.o)
    0x0800020c   0x0800020c   0x00000000   Code   RO          719    .ARM.Collect$$rtentry$$00000009  c_w.l(__rtentry2.o)
    0x0800020c   0x0800020c   0x00000004   Code   RO          720    .ARM.Collect$$rtentry$$0000000A  c_w.l(__rtentry2.o)
    0x08000210   0x08000210   0x00000000   Code   RO          722    .ARM.Collect$$rtentry$$0000000C  c_w.l(__rtentry2.o)
    0x08000210   0x08000210   0x00000008   Code   RO          723    .ARM.Collect$$rtentry$$0000000D  c_w.l(__rtentry2.o)
    0x08000218   0x08000218   0x00000002   Code   RO          920    .ARM.Collect$$rtexit$$00000000  c_w.l(rtexit.o)
    0x0800021a   0x0800021a   0x00000000   Code   RO          974    .ARM.Collect$$rtexit$$00000002  c_w.l(rtexit2.o)
    0x0800021a   0x0800021a   0x00000004   Code   RO          975    .ARM.Collect$$rtexit$$00000003  c_w.l(rtexit2.o)
    0x0800021e   0x0800021e   0x00000006   Code   RO          976    .ARM.Collect$$rtexit$$00000004  c_w.l(rtexit2.o)
    0x08000224   0x08000224   0x00000000   Code   RO          980    .emb_text           c_w.l(maybetermalloc1.o)
    0x08000224   0x08000224   0x00000320   Code   RO            1    .text               main.o
    0x08000544   0x08000544   0x0000001a   Code   RO          153    .text               stm32f10x_it.o
    0x0800055e   0x0800055e   0x00000002   PAD
    0x08000560   0x08000560   0x000001e0   Code   RO          194    .text               system_stm32f10x.o
    0x08000740   0x08000740   0x0000004c   Code   RO          212    .text               led.o
    0x0800078c   0x0800078c   0x000000fc   Code   RO          224    .text               key.o
    0x08000888   0x08000888   0x00004a5c   Code   RO          237    .text               lcd.o
    0x080052e4   0x080052e4   0x000000d4   Code   RO          260    .text               delay.o
    0x080053b8   0x080053b8   0x00000040   Code   RO          304    .text               startup_stm32f10x_hd.o
    0x080053f8   0x080053f8   0x000000dc   Code   RO          308    .text               misc.o
    0x080054d4   0x080054d4   0x0000060c   Code   RO          320    .text               stm32f10x_fsmc.o
    0x08005ae0   0x08005ae0   0x0000035c   Code   RO          332    .text               stm32f10x_gpio.o
    0x08005e3c   0x08005e3c   0x000003a4   Code   RO          344    .text               stm32f10x_rcc.o
    0x080061e0   0x080061e0   0x00000408   Code   RO          358    .text               stm32f10x_usart.o
    0x080065e8   0x080065e8   0x00000e1a   Code   RO          370    .text               stm32f10x_tim.o
    0x08007402   0x08007402   0x00000002   PAD
    0x08007404   0x08007404   0x0000035c   Code   RO          382    .text               mb.o
    0x08007760   0x08007760   0x00000038   Code   RO          422    .text               mbcrc.o
    0x08007798   0x08007798   0x000003b8   Code   RO          439    .text               mbrtu.o
    0x08007b50   0x08007b50   0x000001ae   Code   RO          459    .text               mbfunccoils.o
    0x08007cfe   0x08007cfe   0x000000ac   Code   RO          480    .text               mbfuncdisc.o
    0x08007daa   0x08007daa   0x00000210   Code   RO          498    .text               mbfuncholding.o
    0x08007fba   0x08007fba   0x0000008c   Code   RO          516    .text               mbfuncinput.o
    0x08008046   0x08008046   0x00000002   PAD
    0x08008048   0x08008048   0x00000094   Code   RO          534    .text               mbfuncother.o
    0x080080dc   0x080080dc   0x000000f0   Code   RO          549    .text               mbutils.o
    0x080081cc   0x080081cc   0x000004e4   Code   RO          561    .text               mbascii.o
    0x080086b0   0x080086b0   0x0000003c   Code   RO          577    .text               portevent.o
    0x080086ec   0x080086ec   0x000001c4   Code   RO          591    .text               portserial.o
    0x080088b0   0x080088b0   0x00000110   Code   RO          606    .text               porttimer.o
    0x080089c0   0x080089c0   0x00000018   Code   RO          622    .text               c_w.l(noretval__2printf.o)
    0x080089d8   0x080089d8   0x00000068   Code   RO          624    .text               c_w.l(__printf.o)
    0x08008a40   0x08008a40   0x00000058   Code   RO          629    .text               c_w.l(_printf_hex_int.o)
    0x08008a98   0x08008a98   0x00000080   Code   RO          669    .text               c_w.l(assert.o)
    0x08008b18   0x08008b18   0x0000008a   Code   RO          671    .text               c_w.l(rt_memcpy_v6.o)
    0x08008ba2   0x08008ba2   0x00000006   Code   RO          673    .text               c_w.l(heapauxi.o)
    0x08008ba8   0x08008ba8   0x000000b2   Code   RO          690    .text               c_w.l(_printf_intcommon.o)
    0x08008c5a   0x08008c5a   0x00000002   PAD
    0x08008c5c   0x08008c5c   0x00000024   Code   RO          692    .text               c_w.l(_printf_char_file.o)
    0x08008c80   0x08008c80   0x00000016   Code   RO          701    .text               c_w.l(abort.o)
    0x08008c96   0x08008c96   0x00000064   Code   RO          705    .text               c_w.l(rt_memcpy_w.o)
    0x08008cfa   0x08008cfa   0x0000000e   Code   RO          712    .text               c_w.l(sys_wrch.o)
    0x08008d08   0x08008d08   0x0000000c   Code   RO          714    .text               c_w.l(sys_exit.o)
    0x08008d14   0x08008d14   0x00000030   Code   RO          731    .text               c_w.l(_printf_char_common.o)
    0x08008d44   0x08008d44   0x00000008   Code   RO          733    .text               c_w.l(ferror.o)
    0x08008d4c   0x08008d4c   0x00000138   Code   RO          739    .text               c_w.l(initio.o)
    0x08008e84   0x08008e84   0x0000000e   Code   RO          747    .text               c_w.l(defsig_abrt_outer.o)
    0x08008e92   0x08008e92   0x00000066   Code   RO          751    .text               c_w.l(sys_io.o)
    0x08008ef8   0x08008ef8   0x00000002   Code   RO          756    .text               c_w.l(use_no_semi.o)
    0x08008efa   0x08008efa   0x00000000   Code   RO          760    .text               c_w.l(indicate_semi.o)
    0x08008efa   0x08008efa   0x0000004a   Code   RO          761    .text               c_w.l(sys_stackheap_outer.o)
    0x08008f44   0x08008f44   0x0000004e   Code   RO          767    .text               c_w.l(h1_free.o)
    0x08008f92   0x08008f92   0x000001d6   Code   RO          823    .text               c_w.l(flsbuf.o)
    0x08009168   0x08009168   0x00000046   Code   RO          825    .text               c_w.l(setvbuf.o)
    0x080091ae   0x080091ae   0x00000002   PAD
    0x080091b0   0x080091b0   0x000000ec   Code   RO          828    .text               c_w.l(fopen.o)
    0x0800929c   0x0800929c   0x0000004c   Code   RO          830    .text               c_w.l(fclose.o)
    0x080092e8   0x080092e8   0x00000012   Code   RO          836    .text               c_w.l(exit.o)
    0x080092fa   0x080092fa   0x0000000a   Code   RO          838    .text               c_w.l(defsig_exit.o)
    0x08009304   0x08009304   0x00000030   Code   RO          840    .text               c_w.l(defsig_abrt_inner.o)
    0x08009334   0x08009334   0x0000000e   Code   RO          842    .text               c_w.l(defsig_rtred_outer.o)
    0x08009342   0x08009342   0x0000004e   Code   RO          846    .text               c_w.l(rt_memclr_w.o)
    0x08009390   0x08009390   0x00000008   Code   RO          917    .text               c_w.l(libspace.o)
    0x08009398   0x08009398   0x00000008   Code   RO          925    .text               c_w.l(rt_heap_descriptor_intlibspace.o)
    0x080093a0   0x080093a0   0x00000004   Code   RO          927    .text               c_w.l(hguard.o)
    0x080093a4   0x080093a4   0x0000008a   Code   RO          929    .text               c_w.l(init_alloc.o)
    0x0800942e   0x0800942e   0x0000005e   Code   RO          935    .text               c_w.l(h1_alloc.o)
    0x0800948c   0x0800948c   0x000000f8   Code   RO          951    .text               c_w.l(fseek.o)
    0x08009584   0x08009584   0x000000f0   Code   RO          953    .text               c_w.l(stdio.o)
    0x08009674   0x08009674   0x00000032   Code   RO          961    .text               c_w.l(defsig_general.o)
    0x080096a6   0x080096a6   0x00000002   PAD
    0x080096a8   0x080096a8   0x00000034   Code   RO          963    .text               c_w.l(defsig_rtred_inner.o)
    0x080096dc   0x080096dc   0x00000018   Code   RO          965    .text               c_w.l(assert_stdio.o)
    0x080096f4   0x080096f4   0x0000003e   Code   RO          967    .text               c_w.l(strlen.o)
    0x08009732   0x08009732   0x0000000e   Code   RO          982    .text               c_w.l(h1_init.o)
    0x08009740   0x08009740   0x00000034   Code   RO          984    .text               c_w.l(h1_extend.o)
    0x08009774   0x08009774   0x00000064   Code   RO          990    .text               c_w.l(fflush.o)
    0x080097d8   0x080097d8   0x00000022   Code   RO          992    .text               c_w.l(fputs.o)
    0x080097fa   0x080097fa   0x00000042   Code   RO          994    .text               c_w.l(ftell.o)
    0x0800983c   0x0800983c   0x0000000e   Code   RO         1000    .text               c_w.l(defsig_rtmem_outer.o)
    0x0800984a   0x0800984a   0x00000002   PAD
    0x0800984c   0x0800984c   0x00000008   Code   RO         1020    .text               c_w.l(rt_errno_addr_intlibspace.o)
    0x08009854   0x08009854   0x00000050   Code   RO         1028    .text               c_w.l(defsig_rtmem_inner.o)
    0x080098a4   0x080098a4   0x0000001a   Code   RO          736    i.fputc             c_w.l(fputc.o)
    0x080098be   0x080098be   0x00000002   PAD
    0x080098c0   0x080098c0   0x0000005a   Code   RO          677    x$fpl$dfixu         fz_ws.l(dfixu.o)
    0x0800991a   0x0800991a   0x00000026   Code   RO          681    x$fpl$dfltu         fz_ws.l(dflt_clz.o)
    0x08009940   0x08009940   0x00000154   Code   RO          687    x$fpl$dmul          fz_ws.l(dmul.o)
    0x08009a94   0x08009a94   0x0000009c   Code   RO          707    x$fpl$dnaninf       fz_ws.l(dnaninf.o)
    0x08009b30   0x08009b30   0x0000000c   Code   RO          709    x$fpl$dretinf       fz_ws.l(dretinf.o)
    0x08009b3c   0x08009b3c   0x00000000   Code   RO          711    x$fpl$usenofp       fz_ws.l(usenofp.o)
    0x08009b3c   0x08009b3c   0x000017c0   Data   RO          239    .constdata          lcd.o
    0x0800b2fc   0x0800b2fc   0x00000200   Data   RO          423    .constdata          mbcrc.o
    0x0800b4fc   0x0800b4fc   0x00000028   Data   RO          630    .constdata          c_w.l(_printf_hex_int.o)
    0x0800b524   0x0800b524   0x00000004   Data   RO          752    .constdata          c_w.l(sys_io.o)
    0x0800b528   0x0800b528   0x00000004   Data   RO          753    .constdata          c_w.l(sys_io.o)
    0x0800b52c   0x0800b52c   0x00000004   Data   RO          754    .constdata          c_w.l(sys_io.o)
    0x0800b530   0x0800b530   0x00000063   Data   RO          441    .conststring        mbrtu.o
    0x0800b593   0x0800b593   0x00000001   PAD
    0x0800b594   0x0800b594   0x00000044   Data   RO          562    .conststring        mbascii.o
    0x0800b5d8   0x0800b5d8   0x00000020   Data   RO         1047    Region$$Table       anon$$obj.o


    Execution Region RW_IRAM1 (Exec base: 0x20000000, Load base: 0x0800b5f8, Size: 0x000009f8, Max: 0x00010000, ABSOLUTE, COMPRESSED[0x00000080])

    Exec Addr    Load Addr    Size         Type   Attr      Idx    E Section Name        Object

    0x20000000   COMPRESSED   0x00000048   Data   RW            2    .data               main.o
    0x20000048   COMPRESSED   0x00000014   Data   RW          195    .data               system_stm32f10x.o
    0x2000005c   COMPRESSED   0x00000001   Data   RW          225    .data               key.o
    0x2000005d   COMPRESSED   0x00000001   PAD
    0x2000005e   COMPRESSED   0x00000004   Data   RW          240    .data               lcd.o
    0x20000062   COMPRESSED   0x00000004   Data   RW          261    .data               delay.o
    0x20000066   COMPRESSED   0x00000014   Data   RW          345    .data               stm32f10x_rcc.o
    0x2000007a   COMPRESSED   0x00000002   PAD
    0x2000007c   COMPRESSED   0x000000b5   Data   RW          383    .data               mb.o
    0x20000131   COMPRESSED   0x00000003   PAD
    0x20000134   COMPRESSED   0x0000000c   Data   RW          442    .data               mbrtu.o
    0x20000140   COMPRESSED   0x00000002   Data   RW          536    .data               mbfuncother.o
    0x20000142   COMPRESSED   0x00000002   PAD
    0x20000144   COMPRESSED   0x00000014   Data   RW          563    .data               mbascii.o
    0x20000158   COMPRESSED   0x00000002   Data   RW          578    .data               portevent.o
    0x2000015a   COMPRESSED   0x00000002   PAD
    0x2000015c   COMPRESSED   0x00000004   Data   RW          698    .data               c_w.l(stdio_streams.o)
    0x20000160   COMPRESSED   0x00000004   Data   RW          699    .data               c_w.l(stdio_streams.o)
    0x20000164   COMPRESSED   0x00000004   Data   RW          700    .data               c_w.l(stdio_streams.o)
    0x20000168        -       0x0000000e   Zero   RW          238    .bss                lcd.o
    0x20000176        -       0x00000100   Zero   RW          440    .bss                mbrtu.o
    0x20000276        -       0x00000020   Zero   RW          535    .bss                mbfuncother.o
    0x20000296   COMPRESSED   0x00000002   PAD
    0x20000298        -       0x00000054   Zero   RW          695    .bss                c_w.l(stdio_streams.o)
    0x200002ec        -       0x00000054   Zero   RW          696    .bss                c_w.l(stdio_streams.o)
    0x20000340        -       0x00000054   Zero   RW          697    .bss                c_w.l(stdio_streams.o)
    0x20000394        -       0x00000060   Zero   RW          918    .bss                c_w.l(libspace.o)
    0x200003f4   COMPRESSED   0x00000004   PAD
    0x200003f8        -       0x00000200   Zero   RW          302    HEAP                startup_stm32f10x_hd.o
    0x200005f8        -       0x00000400   Zero   RW          301    STACK               startup_stm32f10x_hd.o


==============================================================================

Image component sizes


      Code (inc. data)   RO Data    RW Data    ZI Data      Debug   Object Name

       212         18          0          4          0       1123   delay.o
       252         12          0          1          0        884   key.o
     19036        162       6080          4         14      22458   lcd.o
        76          8          0          0          0        539   led.o
       800        132          0         72          0     268318   main.o
       860        124          0        181          0      20385   mb.o
      1252        186         68         20          0       5213   mbascii.o
        56          8        512          0          0       1364   mbcrc.o
       430          0          0          0          0       3142   mbfunccoils.o
       172          0          0          0          0       1708   mbfuncdisc.o
       528          0          0          0          0       4013   mbfuncholding.o
       140          0          0          0          0       1655   mbfuncinput.o
       148          8          0          2         32       1965   mbfuncother.o
       952        168         99         12        256       4141   mbrtu.o
       240         60          0          0          0       2078   mbutils.o
       220         22          0          0          0       1881   misc.o
        60          8          0          2          0       1648   portevent.o
       452         24          0          0          0       2536   portserial.o
       272         18          0          0          0       1301   porttimer.o
        64         26        304          0       1536        816   startup_stm32f10x_hd.o
      1548         18          0          0          0       5459   stm32f10x_fsmc.o
       860         38          0          0          0       5813   stm32f10x_gpio.o
        26          0          0          0          0       1222   stm32f10x_it.o
       932         36          0         20          0       9032   stm32f10x_rcc.o
      3610         88          0          0          0      22920   stm32f10x_tim.o
      1032         22          0          0          0       8540   stm32f10x_usart.o
         0          0          0          0          0         32   sys.o
       480         38          0         20          0       1863   system_stm32f10x.o

    ----------------------------------------------------------------------
     34716       1224       7096        348       1840     402049   Object Totals
         0          0         32          0          0          0   (incl. Generated)
         6          0          1         10          2          0   (incl. Padding)

    ----------------------------------------------------------------------

      Code (inc. data)   RO Data    RW Data    ZI Data      Debug   Library Member Name

        90          0          0          0          0          0   __dczerorl2.o
         8          0          0          0          0         68   __main.o
       104          0          0          0          0         84   __printf.o
         0          0          0          0          0          0   __rtentry.o
        12          0          0          0          0          0   __rtentry2.o
         6          0          0          0          0          0   __rtentry4.o
        52          8          0          0          0          0   __scatter.o
        28          0          0          0          0          0   __scatter_zi.o
        48          6          0          0          0         96   _printf_char_common.o
        36          4          0          0          0         80   _printf_char_file.o
        88          4         40          0          0         88   _printf_hex_int.o
       178          0          0          0          0         88   _printf_intcommon.o
         0          0          0          0          0          0   _printf_percent.o
         4          0          0          0          0          0   _printf_percent_end.o
         6          0          0          0          0          0   _printf_x.o
        22          0          0          0          0         80   abort.o
       128         42          0          0          0         76   assert.o
        24          6          0          0          0         80   assert_stdio.o
        48         34          0          0          0         76   defsig_abrt_inner.o
        14          0          0          0          0         80   defsig_abrt_outer.o
        10          0          0          0          0         68   defsig_exit.o
        50          0          0          0          0         88   defsig_general.o
        80         58          0          0          0         76   defsig_rtmem_inner.o
        14          0          0          0          0         80   defsig_rtmem_outer.o
        52         38          0          0          0         76   defsig_rtred_inner.o
        14          0          0          0          0         80   defsig_rtred_outer.o
        18          0          0          0          0         80   exit.o
        76          0          0          0          0         88   fclose.o
         8          0          0          0          0         68   ferror.o
       100          4          0          0          0        120   fflush.o
       470          0          0          0          0         88   flsbuf.o
       236          4          0          0          0        128   fopen.o
        26          0          0          0          0         68   fputc.o
        34          0          0          0          0         80   fputs.o
       248          6          0          0          0         84   fseek.o
        66          0          0          0          0         76   ftell.o
        94          0          0          0          0         80   h1_alloc.o
        52          0          0          0          0         68   h1_extend.o
        78          0          0          0          0         80   h1_free.o
        14          0          0          0          0         84   h1_init.o
         6          0          0          0          0        152   heapauxi.o
         4          0          0          0          0        136   hguard.o
         0          0          0          0          0          0   indicate_semi.o
       138          0          0          0          0        168   init_alloc.o
       312         46          0          0          0        112   initio.o
         2          0          0          0          0          0   libinit.o
        14          0          0          0          0          0   libinit2.o
         2          0          0          0          0          0   libshutdown.o
         6          0          0          0          0          0   libshutdown2.o
         8          4          0          0         96         68   libspace.o
         0          0          0          0          0          0   maybetermalloc1.o
        24          4          0          0          0         84   noretval__2printf.o
         8          4          0          0          0         68   rt_errno_addr_intlibspace.o
         8          4          0          0          0         68   rt_heap_descriptor_intlibspace.o
        78          0          0          0          0         80   rt_memclr_w.o
       138          0          0          0          0         68   rt_memcpy_v6.o
       100          0          0          0          0         80   rt_memcpy_w.o
         2          0          0          0          0          0   rtexit.o
        10          0          0          0          0          0   rtexit2.o
        70          0          0          0          0         80   setvbuf.o
       240          6          0          0          0        156   stdio.o
         0          0          0         12        252          0   stdio_streams.o
        62          0          0          0          0         76   strlen.o
        12          4          0          0          0         68   sys_exit.o
       102          0         12          0          0        240   sys_io.o
        74          0          0          0          0         80   sys_stackheap_outer.o
        14          0          0          0          0         76   sys_wrch.o
         2          0          0          0          0         68   use_no_semi.o
        90          4          0          0          0         92   dfixu.o
        38          0          0          0          0         68   dflt_clz.o
       340         12          0          0          0        104   dmul.o
       156          4          0          0          0         92   dnaninf.o
        12          0          0          0          0         68   dretinf.o
         0          0          0          0          0          0   usenofp.o

    ----------------------------------------------------------------------
      4720        306         52         12        352       4908   Library Totals
        12          0          0          0          4          0   (incl. Padding)

    ----------------------------------------------------------------------

      Code (inc. data)   RO Data    RW Data    ZI Data      Debug   Library Name

      4072        286         52         12        348       4484   c_w.l
       636         20          0          0          0        424   fz_ws.l

    ----------------------------------------------------------------------
      4720        306         52         12        352       4908   Library Totals

    ----------------------------------------------------------------------

==============================================================================


      Code (inc. data)   RO Data    RW Data    ZI Data      Debug   

     39436       1530       7148        360       2192     402273   Grand Totals
     39436       1530       7148        128       2192     402273   ELF Image Totals (compressed)
     39436       1530       7148        128          0          0   ROM Totals

==============================================================================

    Total RO  Size (Code + RO Data)                46584 (  45.49kB)
    Total RW  Size (RW Data + ZI Data)              2552 (   2.49kB)
    Total ROM Size (Code + RO Data + RW Data)      46712 (  45.62kB)

==============================================================================

