Component: ARM Compiler 5.06 update 6 (build 750) Tool: armlink [4d35ed]

==============================================================================

Section Cross References

    main.o(.text) refers to delay.o(.text) for delay_init
    main.o(.text) refers to usart.o(.text) for uart_init
    main.o(.text) refers to mb.o(.text) for eMBInit
    main.o(.text) refers to led.o(.text) for LED_Init
    main.o(.text) refers to lcd.o(.text) for LCD_Init
    main.o(.text) refers to key.o(.text) for KEY_Init
    main.o(.text) refers to mbutils.o(.text) for xMBUtilGetBits
    main.o(.text) refers to lcd.o(.data) for POINT_COLOR
    main.o(.text) refers to main.o(.data) for usRegInputStart
    system_stm32f10x.o(.text) refers to system_stm32f10x.o(.data) for SystemCoreClock
    led.o(.text) refers to stm32f10x_rcc.o(.text) for RCC_APB2PeriphClockCmd
    led.o(.text) refers to stm32f10x_gpio.o(.text) for GPIO_Init
    key.o(.text) refers to stm32f10x_rcc.o(.text) for RCC_APB2PeriphClockCmd
    key.o(.text) refers to stm32f10x_gpio.o(.text) for GPIO_Init
    key.o(.text) refers to delay.o(.text) for delay_ms
    key.o(.text) refers to key.o(.data) for key_up
    lcd.o(.text) refers to _printf_percent.o(.ARM.Collect$$_printf_percent$$00000000) for _printf_percent
    lcd.o(.text) refers to _printf_x.o(.ARM.Collect$$_printf_percent$$0000000C) for _printf_x
    lcd.o(.text) refers to _printf_hex_int.o(.text) for _printf_longlong_hex
    lcd.o(.text) refers to delay.o(.text) for delay_us
    lcd.o(.text) refers to lcd.o(.bss) for lcddev
    lcd.o(.text) refers to lcd.o(.data) for POINT_COLOR
    lcd.o(.text) refers to dflt_clz.o(x$fpl$dfltu) for __aeabi_ui2d
    lcd.o(.text) refers to dmul.o(x$fpl$dmul) for __aeabi_dmul
    lcd.o(.text) refers to dfixu.o(x$fpl$dfixu) for __aeabi_d2uiz
    lcd.o(.text) refers to stm32f10x_rcc.o(.text) for RCC_AHBPeriphClockCmd
    lcd.o(.text) refers to stm32f10x_gpio.o(.text) for GPIO_Init
    lcd.o(.text) refers to stm32f10x_fsmc.o(.text) for FSMC_NORSRAMInit
    lcd.o(.text) refers to noretval__2printf.o(.text) for __2printf
    lcd.o(.text) refers to lcd.o(.constdata) for asc2_1206
    delay.o(.text) refers to misc.o(.text) for SysTick_CLKSourceConfig
    delay.o(.text) refers to system_stm32f10x.o(.data) for SystemCoreClock
    delay.o(.text) refers to delay.o(.data) for fac_us
    usart.o(.text) refers (Special) to use_no_semi_2.o(.text) for __use_no_semihosting
    usart.o(.text) refers to stm32f10x_rcc.o(.text) for RCC_APB2PeriphClockCmd
    usart.o(.text) refers to stm32f10x_gpio.o(.text) for GPIO_Init
    usart.o(.text) refers to misc.o(.text) for NVIC_Init
    usart.o(.text) refers to stm32f10x_usart.o(.text) for USART_Init
    usart.o(.text) refers to usart.o(.data) for USART_RX_STA
    usart.o(.text) refers to usart.o(.bss) for USART_RX_BUF
    usart.o(.bss) refers (Special) to use_no_semi_2.o(.text) for __use_no_semihosting
    usart.o(.data) refers (Special) to use_no_semi_2.o(.text) for __use_no_semihosting
    startup_stm32f10x_hd.o(STACK) refers (Special) to heapauxi.o(.text) for __use_two_region_memory
    startup_stm32f10x_hd.o(HEAP) refers (Special) to heapauxi.o(.text) for __use_two_region_memory
    startup_stm32f10x_hd.o(RESET) refers (Special) to heapauxi.o(.text) for __use_two_region_memory
    startup_stm32f10x_hd.o(RESET) refers to startup_stm32f10x_hd.o(STACK) for __initial_sp
    startup_stm32f10x_hd.o(RESET) refers to startup_stm32f10x_hd.o(.text) for Reset_Handler
    startup_stm32f10x_hd.o(RESET) refers to stm32f10x_it.o(.text) for NMI_Handler
    startup_stm32f10x_hd.o(RESET) refers to porttimer.o(.text) for TIM4_IRQHandler
    startup_stm32f10x_hd.o(RESET) refers to usart.o(.text) for USART1_IRQHandler
    startup_stm32f10x_hd.o(RESET) refers to portserial.o(.text) for USART2_IRQHandler
    startup_stm32f10x_hd.o(.text) refers (Special) to heapauxi.o(.text) for __use_two_region_memory
    startup_stm32f10x_hd.o(.text) refers to system_stm32f10x.o(.text) for SystemInit
    startup_stm32f10x_hd.o(.text) refers to __main.o(!!!main) for __main
    startup_stm32f10x_hd.o(.text) refers to startup_stm32f10x_hd.o(HEAP) for Heap_Mem
    startup_stm32f10x_hd.o(.text) refers to startup_stm32f10x_hd.o(STACK) for Stack_Mem
    stm32f10x_gpio.o(.text) refers to stm32f10x_rcc.o(.text) for RCC_APB2PeriphResetCmd
    stm32f10x_rcc.o(.text) refers to stm32f10x_rcc.o(.data) for APBAHBPrescTable
    stm32f10x_usart.o(.text) refers to stm32f10x_rcc.o(.text) for RCC_APB2PeriphResetCmd
    stm32f10x_tim.o(.text) refers to stm32f10x_rcc.o(.text) for RCC_APB2PeriphResetCmd
    portevent.o(.text) refers to portevent.o(.data) for xEventInQueue
    portserial.o(.text) refers to stm32f10x_usart.o(.text) for USART_ITConfig
    portserial.o(.text) refers to stm32f10x_gpio.o(.text) for GPIO_ResetBits
    portserial.o(.text) refers to stm32f10x_rcc.o(.text) for RCC_APB2PeriphClockCmd
    portserial.o(.text) refers to misc.o(.text) for NVIC_Init
[...]
    ..\STM32F10x_FWLib\src\stm32f10x_usart.c 0x00000000   Number         0  stm32f10x_usart.o ABSOLUTE
    ..\SYSTEM\delay\delay.c                  0x00000000   Number         0  delay.o ABSOLUTE
    ..\SYSTEM\sys\sys.c                      0x00000000   Number         0  sys.o ABSOLUTE
    ..\SYSTEM\usart\usart.c                  0x00000000   Number         0  usart.o ABSOLUTE
    ..\\CORE\\core_cm3.c                     0x00000000   Number         0  core_cm3.o ABSOLUTE
    ..\\SYSTEM\\sys\\sys.c                   0x00000000   Number         0  sys.o ABSOLUTE
    dc.s                                     0x00000000   Number         0  dc.o ABSOLUTE
    main.c                                   0x00000000   Number         0  main.o ABSOLUTE
    stm32f10x_it.c                           0x00000000   Number         0  stm32f10x_it.o ABSOLUTE
    system_stm32f10x.c                       0x00000000   Number         0  system_stm32f10x.o ABSOLUTE
    RESET                                    0x08000000   Section      304  startup_stm32f10x_hd.o(RESET)
    !!!main                                  0x08000130   Section        8  __main.o(!!!main)
    !!!scatter                               0x08000138   Section       52  __scatter.o(!!!scatter)
    !!handler_copy                           0x0800016c   Section       26  __scatter_copy.o(!!handler_copy)
    !!handler_zi                             0x08000188   Section       28  __scatter_zi.o(!!handler_zi)
    .ARM.Collect$$_printf_percent$$00000000  0x080001a4   Section        0  _printf_percent.o(.ARM.Collect$$_printf_percent$$00000000)
    .ARM.Collect$$_printf_percent$$0000000C  0x080001a4   Section        6  _printf_x.o(.ARM.Collect$$_printf_percent$$0000000C)
    .ARM.Collect$$_printf_percent$$00000017  0x080001aa   Section        4  _printf_percent_end.o(.ARM.Collect$$_printf_percent$$00000017)
    .ARM.Collect$$libinit$$00000000          0x080001ae   Section        2  libinit.o(.ARM.Collect$$libinit$$00000000)
    .ARM.Collect$$libinit$$00000002          0x080001b0   Section        0  libinit2.o(.ARM.Collect$$libinit$$00000002)
    .ARM.Collect$$libinit$$00000004          0x080001b0   Section        0  libinit2.o(.ARM.Collect$$libinit$$00000004)
    .ARM.Collect$$libinit$$0000000A          0x080001b0   Section        0  libinit2.o(.ARM.Collect$$libinit$$0000000A)
    .ARM.Collect$$libinit$$0000000C          0x080001b0   Section        0  libinit2.o(.ARM.Collect$$libinit$$0000000C)
    .ARM.Collect$$libinit$$0000000E          0x080001b0   Section        0  libinit2.o(.ARM.Collect$$libinit$$0000000E)
    .ARM.Collect$$libinit$$00000011          0x080001b0   Section        0  libinit2.o(.ARM.Collect$$libinit$$00000011)
    .ARM.Collect$$libinit$$00000013          0x080001b0   Section        0  libinit2.o(.ARM.Collect$$libinit$$00000013)
    .ARM.Collect$$libinit$$00000015          0x080001b0   Section        0  libinit2.o(.ARM.Collect$$libinit$$00000015)
    .ARM.Collect$$libinit$$00000017          0x080001b0   Section        0  libinit2.o(.ARM.Collect$$libinit$$00000017)
    .ARM.Collect$$libinit$$00000019          0x080001b0   Section        0  libinit2.o(.ARM.Collect$$libinit$$00000019)
    .ARM.Collect$$libinit$$0000001B          0x080001b0   Section        0  libinit2.o(.ARM.Collect$$libinit$$0000001B)
    .ARM.Collect$$libinit$$0000001D          0x080001b0   Section        0  libinit2.o(.ARM.Collect$$libinit$$0000001D)
    .ARM.Collect$$libinit$$0000001F          0x080001b0   Section        0  libinit2.o(.ARM.Collect$$libinit$$0000001F)
    .ARM.Collect$$libinit$$00000021          0x080001b0   Section        0  libinit2.o(.ARM.Collect$$libinit$$00000021)
    .ARM.Collect$$libinit$$00000023          0x080001b0   Section        0  libinit2.o(.ARM.Collect$$libinit$$00000023)
    .ARM.Collect$$libinit$$00000025          0x080001b0   Section        0  libinit2.o(.ARM.Collect$$libinit$$00000025)
    .ARM.Collect$$libinit$$0000002C          0x080001b0   Section        0  libinit2.o(.ARM.Collect$$libinit$$0000002C)
    .ARM.Collect$$libinit$$0000002E          0x080001b0   Section        0  libinit2.o(.ARM.Collect$$libinit$$0000002E)
    .ARM.Collect$$libinit$$00000030          0x080001b0   Section        0  libinit2.o(.ARM.Collect$$libinit$$00000030)
    .ARM.Collect$$libinit$$00000032          0x080001b0   Section        0  libinit2.o(.ARM.Collect$$libinit$$00000032)
    .ARM.Collect$$libinit$$00000033          0x080001b0   Section        2  libinit2.o(.ARM.Collect$$libinit$$00000033)
    .ARM.Collect$$libshutdown$$00000000      0x080001b2   Section        2  libshutdown.o(.ARM.Collect$$libshutdown$$00000000)
    .ARM.Collect$$libshutdown$$00000002      0x080001b4   Section        0  libshutdown2.o(.ARM.Collect$$libshutdown$$00000002)
    .ARM.Collect$$libshutdown$$00000004      0x080001b4   Section        0  libshutdown2.o(.ARM.Collect$$libshutdown$$00000004)
    .ARM.Collect$$libshutdown$$00000007      0x080001b4   Section        0  libshutdown2.o(.ARM.Collect$$libshutdown$$00000007)
    .ARM.Collect$$libshutdown$$0000000A      0x080001b4   Section        0  libshutdown2.o(.ARM.Collect$$libshutdown$$0000000A)
    .ARM.Collect$$libshutdown$$0000000C      0x080001b4   Section        0  libshutdown2.o(.ARM.Collect$$libshutdown$$0000000C)
    .ARM.Collect$$libshutdown$$0000000F      0x080001b4   Section        0  libshutdown2.o(.ARM.Collect$$libshutdown$$0000000F)
    .ARM.Collect$$libshutdown$$00000010      0x080001b4   Section        2  libshutdown2.o(.ARM.Collect$$libshutdown$$00000010)
    .ARM.Collect$$rtentry$$00000000          0x080001b6   Section        0  __rtentry.o(.ARM.Collect$$rtentry$$00000000)
    .ARM.Collect$$rtentry$$00000002          0x080001b6   Section        0  __rtentry2.o(.ARM.Collect$$rtentry$$00000002)
    .ARM.Collect$$rtentry$$00000004          0x080001b6   Section        6  __rtentry4.o(.ARM.Collect$$rtentry$$00000004)
    .ARM.Collect$$rtentry$$00000009          0x080001bc   Section        0  __rtentry2.o(.ARM.Collect$$rtentry$$00000009)
    .ARM.Collect$$rtentry$$0000000A          0x080001bc   Section        4  __rtentry2.o(.ARM.Collect$$rtentry$$0000000A)
    .ARM.Collect$$rtentry$$0000000C          0x080001c0   Section        0  __rtentry2.o(.ARM.Collect$$rtentry$$0000000C)
    .ARM.Collect$$rtentry$$0000000D          0x080001c0   Section        8  __rtentry2.o(.ARM.Collect$$rtentry$$0000000D)
    .ARM.Collect$$rtexit$$00000000           0x080001c8   Section        2  rtexit.o(.ARM.Collect$$rtexit$$00000000)
    .ARM.Collect$$rtexit$$00000002           0x080001ca   Section        0  rtexit2.o(.ARM.Collect$$rtexit$$00000002)
    .ARM.Collect$$rtexit$$00000003           0x080001ca   Section        4  rtexit2.o(.ARM.Collect$$rtexit$$00000003)
    .ARM.Collect$$rtexit$$00000004           0x080001ce   Section        6  rtexit2.o(.ARM.Collect$$rtexit$$00000004)
    .text                                    0x080001d4   Section        0  main.o(.text)
    .text                                    0x0800052c   Section        0  stm32f10x_it.o(.text)
    .text                                    0x08000548   Section        0  system_stm32f10x.o(.text)
    SetSysClockTo72                          0x08000549   Thumb Code   214  system_stm32f10x.o(.text)
    SetSysClock                              0x0800061f   Thumb Code     8  system_stm32f10x.o(.text)
    .text                                    0x08000728   Section        0  led.o(.text)
    .text                                    0x08000774   Section        0  key.o(.text)
    .text                                    0x08000870   Section        0  lcd.o(.text)
    .text                                    0x080052cc   Section        0  delay.o(.text)
    .text                                    0x080053a0   Section        0  usart.o(.text)
    .text                                    0x080054e0   Section       64  startup_stm32f10x_hd.o(.text)
    .text                                    0x08005520   Section        0  misc.o(.text)
    .text                                    0x080055fc   Section        0  stm32f10x_fsmc.o(.text)
    .text                                    0x08005c08   Section        0  stm32f10x_gpio.o(.text)
    .text                                    0x08005f64   Section        0  stm32f10x_rcc.o(.text)
    .text                                    0x08006308   Section        0  stm32f10x_usart.o(.text)
    .text                                    0x08006710   Section        0  stm32f10x_tim.o(.text)
    TI4_Config                               0x08006bb7   Thumb Code   130  stm32f10x_tim.o(.text)
    TI3_Config                               0x08006c4b   Thumb Code   122  stm32f10x_tim.o(.text)
    TI2_Config                               0x08006cdf   Thumb Code   130  stm32f10x_tim.o(.text)
    TI1_Config                               0x08006d73   Thumb Code   108  stm32f10x_tim.o(.text)
    .text                                    0x0800752c   Section        0  portevent.o(.text)
    .text                                    0x08007568   Section        0  portserial.o(.text)
    prvvUARTTxReadyISR                       0x080076c5   Thumb Code    10  portserial.o(.text)
    prvvUARTRxISR                            0x080076cf   Thumb Code    10  portserial.o(.text)
    .text                                    0x0800772c   Section        0  porttimer.o(.text)
    prvvTIMERExpiredISR                      0x080077f7   Thumb Code    10  porttimer.o(.text)
    .text                                    0x0800783c   Section        0  mb.o(.text)
    .text                                    0x08007b98   Section        0  mbcrc.o(.text)
    .text                                    0x08007bd0   Section        0  mbrtu.o(.text)
    __set_PRIMASK                            0x08007edb   Thumb Code     6  mbrtu.o(.text)
    .text                                    0x08007f88   Section        0  mbfunccoils.o(.text)
    .text                                    0x0800811a   Section        0  mbfuncdisc.o(.text)
    .text                                    0x080081bc   Section        0  mbfuncholding.o(.text)
    .text                                    0x08008390   Section        0  mbfuncinput.o(.text)
    .text                                    0x08008414   Section        0  mbfuncother.o(.text)
    .text                                    0x080084a8   Section        0  mbutils.o(.text)
    .text                                    0x08008598   Section        0  mbascii.o(.text)
    prvucMBLRC                               0x0800861f   Thumb Code    32  mbascii.o(.text)
    prvucMBCHAR2BIN                          0x08008715   Thumb Code    38  mbascii.o(.text)
    prvucMBBIN2CHAR                          0x08008861   Thumb Code    44  mbascii.o(.text)
    __set_PRIMASK                            0x08008a6f   Thumb Code     6  mbascii.o(.text)
    .text                                    0x08008a7c   Section        2  use_no_semi_2.o(.text)
    .text                                    0x08008a80   Section        0  noretval__2printf.o(.text)
    .text                                    0x08008a98   Section        0  __printf.o(.text)
    .text                                    0x08008b00   Section        0  _printf_hex_int.o(.text)
    .text                                    0x08008b58   Section        0  assert.o(.text)
    .text                                    0x08008bd8   Section      138  rt_memcpy_v6.o(.text)
    .text                                    0x08008c62   Section        0  heapauxi.o(.text)
    .text                                    0x08008c68   Section        2  use_no_semi.o(.text)
    .text                                    0x08008c6a   Section        0  _printf_intcommon.o(.text)
    .text                                    0x08008d1c   Section        0  _printf_char_file.o(.text)
    .text                                    0x08008d40   Section        0  abort.o(.text)
    .text                                    0x08008d56   Section        0  assert_puts.o(.text)
    .text                                    0x08008d6a   Section      100  rt_memcpy_w.o(.text)
    .text                                    0x08008dd0   Section        0  _printf_char_common.o(.text)
    _printf_input_char                       0x08008dd1   Thumb Code    10  _printf_char_common.o(.text)
    .text                                    0x08008e00   Section        0  ferror.o(.text)
    .text                                    0x08008e08   Section        0  defsig_abrt_outer.o(.text)
    .text                                    0x08008e16   Section       74  sys_stackheap_outer.o(.text)
    .text                                    0x08008e60   Section        0  exit.o(.text)
    .text                                    0x08008e72   Section        0  defsig_exit.o(.text)
    .text                                    0x08008e7c   Section        0  defsig_abrt_inner.o(.text)
    .text                                    0x08008eac   Section        8  libspace.o(.text)
    .text                                    0x08008eb4   Section        0  defsig_general.o(.text)
    x$fpl$dfixu                              0x08008ee8   Section       90  dfixu.o(x$fpl$dfixu)
    x$fpl$dfltu                              0x08008f42   Section       38  dflt_clz.o(x$fpl$dfltu)
    x$fpl$dmul                               0x08008f68   Section      340  dmul.o(x$fpl$dmul)
    x$fpl$dnaninf                            0x080090bc   Section      156  dnaninf.o(x$fpl$dnaninf)
    x$fpl$dretinf                            0x08009158   Section       12  dretinf.o(x$fpl$dretinf)
    .constdata                               0x08009164   Section     6080  lcd.o(.constdata)
    x$fpl$usenofp                            0x08009164   Section        0  usenofp.o(x$fpl$usenofp)
    .constdata                               0x0800a924   Section      512  mbcrc.o(.constdata)
    aucCRCHi                                 0x0800a924   Data         256  mbcrc.o(.constdata)
    aucCRCLo                                 0x0800aa24   Data         256  mbcrc.o(.constdata)
    .constdata                               0x0800ab24   Section       40  _printf_hex_int.o(.constdata)
    uc_hextab                                0x0800ab24   Data          20  _printf_hex_int.o(.constdata)
    lc_hextab                                0x0800ab38   Data          20  _printf_hex_int.o(.constdata)
    .conststring                             0x0800ab4c   Section       99  mbrtu.o(.conststring)
    .conststring                             0x0800abb0   Section       68  mbascii.o(.conststring)
    .data                                    0x20000000   Section       10  main.o(.data)
    .data                                    0x2000000c   Section       20  system_stm32f10x.o(.data)
    .data                                    0x20000020   Section        1  key.o(.data)
    key_up                                   0x20000020   Data           1  key.o(.data)
    .data                                    0x20000022   Section        4  lcd.o(.data)
    .data                                    0x20000026   Section        4  delay.o(.data)
    fac_us                                   0x20000026   Data           1  delay.o(.data)
    fac_ms                                   0x20000028   Data           2  delay.o(.data)
    .data                                    0x2000002c   Section        6  usart.o(.data)
    .data                                    0x20000032   Section       20  stm32f10x_rcc.o(.data)
    APBAHBPrescTable                         0x20000032   Data          16  stm32f10x_rcc.o(.data)
    ADCPrescTable                            0x20000042   Data           4  stm32f10x_rcc.o(.data)
    .data                                    0x20000046   Section        2  portevent.o(.data)
    eQueuedEvent                             0x20000046   Data           1  portevent.o(.data)
    xEventInQueue                            0x20000047   Data           1  portevent.o(.data)
    .data                                    0x20000048   Section      181  mb.o(.data)
    ucMBAddress                              0x20000048   Data           1  mb.o(.data)
    eMBCurrentMode                           0x20000049   Data           1  mb.o(.data)
    eMBState                                 0x2000004a   Data           1  mb.o(.data)
    peMBFrameSendCur                         0x2000004c   Data           4  mb.o(.data)
    pvMBFrameStartCur                        0x20000050   Data           4  mb.o(.data)
    pvMBFrameStopCur                         0x20000054   Data           4  mb.o(.data)
    peMBFrameReceiveCur                      0x20000058   Data           4  mb.o(.data)
    pvMBFrameCloseCur                        0x2000005c   Data           4  mb.o(.data)
    xFuncHandlers                            0x20000074   Data         128  mb.o(.data)
    ucMBFrame                                0x200000f4   Data           4  mb.o(.data)
    ucRcvAddress                             0x200000f8   Data           1  mb.o(.data)
    ucFunctionCode                           0x200000f9   Data           1  mb.o(.data)
    usLength                                 0x200000fa   Data           2  mb.o(.data)
    eException                               0x200000fc   Data           1  mb.o(.data)
    .data                                    0x20000100   Section       12  mbrtu.o(.data)
    eSndState                                0x20000100   Data           1  mbrtu.o(.data)
    eRcvState                                0x20000101   Data           1  mbrtu.o(.data)
    pucSndBufferCur                          0x20000104   Data           4  mbrtu.o(.data)
    usSndBufferCount                         0x20000108   Data           2  mbrtu.o(.data)
    usRcvBufferPos                           0x2000010a   Data           2  mbrtu.o(.data)
    .data                                    0x2000010c   Section        2  mbfuncother.o(.data)
    usMBSlaveIDLen                           0x2000010c   Data           2  mbfuncother.o(.data)
    .data                                    0x20000110   Section       20  mbascii.o(.data)
    eSndState                                0x20000110   Data           1  mbascii.o(.data)
    eRcvState                                0x20000111   Data           1  mbascii.o(.data)
    ucASCIIBuf                               0x20000114   Data           4  mbascii.o(.data)
    usRcvBufferPos                           0x20000118   Data           2  mbascii.o(.data)
    eBytePos                                 0x2000011a   Data           1  mbascii.o(.data)
    pucSndBufferCur                          0x2000011c   Data           4  mbascii.o(.data)
    usSndBufferCount                         0x20000120   Data           2  mbascii.o(.data)
    ucLRC                                    0x20000122   Data           1  mbascii.o(.data)
    ucMBLFCharacter                          0x20000123   Data           1  mbascii.o(.data)
    .bss                                     0x20000124   Section       14  lcd.o(.bss)
    .bss                                     0x20000132   Section      200  usart.o(.bss)
    .bss                                     0x200001fa   Section      256  mbrtu.o(.bss)
    .bss                                     0x200002fa   Section       32  mbfuncother.o(.bss)
    ucMBSlaveID                              0x200002fa   Data          32  mbfuncother.o(.bss)
    .bss                                     0x2000031c   Section       96  libspace.o(.bss)
    HEAP                                     0x20000380   Section      512  startup_stm32f10x_hd.o(HEAP)
    Heap_Mem                                 0x20000380   Data         512  startup_stm32f10x_hd.o(HEAP)
    STACK                                    0x20000580   Section     1024  startup_stm32f10x_hd.o(STACK)
    Stack_Mem                                0x20000580   Data        1024  startup_stm32f10x_hd.o(STACK)
    __initial_sp                             0x20000980   Data           0  startup_stm32f10x_hd.o(STACK)

    Global Symbols

    Symbol Name                              Value     Ov Type        Size  Object(Section)

    BuildAttributes$$THM_ISAv4$P$D$K$B$S$PE$A:L22UL41UL21$X:L11$S22US41US21$IEEE1$IW$USESV6$~STKCKD$USESV7$~SHL$OSPACE$ROPI$EBA8$UX$STANDARDLIB$REQ8$PRES8$EABIv2 0x00000000   Number         0  anon$$obj.o ABSOLUTE
    __ARM_use_no_argv                        0x00000000   Number         0  main.o ABSOLUTE
    __ARM_exceptions_init                     - Undefined Weak Reference
    __alloca_initialize                       - Undefined Weak Reference
    __arm_preinit_                            - Undefined Weak Reference
    __cpp_initialize__aeabi_                  - Undefined Weak Reference
    __cxa_finalize                            - Undefined Weak Reference
    __rt_locale                               - Undefined Weak Reference
    __sigvec_lookup                           - Undefined Weak Reference
    _atexit_init                              - Undefined Weak Reference
    _call_atexit_fns                          - Undefined Weak Reference
    _clock_init                               - Undefined Weak Reference
    _fp_trap_init                             - Undefined Weak Reference
    _fp_trap_shutdown                         - Undefined Weak Reference
    _get_lc_collate                           - Undefined Weak Reference
    _get_lc_ctype                             - Undefined Weak Reference
    _get_lc_monetary                          - Undefined Weak Reference
    _get_lc_numeric                           - Undefined Weak Reference
    _get_lc_time                              - Undefined Weak Reference
    _getenv_init                              - Undefined Weak Reference
    _handle_redirection                       - Undefined Weak Reference
    _init_alloc                               - Undefined Weak Reference
    _init_user_alloc                          - Undefined Weak Reference
    _initio                                   - Undefined Weak Reference
    _mutex_acquire                            - Undefined Weak Reference
    _mutex_release                            - Undefined Weak Reference
    _printf_post_padding                      - Undefined Weak Reference
    _printf_pre_padding                       - Undefined Weak Reference
    _printf_truncate_unsigned                 - Undefined Weak Reference
    _rand_init                                - Undefined Weak Reference
    _signal_finish                            - Undefined Weak Reference
    _signal_init                              - Undefined Weak Reference
    _terminate_alloc                          - Undefined Weak Reference
    _terminate_user_alloc                     - Undefined Weak Reference
    _terminateio                              - Undefined Weak Reference
    __Vectors_Size                           0x00000130   Number         0  startup_stm32f10x_hd.o ABSOLUTE
    __Vectors                                0x08000000   Data           4  startup_stm32f10x_hd.o(RESET)
    __Vectors_End                            0x08000130   Data           0  startup_stm32f10x_hd.o(RESET)
    __main                                   0x08000131   Thumb Code     8  __main.o(!!!main)
    __scatterload                            0x08000139   Thumb Code     0  __scatter.o(!!!scatter)
    __scatterload_rt2                        0x08000139   Thumb Code    44  __scatter.o(!!!scatter)
    __scatterload_rt2_thumb_only             0x08000139   Thumb Code     0  __scatter.o(!!!scatter)
    __scatterload_null                       0x08000147   Thumb Code     0  __scatter.o(!!!scatter)
    __scatterload_copy                       0x0800016d   Thumb Code    26  __scatter_copy.o(!!handler_copy)
    __scatterload_zeroinit                   0x08000189   Thumb Code    28  __scatter_zi.o(!!handler_zi)
    _printf_percent                          0x080001a5   Thumb Code     0  _printf_percent.o(.ARM.Collect$$_printf_percent$$00000000)
    _printf_x                                0x080001a5   Thumb Code     0  _printf_x.o(.ARM.Collect$$_printf_percent$$0000000C)
    _printf_percent_end                      0x080001ab   Thumb Code     0  _printf_percent_end.o(.ARM.Collect$$_printf_percent$$00000017)
    __rt_lib_init                            0x080001af   Thumb Code     0  libinit.o(.ARM.Collect$$libinit$$00000000)
    __rt_lib_init_alloca_1                   0x080001b1   Thumb Code     0  libinit2.o(.ARM.Collect$$libinit$$0000002E)
    __rt_lib_init_argv_1                     0x080001b1   Thumb Code     0  libinit2.o(.ARM.Collect$$libinit$$0000002C)
    __rt_lib_init_atexit_1                   0x080001b1   Thumb Code     0  libinit2.o(.ARM.Collect$$libinit$$0000001B)
    __rt_lib_init_clock_1                    0x080001b1   Thumb Code     0  libinit2.o(.ARM.Collect$$libinit$$00000021)
    __rt_lib_init_cpp_1                      0x080001b1   Thumb Code     0  libinit2.o(.ARM.Collect$$libinit$$00000032)
    __rt_lib_init_exceptions_1               0x080001b1   Thumb Code     0  libinit2.o(.ARM.Collect$$libinit$$00000030)
    __rt_lib_init_fp_1                       0x080001b1   Thumb Code     0  libinit2.o(.ARM.Collect$$libinit$$00000002)
    __rt_lib_init_fp_trap_1                  0x080001b1   Thumb Code     0  libinit2.o(.ARM.Collect$$libinit$$0000001F)
    __rt_lib_init_getenv_1                   0x080001b1   Thumb Code     0  libinit2.o(.ARM.Collect$$libinit$$00000023)
    __rt_lib_init_heap_1                     0x080001b1   Thumb Code     0  libinit2.o(.ARM.Collect$$libinit$$0000000A)
    __rt_lib_init_lc_collate_1               0x080001b1   Thumb Code     0  libinit2.o(.ARM.Collect$$libinit$$00000011)
    __rt_lib_init_lc_ctype_1                 0x080001b1   Thumb Code     0  libinit2.o(.ARM.Collect$$libinit$$00000013)
    __rt_lib_init_lc_monetary_1              0x080001b1   Thumb Code     0  libinit2.o(.ARM.Collect$$libinit$$00000015)
    __rt_lib_init_lc_numeric_1               0x080001b1   Thumb Code     0  libinit2.o(.ARM.Collect$$libinit$$00000017)
    __rt_lib_init_lc_time_1                  0x080001b1   Thumb Code     0  libinit2.o(.ARM.Collect$$libinit$$00000019)
    __rt_lib_init_preinit_1                  0x080001b1   Thumb Code     0  libinit2.o(.ARM.Collect$$libinit$$00000004)
    __rt_lib_init_rand_1                     0x080001b1   Thumb Code     0  libinit2.o(.ARM.Collect$$libinit$$0000000E)
    __rt_lib_init_return                     0x080001b1   Thumb Code     0  libinit2.o(.ARM.Collect$$libinit$$00000033)
    __rt_lib_init_signal_1                   0x080001b1   Thumb Code     0  libinit2.o(.ARM.Collect$$libinit$$0000001D)
    __rt_lib_init_stdio_1                    0x080001b1   Thumb Code     0  libinit2.o(.ARM.Collect$$libinit$$00000025)
    __rt_lib_init_user_alloc_1               0x080001b1   Thumb Code     0  libinit2.o(.ARM.Collect$$libinit$$0000000C)
    __rt_lib_shutdown                        0x080001b3   Thumb Code     0  libshutdown.o(.ARM.Collect$$libshutdown$$00000000)
    __rt_lib_shutdown_cpp_1                  0x080001b5   Thumb Code     0  libshutdown2.o(.ARM.Collect$$libshutdown$$00000002)
    __rt_lib_shutdown_fp_trap_1              0x080001b5   Thumb Code     0  libshutdown2.o(.ARM.Collect$$libshutdown$$00000007)
    __rt_lib_shutdown_heap_1                 0x080001b5   Thumb Code     0  libshutdown2.o(.ARM.Collect$$libshutdown$$0000000F)
    __rt_lib_shutdown_return                 0x080001b5   Thumb Code     0  libshutdown2.o(.ARM.Collect$$libshutdown$$00000010)
    __rt_lib_shutdown_signal_1               0x080001b5   Thumb Code     0  libshutdown2.o(.ARM.Collect$$libshutdown$$0000000A)
    __rt_lib_shutdown_stdio_1                0x080001b5   Thumb Code     0  libshutdown2.o(.ARM.Collect$$libshutdown$$00000004)
    __rt_lib_shutdown_user_alloc_1           0x080001b5   Thumb Code     0  libshutdown2.o(.ARM.Collect$$libshutdown$$0000000C)
    __rt_entry                               0x080001b7   Thumb Code     0  __rtentry.o(.ARM.Collect$$rtentry$$00000000)
    __rt_entry_presh_1                       0x080001b7   Thumb Code     0  __rtentry2.o(.ARM.Collect$$rtentry$$00000002)
    __rt_entry_sh                            0x080001b7   Thumb Code     0  __rtentry4.o(.ARM.Collect$$rtentry$$00000004)
    __rt_entry_li                            0x080001bd   Thumb Code     0  __rtentry2.o(.ARM.Collect$$rtentry$$0000000A)
    __rt_entry_postsh_1                      0x080001bd   Thumb Code     0  __rtentry2.o(.ARM.Collect$$rtentry$$00000009)
    __rt_entry_main                          0x080001c1   Thumb Code     0  __rtentry2.o(.ARM.Collect$$rtentry$$0000000D)
    __rt_entry_postli_1                      0x080001c1   Thumb Code     0  __rtentry2.o(.ARM.Collect$$rtentry$$0000000C)
    __rt_exit                                0x080001c9   Thumb Code     0  rtexit.o(.ARM.Collect$$rtexit$$00000000)
    __rt_exit_ls                             0x080001cb   Thumb Code     0  rtexit2.o(.ARM.Collect$$rtexit$$00000003)
    __rt_exit_prels_1                        0x080001cb   Thumb Code     0  rtexit2.o(.ARM.Collect$$rtexit$$00000002)
    __rt_exit_exit                           0x080001cf   Thumb Code     0  rtexit2.o(.ARM.Collect$$rtexit$$00000004)
    main                                     0x080001d5   Thumb Code   282  main.o(.text)
    _ttywrch                                 0x080002ef   Thumb Code     6  main.o(.text)
    eMBRegInputCB                            0x080002f5   Thumb Code    68  main.o(.text)
    eMBRegHoldingCB                          0x08000339   Thumb Code   124  main.o(.text)
    eMBRegCoilsCB                            0x080003b5   Thumb Code   146  main.o(.text)
    eMBRegDiscreteCB                         0x08000447   Thumb Code    90  main.o(.text)
    NMI_Handler                              0x0800052d   Thumb Code     2  stm32f10x_it.o(.text)
    HardFault_Handler                        0x0800052f   Thumb Code     4  stm32f10x_it.o(.text)
    MemManage_Handler                        0x08000533   Thumb Code     4  stm32f10x_it.o(.text)
    BusFault_Handler                         0x08000537   Thumb Code     4  stm32f10x_it.o(.text)
    UsageFault_Handler                       0x0800053b   Thumb Code     4  stm32f10x_it.o(.text)
    SVC_Handler                              0x0800053f   Thumb Code     2  stm32f10x_it.o(.text)
    DebugMon_Handler                         0x08000541   Thumb Code     2  stm32f10x_it.o(.text)
    PendSV_Handler                           0x08000543   Thumb Code     2  stm32f10x_it.o(.text)
    SysTick_Handler                          0x08000545   Thumb Code     2  stm32f10x_it.o(.text)
    SystemInit                               0x08000627   Thumb Code    78  system_stm32f10x.o(.text)
    SystemCoreClockUpdate                    0x08000675   Thumb Code   142  system_stm32f10x.o(.text)
    LED_Init                                 0x08000729   Thumb Code    68  led.o(.text)
    KEY_Init                                 0x08000775   Thumb Code    52  key.o(.text)
    KEY_Scan                                 0x080007a9   Thumb Code   188  key.o(.text)
    LCD_WR_REG                               0x08000871   Thumb Code     6  lcd.o(.text)
    LCD_WR_DATA                              0x08000877   Thumb Code     8  lcd.o(.text)
    LCD_RD_DATA                              0x0800087f   Thumb Code    16  lcd.o(.text)
    LCD_WriteReg                             0x0800088f   Thumb Code    10  lcd.o(.text)
    LCD_ReadReg                              0x08000899   Thumb Code    22  lcd.o(.text)
    LCD_WriteRAM_Prepare                     0x080008af   Thumb Code    10  lcd.o(.text)
    LCD_WriteRAM                             0x080008b9   Thumb Code     8  lcd.o(.text)
    LCD_BGR2RGB                              0x080008c1   Thumb Code    26  lcd.o(.text)
    opt_delay                                0x080008db   Thumb Code    14  lcd.o(.text)
    LCD_SetCursor                            0x080008e9   Thumb Code   418  lcd.o(.text)
    LCD_ReadPoint                            0x08000a8b   Thumb Code   360  lcd.o(.text)
    LCD_DisplayOn                            0x08000bf3   Thumb Code   102  lcd.o(.text)
    LCD_DisplayOff                           0x08000c59   Thumb Code    90  lcd.o(.text)
    LCD_Scan_Dir                             0x08000cb3   Thumb Code   744  lcd.o(.text)
    LCD_DrawPoint                            0x08000f9b   Thumb Code    28  lcd.o(.text)
    LCD_Fast_DrawPoint                       0x08000fb7   Thumb Code   384  lcd.o(.text)
    LCD_SSD_BackLightSet                     0x08001137   Thumb Code    80  lcd.o(.text)
    LCD_Display_Dir                          0x08001187   Thumb Code   444  lcd.o(.text)
    LCD_Set_Window                           0x08001343   Thumb Code   540  lcd.o(.text)
    LCD_Clear                                0x0800155f   Thumb Code   100  lcd.o(.text)
    LCD_Init                                 0x080015c3   Thumb Code 14190  lcd.o(.text)
    LCD_Fill                                 0x08004d31   Thumb Code   178  lcd.o(.text)
    LCD_Color_Fill                           0x08004de3   Thumb Code   106  lcd.o(.text)
    LCD_DrawLine                             0x08004e4d   Thumb Code   176  lcd.o(.text)
    LCD_DrawRectangle                        0x08004efd   Thumb Code    60  lcd.o(.text)
    LCD_Draw_Circle                          0x08004f39   Thumb Code   152  lcd.o(.text)
    LCD_ShowChar                             0x08004fd1   Thumb Code   272  lcd.o(.text)
    LCD_Pow                                  0x080050e1   Thumb Code    22  lcd.o(.text)
    LCD_ShowNum                              0x080050f7   Thumb Code   148  lcd.o(.text)
    LCD_ShowxNum                             0x0800518b   Thumb Code   220  lcd.o(.text)
    LCD_ShowString                           0x08005267   Thumb Code   102  lcd.o(.text)
    delay_init                               0x080052cd   Thumb Code    50  delay.o(.text)
    delay_us                                 0x080052ff   Thumb Code    72  delay.o(.text)
    delay_ms                                 0x08005347   Thumb Code    72  delay.o(.text)
    _sys_exit                                0x080053a1   Thumb Code     4  usart.o(.text)
    fputc                                    0x080053a5   Thumb Code    24  usart.o(.text)
    uart_init                                0x080053bd   Thumb Code   152  usart.o(.text)
    USART1_IRQHandler                        0x08005455   Thumb Code   122  usart.o(.text)
    Reset_Handler                            0x080054e1   Thumb Code     8  startup_stm32f10x_hd.o(.text)
    ADC1_2_IRQHandler                        0x080054fb   Thumb Code     0  startup_stm32f10x_hd.o(.text)
    ADC3_IRQHandler                          0x080054fb   Thumb Code     0  startup_stm32f10x_hd.o(.text)
    CAN1_RX1_IRQHandler                      0x080054fb   Thumb Code     0  startup_stm32f10x_hd.o(.text)
    CAN1_SCE_IRQHandler                      0x080054fb   Thumb Code     0  startup_stm32f10x_hd.o(.text)
    DMA1_Channel1_IRQHandler                 0x080054fb   Thumb Code     0  startup_stm32f10x_hd.o(.text)
    DMA1_Channel2_IRQHandler                 0x080054fb   Thumb Code     0  startup_stm32f10x_hd.o(.text)
    DMA1_Channel3_IRQHandler                 0x080054fb   Thumb Code     0  startup_stm32f10x_hd.o(.text)
    DMA1_Channel4_IRQHandler                 0x080054fb   Thumb Code     0  startup_stm32f10x_hd.o(.text)
    DMA1_Channel5_IRQHandler                 0x080054fb   Thumb Code     0  startup_stm32f10x_hd.o(.text)
    DMA1_Channel6_IRQHandler                 0x080054fb   Thumb Code     0  startup_stm32f10x_hd.o(.text)
    DMA1_Channel7_IRQHandler                 0x080054fb   Thumb Code     0  startup_stm32f10x_hd.o(.text)
    DMA2_Channel1_IRQHandler                 0x080054fb   Thumb Code     0  startup_stm32f10x_hd.o(.text)
    DMA2_Channel2_IRQHandler                 0x080054fb   Thumb Code     0  startup_stm32f10x_hd.o(.text)
    DMA2_Channel3_IRQHandler                 0x080054fb   Thumb Code     0  startup_stm32f10x_hd.o(.text)
    DMA2_Channel4_5_IRQHandler               0x080054fb   Thumb Code     0  startup_stm32f10x_hd.o(.text)
    EXTI0_IRQHandler                         0x080054fb   Thumb Code     0  startup_stm32f10x_hd.o(.text)
    EXTI15_10_IRQHandler                     0x080054fb   Thumb Code     0  startup_stm32f10x_hd.o(.text)
    EXTI1_IRQHandler                         0x080054fb   Thumb Code     0  startup_stm32f10x_hd.o(.text)
    EXTI2_IRQHandler                         0x080054fb   Thumb Code     0  startup_stm32f10x_hd.o(.text)
    EXTI3_IRQHandler                         0x080054fb   Thumb Code     0  startup_stm32f10x_hd.o(.text)
    EXTI4_IRQHandler                         0x080054fb   Thumb Code     0  startup_stm32f10x_hd.o(.text)
    EXTI9_5_IRQHandler                       0x080054fb   Thumb Code     0  startup_stm32f10x_hd.o(.text)
    FLASH_IRQHandler                         0x080054fb   Thumb Code     0  startup_stm32f10x_hd.o(.text)
    FSMC_IRQHandler                          0x080054fb   Thumb Code     0  startup_stm32f10x_hd.o(.text)
    I2C1_ER_IRQHandler                       0x080054fb   Thumb Code     0  startup_stm32f10x_hd.o(.text)
    I2C1_EV_IRQHandler                       0x080054fb   Thumb Code     0  startup_stm32f10x_hd.o(.text)
    I2C2_ER_IRQHandler                       0x080054fb   Thumb Code     0  startup_stm32f10x_hd.o(.text)
    I2C2_EV_IRQHandler                       0x080054fb   Thumb Code     0  startup_stm32f10x_hd.o(.text)
    PVD_IRQHandler                           0x080054fb   Thumb Code     0  startup_stm32f10x_hd.o(.text)
    RCC_IRQHandler                           0x080054fb   Thumb Code     0  startup_stm32f10x_hd.o(.text)
    RTCAlarm_IRQHandler                      0x080054fb   Thumb Code     0  startup_stm32f10x_hd.o(.text)
    RTC_IRQHandler                           0x080054fb   Thumb Code     0  startup_stm32f10x_hd.o(.text)
    SDIO_IRQHandler                          0x080054fb   Thumb Code     0  startup_stm32f10x_hd.o(.text)
    SPI1_IRQHandler                          0x080054fb   Thumb Code     0  startup_stm32f10x_hd.o(.text)
    SPI2_IRQHandler                          0x080054fb   Thumb Code     0  startup_stm32f10x_hd.o(.text)
    SPI3_IRQHandler                          0x080054fb   Thumb Code     0  startup_stm32f10x_hd.o(.text)
    TAMPER_IRQHandler                        0x080054fb   Thumb Code     0  startup_stm32f10x_hd.o(.text)
    TIM1_BRK_IRQHandler                      0x080054fb   Thumb Code     0  startup_stm32f10x_hd.o(.text)
    TIM1_CC_IRQHandler                       0x080054fb   Thumb Code     0  startup_stm32f10x_hd.o(.text)
    TIM1_TRG_COM_IRQHandler                  0x080054fb   Thumb Code     0  startup_stm32f10x_hd.o(.text)
    TIM1_UP_IRQHandler                       0x080054fb   Thumb Code     0  startup_stm32f10x_hd.o(.text)
    TIM2_IRQHandler                          0x080054fb   Thumb Code     0  startup_stm32f10x_hd.o(.text)
    TIM3_IRQHandler                          0x080054fb   Thumb Code     0  startup_stm32f10x_hd.o(.text)
    TIM5_IRQHandler                          0x080054fb   Thumb Code     0  startup_stm32f10x_hd.o(.text)
    TIM6_IRQHandler                          0x080054fb   Thumb Code     0  startup_stm32f10x_hd.o(.text)
    TIM7_IRQHandler                          0x080054fb   Thumb Code     0  startup_stm32f10x_hd.o(.text)
    TIM8_BRK_IRQHandler                      0x080054fb   Thumb Code     0  startup_stm32f10x_hd.o(.text)
    TIM8_CC_IRQHandler                       0x080054fb   Thumb Code     0  startup_stm32f10x_hd.o(.text)
    TIM8_TRG_COM_IRQHandler                  0x080054fb   Thumb Code     0  startup_stm32f10x_hd.o(.text)
    TIM8_UP_IRQHandler                       0x080054fb   Thumb Code     0  startup_stm32f10x_hd.o(.text)
    UART4_IRQHandler                         0x080054fb   Thumb Code     0  startup_stm32f10x_hd.o(.text)
    UART5_IRQHandler                         0x080054fb   Thumb Code     0  startup_stm32f10x_hd.o(.text)
    USART3_IRQHandler                        0x080054fb   Thumb Code     0  startup_stm32f10x_hd.o(.text)
    USBWakeUp_IRQHandler                     0x080054fb   Thumb Code     0  startup_stm32f10x_hd.o(.text)
    USB_HP_CAN1_TX_IRQHandler                0x080054fb   Thumb Code     0  startup_stm32f10x_hd.o(.text)
    USB_LP_CAN1_RX0_IRQHandler               0x080054fb   Thumb Code     0  startup_stm32f10x_hd.o(.text)
    WWDG_IRQHandler                          0x080054fb   Thumb Code     0  startup_stm32f10x_hd.o(.text)
    __user_initial_stackheap                 0x080054fd   Thumb Code     0  startup_stm32f10x_hd.o(.text)
    NVIC_PriorityGroupConfig                 0x08005521   Thumb Code    10  misc.o(.text)
    NVIC_Init                                0x0800552b   Thumb Code   100  misc.o(.text)
    NVIC_SetVectorTable                      0x0800558f   Thumb Code    14  misc.o(.text)
    NVIC_SystemLPConfig                      0x0800559d   Thumb Code    34  misc.o(.text)
    SysTick_CLKSourceConfig                  0x080055bf   Thumb Code    40  misc.o(.text)
    FSMC_NORSRAMDeInit                       0x080055fd   Thumb Code    54  stm32f10x_fsmc.o(.text)
    FSMC_NANDDeInit                          0x08005633   Thumb Code    62  stm32f10x_fsmc.o(.text)
    FSMC_PCCARDDeInit                        0x08005671   Thumb Code    36  stm32f10x_fsmc.o(.text)
    FSMC_NORSRAMInit                         0x08005695   Thumb Code   230  stm32f10x_fsmc.o(.text)
    FSMC_NANDInit                            0x0800577b   Thumb Code   132  stm32f10x_fsmc.o(.text)
    FSMC_PCCARDInit                          0x080057ff   Thumb Code   130  stm32f10x_fsmc.o(.text)
    FSMC_NORSRAMStructInit                   0x08005881   Thumb Code   114  stm32f10x_fsmc.o(.text)
    FSMC_NANDStructInit                      0x080058f3   Thumb Code    54  stm32f10x_fsmc.o(.text)
    FSMC_PCCARDStructInit                    0x08005929   Thumb Code    60  stm32f10x_fsmc.o(.text)
    FSMC_NORSRAMCmd                          0x08005965   Thumb Code    46  stm32f10x_fsmc.o(.text)
    FSMC_NANDCmd                             0x08005993   Thumb Code    86  stm32f10x_fsmc.o(.text)
    FSMC_PCCARDCmd                           0x080059e9   Thumb Code    44  stm32f10x_fsmc.o(.text)
    FSMC_NANDECCCmd                          0x08005a15   Thumb Code    90  stm32f10x_fsmc.o(.text)
    FSMC_GetECC                              0x08005a6f   Thumb Code    24  stm32f10x_fsmc.o(.text)
    FSMC_ITConfig                            0x08005a87   Thumb Code   128  stm32f10x_fsmc.o(.text)
    FSMC_GetFlagStatus                       0x08005b07   Thumb Code    54  stm32f10x_fsmc.o(.text)
    FSMC_ClearFlag                           0x08005b3d   Thumb Code    62  stm32f10x_fsmc.o(.text)
    FSMC_GetITStatus                         0x08005b7b   Thumb Code    64  stm32f10x_fsmc.o(.text)
    FSMC_ClearITPendingBit                   0x08005bbb   Thumb Code    68  stm32f10x_fsmc.o(.text)
    GPIO_DeInit                              0x08005c09   Thumb Code   172  stm32f10x_gpio.o(.text)
    GPIO_AFIODeInit                          0x08005cb5   Thumb Code    20  stm32f10x_gpio.o(.text)
    GPIO_Init                                0x08005cc9   Thumb Code   278  stm32f10x_gpio.o(.text)
    GPIO_StructInit                          0x08005ddf   Thumb Code    16  stm32f10x_gpio.o(.text)
    GPIO_ReadInputDataBit                    0x08005def   Thumb Code    18  stm32f10x_gpio.o(.text)
    GPIO_ReadInputData                       0x08005e01   Thumb Code     8  stm32f10x_gpio.o(.text)
    GPIO_ReadOutputDataBit                   0x08005e09   Thumb Code    18  stm32f10x_gpio.o(.text)
    GPIO_ReadOutputData                      0x08005e1b   Thumb Code     8  stm32f10x_gpio.o(.text)
    GPIO_SetBits                             0x08005e23   Thumb Code     4  stm32f10x_gpio.o(.text)
    GPIO_ResetBits                           0x08005e27   Thumb Code     4  stm32f10x_gpio.o(.text)
    GPIO_WriteBit                            0x08005e2b   Thumb Code    10  stm32f10x_gpio.o(.text)
    GPIO_Write                               0x08005e35   Thumb Code     4  stm32f10x_gpio.o(.text)
    GPIO_PinLockConfig                       0x08005e39   Thumb Code    18  stm32f10x_gpio.o(.text)
    GPIO_EventOutputConfig                   0x08005e4b   Thumb Code    26  stm32f10x_gpio.o(.text)
    GPIO_EventOutputCmd                      0x08005e65   Thumb Code     6  stm32f10x_gpio.o(.text)
    GPIO_PinRemapConfig                      0x08005e6b   Thumb Code   138  stm32f10x_gpio.o(.text)
    GPIO_EXTILineConfig                      0x08005ef5   Thumb Code    66  stm32f10x_gpio.o(.text)
    GPIO_ETH_MediaInterfaceConfig            0x08005f37   Thumb Code     8  stm32f10x_gpio.o(.text)
    RCC_DeInit                               0x08005f65   Thumb Code    64  stm32f10x_rcc.o(.text)
    RCC_HSEConfig                            0x08005fa5   Thumb Code    70  stm32f10x_rcc.o(.text)
    RCC_GetFlagStatus                        0x08005feb   Thumb Code    56  stm32f10x_rcc.o(.text)
    RCC_WaitForHSEStartUp                    0x08006023   Thumb Code    56  stm32f10x_rcc.o(.text)
    RCC_AdjustHSICalibrationValue            0x0800605b   Thumb Code    20  stm32f10x_rcc.o(.text)
    RCC_HSICmd                               0x0800606f   Thumb Code     6  stm32f10x_rcc.o(.text)
    RCC_PLLConfig                            0x08006075   Thumb Code    24  stm32f10x_rcc.o(.text)
    RCC_PLLCmd                               0x0800608d   Thumb Code     6  stm32f10x_rcc.o(.text)
    RCC_SYSCLKConfig                         0x08006093   Thumb Code    18  stm32f10x_rcc.o(.text)
    RCC_GetSYSCLKSource                      0x080060a5   Thumb Code    10  stm32f10x_rcc.o(.text)
    RCC_HCLKConfig                           0x080060af   Thumb Code    18  stm32f10x_rcc.o(.text)
    RCC_PCLK1Config                          0x080060c1   Thumb Code    18  stm32f10x_rcc.o(.text)
    RCC_PCLK2Config                          0x080060d3   Thumb Code    20  stm32f10x_rcc.o(.text)
    RCC_ITConfig                             0x080060e7   Thumb Code    26  stm32f10x_rcc.o(.text)
    RCC_USBCLKConfig                         0x08006101   Thumb Code     8  stm32f10x_rcc.o(.text)
    RCC_ADCCLKConfig                         0x08006109   Thumb Code    18  stm32f10x_rcc.o(.text)
    RCC_LSEConfig                            0x0800611b   Thumb Code    50  stm32f10x_rcc.o(.text)
    RCC_LSICmd                               0x0800614d   Thumb Code     6  stm32f10x_rcc.o(.text)
    RCC_RTCCLKConfig                         0x08006153   Thumb Code    12  stm32f10x_rcc.o(.text)
    RCC_RTCCLKCmd                            0x0800615f   Thumb Code     8  stm32f10x_rcc.o(.text)
    RCC_GetClocksFreq                        0x08006167   Thumb Code   192  stm32f10x_rcc.o(.text)
    RCC_AHBPeriphClockCmd                    0x08006227   Thumb Code    26  stm32f10x_rcc.o(.text)
    RCC_APB2PeriphClockCmd                   0x08006241   Thumb Code    26  stm32f10x_rcc.o(.text)
    RCC_APB1PeriphClockCmd                   0x0800625b   Thumb Code    26  stm32f10x_rcc.o(.text)
    RCC_APB2PeriphResetCmd                   0x08006275   Thumb Code    26  stm32f10x_rcc.o(.text)
    RCC_APB1PeriphResetCmd                   0x0800628f   Thumb Code    26  stm32f10x_rcc.o(.text)
    RCC_BackupResetCmd                       0x080062a9   Thumb Code     8  stm32f10x_rcc.o(.text)
    RCC_ClockSecuritySystemCmd               0x080062b1   Thumb Code     6  stm32f10x_rcc.o(.text)
    RCC_MCOConfig                            0x080062b7   Thumb Code     6  stm32f10x_rcc.o(.text)
    RCC_ClearFlag                            0x080062bd   Thumb Code    14  stm32f10x_rcc.o(.text)
    RCC_GetITStatus                          0x080062cb   Thumb Code    20  stm32f10x_rcc.o(.text)
    RCC_ClearITPendingBit                    0x080062df   Thumb Code     6  stm32f10x_rcc.o(.text)
    USART_DeInit                             0x08006309   Thumb Code   134  stm32f10x_usart.o(.text)
    USART_Init                               0x0800638f   Thumb Code   210  stm32f10x_usart.o(.text)
    USART_StructInit                         0x08006461   Thumb Code    24  stm32f10x_usart.o(.text)
    USART_ClockInit                          0x08006479   Thumb Code    34  stm32f10x_usart.o(.text)
    USART_ClockStructInit                    0x0800649b   Thumb Code    12  stm32f10x_usart.o(.text)
    USART_Cmd                                0x080064a7   Thumb Code    24  stm32f10x_usart.o(.text)
    USART_ITConfig                           0x080064bf   Thumb Code    74  stm32f10x_usart.o(.text)
    USART_DMACmd                             0x08006509   Thumb Code    18  stm32f10x_usart.o(.text)
    USART_SetAddress                         0x0800651b   Thumb Code    18  stm32f10x_usart.o(.text)
    USART_WakeUpConfig                       0x0800652d   Thumb Code    18  stm32f10x_usart.o(.text)
    USART_ReceiverWakeUpCmd                  0x0800653f   Thumb Code    24  stm32f10x_usart.o(.text)
    USART_LINBreakDetectLengthConfig         0x08006557   Thumb Code    18  stm32f10x_usart.o(.text)
    USART_LINCmd                             0x08006569   Thumb Code    24  stm32f10x_usart.o(.text)
    USART_SendData                           0x08006581   Thumb Code     8  stm32f10x_usart.o(.text)
    USART_ReceiveData                        0x08006589   Thumb Code    10  stm32f10x_usart.o(.text)
    USART_SendBreak                          0x08006593   Thumb Code    10  stm32f10x_usart.o(.text)
    USART_SetGuardTime                       0x0800659d   Thumb Code    16  stm32f10x_usart.o(.text)
    USART_SetPrescaler                       0x080065ad   Thumb Code    16  stm32f10x_usart.o(.text)
    USART_SmartCardCmd                       0x080065bd   Thumb Code    24  stm32f10x_usart.o(.text)
    USART_SmartCardNACKCmd                   0x080065d5   Thumb Code    24  stm32f10x_usart.o(.text)
    USART_HalfDuplexCmd                      0x080065ed   Thumb Code    24  stm32f10x_usart.o(.text)
    USART_OverSampling8Cmd                   0x08006605   Thumb Code    22  stm32f10x_usart.o(.text)
    USART_OneBitMethodCmd                    0x0800661b   Thumb Code    24  stm32f10x_usart.o(.text)
    USART_IrDAConfig                         0x08006633   Thumb Code    18  stm32f10x_usart.o(.text)
    USART_IrDACmd                            0x08006645   Thumb Code    24  stm32f10x_usart.o(.text)
    USART_GetFlagStatus                      0x0800665d   Thumb Code    26  stm32f10x_usart.o(.text)
    USART_ClearFlag                          0x08006677   Thumb Code    18  stm32f10x_usart.o(.text)
    USART_GetITStatus                        0x08006689   Thumb Code    84  stm32f10x_usart.o(.text)
    USART_ClearITPendingBit                  0x080066dd   Thumb Code    52  stm32f10x_usart.o(.text)
    TIM_DeInit                               0x08006711   Thumb Code   424  stm32f10x_tim.o(.text)
    TIM_TimeBaseInit                         0x080068b9   Thumb Code   122  stm32f10x_tim.o(.text)
    TIM_OC1Init                              0x08006933   Thumb Code   132  stm32f10x_tim.o(.text)
    TIM_OC2Init                              0x080069b7   Thumb Code   154  stm32f10x_tim.o(.text)
    TIM_OC3Init                              0x08006a51   Thumb Code   150  stm32f10x_tim.o(.text)
    TIM_OC4Init                              0x08006ae7   Thumb Code   182  stm32f10x_tim.o(.text)
    TIM_SetIC4Prescaler                      0x08006b9d   Thumb Code    26  stm32f10x_tim.o(.text)
    TIM_SetIC3Prescaler                      0x08006c39   Thumb Code    18  stm32f10x_tim.o(.text)
    TIM_SetIC2Prescaler                      0x08006cc5   Thumb Code    26  stm32f10x_tim.o(.text)
    TIM_SetIC1Prescaler                      0x08006d61   Thumb Code    18  stm32f10x_tim.o(.text)
    TIM_ICInit                               0x08006ddf   Thumb Code   150  stm32f10x_tim.o(.text)
    TIM_PWMIConfig                           0x08006e75   Thumb Code   124  stm32f10x_tim.o(.text)
    TIM_BDTRConfig                           0x08006ef1   Thumb Code    32  stm32f10x_tim.o(.text)
    TIM_TimeBaseStructInit                   0x08006f11   Thumb Code    18  stm32f10x_tim.o(.text)
    TIM_OCStructInit                         0x08006f23   Thumb Code    20  stm32f10x_tim.o(.text)
    TIM_ICStructInit                         0x08006f37   Thumb Code    18  stm32f10x_tim.o(.text)
    TIM_BDTRStructInit                       0x08006f49   Thumb Code    40  stm32f10x_tim.o(.text)
    TIM_Cmd                                  0x08006f71   Thumb Code    24  stm32f10x_tim.o(.text)
    TIM_CtrlPWMOutputs                       0x08006f89   Thumb Code    30  stm32f10x_tim.o(.text)
    TIM_ITConfig                             0x08006fa7   Thumb Code    18  stm32f10x_tim.o(.text)
    TIM_GenerateEvent                        0x08006fb9   Thumb Code     4  stm32f10x_tim.o(.text)
    TIM_DMAConfig                            0x08006fbd   Thumb Code    10  stm32f10x_tim.o(.text)
    TIM_DMACmd                               0x08006fc7   Thumb Code    18  stm32f10x_tim.o(.text)
    TIM_InternalClockConfig                  0x08006fd9   Thumb Code    12  stm32f10x_tim.o(.text)
    TIM_SelectInputTrigger                   0x08006fe5   Thumb Code    18  stm32f10x_tim.o(.text)
    TIM_ITRxExternalClockConfig              0x08006ff7   Thumb Code    24  stm32f10x_tim.o(.text)
    TIM_TIxExternalClockConfig               0x0800700f   Thumb Code    62  stm32f10x_tim.o(.text)
    TIM_ETRConfig                            0x0800704d   Thumb Code    28  stm32f10x_tim.o(.text)
    TIM_ETRClockMode1Config                  0x08007069   Thumb Code    54  stm32f10x_tim.o(.text)
    TIM_ETRClockMode2Config                  0x0800709f   Thumb Code    32  stm32f10x_tim.o(.text)
    TIM_PrescalerConfig                      0x080070bf   Thumb Code     6  stm32f10x_tim.o(.text)
    TIM_CounterModeConfig                    0x080070c5   Thumb Code    18  stm32f10x_tim.o(.text)
    TIM_EncoderInterfaceConfig               0x080070d7   Thumb Code    66  stm32f10x_tim.o(.text)
    TIM_ForcedOC1Config                      0x08007119   Thumb Code    18  stm32f10x_tim.o(.text)
    TIM_ForcedOC2Config                      0x0800712b   Thumb Code    26  stm32f10x_tim.o(.text)
    TIM_ForcedOC3Config                      0x08007145   Thumb Code    18  stm32f10x_tim.o(.text)
    TIM_ForcedOC4Config                      0x08007157   Thumb Code    26  stm32f10x_tim.o(.text)
    TIM_ARRPreloadConfig                     0x08007171   Thumb Code    24  stm32f10x_tim.o(.text)
    TIM_SelectCOM                            0x08007189   Thumb Code    24  stm32f10x_tim.o(.text)
    TIM_SelectCCDMA                          0x080071a1   Thumb Code    24  stm32f10x_tim.o(.text)
    TIM_CCPreloadControl                     0x080071b9   Thumb Code    24  stm32f10x_tim.o(.text)
    TIM_OC1PreloadConfig                     0x080071d1   Thumb Code    18  stm32f10x_tim.o(.text)
    TIM_OC2PreloadConfig                     0x080071e3   Thumb Code    26  stm32f10x_tim.o(.text)
    TIM_OC3PreloadConfig                     0x080071fd   Thumb Code    18  stm32f10x_tim.o(.text)
    TIM_OC4PreloadConfig                     0x0800720f   Thumb Code    26  stm32f10x_tim.o(.text)
    TIM_OC1FastConfig                        0x08007229   Thumb Code    18  stm32f10x_tim.o(.text)
    TIM_OC2FastConfig                        0x0800723b   Thumb Code    26  stm32f10x_tim.o(.text)
    TIM_OC3FastConfig                        0x08007255   Thumb Code    18  stm32f10x_tim.o(.text)
    TIM_OC4FastConfig                        0x08007267   Thumb Code    26  stm32f10x_tim.o(.text)
    TIM_ClearOC1Ref                          0x08007281   Thumb Code    18  stm32f10x_tim.o(.text)
    TIM_ClearOC2Ref                          0x08007293   Thumb Code    24  stm32f10x_tim.o(.text)
    TIM_ClearOC3Ref                          0x080072ab   Thumb Code    18  stm32f10x_tim.o(.text)
    TIM_ClearOC4Ref                          0x080072bd   Thumb Code    24  stm32f10x_tim.o(.text)
    TIM_OC1PolarityConfig                    0x080072d5   Thumb Code    18  stm32f10x_tim.o(.text)
    TIM_OC1NPolarityConfig                   0x080072e7   Thumb Code    18  stm32f10x_tim.o(.text)
    TIM_OC2PolarityConfig                    0x080072f9   Thumb Code    26  stm32f10x_tim.o(.text)
    TIM_OC2NPolarityConfig                   0x08007313   Thumb Code    26  stm32f10x_tim.o(.text)
    TIM_OC3PolarityConfig                    0x0800732d   Thumb Code    26  stm32f10x_tim.o(.text)
    TIM_OC3NPolarityConfig                   0x08007347   Thumb Code    26  stm32f10x_tim.o(.text)
    TIM_OC4PolarityConfig                    0x08007361   Thumb Code    26  stm32f10x_tim.o(.text)
    TIM_CCxCmd                               0x0800737b   Thumb Code    30  stm32f10x_tim.o(.text)
    TIM_CCxNCmd                              0x08007399   Thumb Code    30  stm32f10x_tim.o(.text)
    TIM_SelectOCxM                           0x080073b7   Thumb Code    82  stm32f10x_tim.o(.text)
    TIM_UpdateDisableConfig                  0x08007409   Thumb Code    24  stm32f10x_tim.o(.text)
    TIM_UpdateRequestConfig                  0x08007421   Thumb Code    24  stm32f10x_tim.o(.text)
    TIM_SelectHallSensor                     0x08007439   Thumb Code    24  stm32f10x_tim.o(.text)
    TIM_SelectOnePulseMode                   0x08007451   Thumb Code    18  stm32f10x_tim.o(.text)
    TIM_SelectOutputTrigger                  0x08007463   Thumb Code    18  stm32f10x_tim.o(.text)
    TIM_SelectSlaveMode                      0x08007475   Thumb Code    18  stm32f10x_tim.o(.text)
    TIM_SelectMasterSlaveMode                0x08007487   Thumb Code    18  stm32f10x_tim.o(.text)
    TIM_SetCounter                           0x08007499   Thumb Code     4  stm32f10x_tim.o(.text)
    TIM_SetAutoreload                        0x0800749d   Thumb Code     4  stm32f10x_tim.o(.text)
    TIM_SetCompare1                          0x080074a1   Thumb Code     4  stm32f10x_tim.o(.text)
    TIM_SetCompare2                          0x080074a5   Thumb Code     4  stm32f10x_tim.o(.text)
    TIM_SetCompare3                          0x080074a9   Thumb Code     4  stm32f10x_tim.o(.text)
    TIM_SetCompare4                          0x080074ad   Thumb Code     6  stm32f10x_tim.o(.text)
    TIM_SetClockDivision                     0x080074b3   Thumb Code    18  stm32f10x_tim.o(.text)
    TIM_GetCapture1                          0x080074c5   Thumb Code     6  stm32f10x_tim.o(.text)
    TIM_GetCapture2                          0x080074cb   Thumb Code     6  stm32f10x_tim.o(.text)
    TIM_GetCapture3                          0x080074d1   Thumb Code     6  stm32f10x_tim.o(.text)
    TIM_GetCapture4                          0x080074d7   Thumb Code     8  stm32f10x_tim.o(.text)
    TIM_GetCounter                           0x080074df   Thumb Code     6  stm32f10x_tim.o(.text)
    TIM_GetPrescaler                         0x080074e5   Thumb Code     6  stm32f10x_tim.o(.text)
    TIM_GetFlagStatus                        0x080074eb   Thumb Code    18  stm32f10x_tim.o(.text)
    TIM_ClearFlag                            0x080074fd   Thumb Code     6  stm32f10x_tim.o(.text)
    TIM_GetITStatus                          0x08007503   Thumb Code    34  stm32f10x_tim.o(.text)
    TIM_ClearITPendingBit                    0x08007525   Thumb Code     6  stm32f10x_tim.o(.text)
    xMBPortEventInit                         0x0800752d   Thumb Code    10  portevent.o(.text)
    xMBPortEventPost                         0x08007537   Thumb Code    16  portevent.o(.text)
    xMBPortEventGet                          0x08007547   Thumb Code    26  portevent.o(.text)
    vMBPortSerialEnable                      0x08007569   Thumb Code    96  portserial.o(.text)
    xMBPortSerialInit                        0x080075c9   Thumb Code   190  portserial.o(.text)
    xMBPortSerialPutByte                     0x08007687   Thumb Code    46  portserial.o(.text)
    xMBPortSerialGetByte                     0x080076b5   Thumb Code    16  portserial.o(.text)
    USART2_IRQHandler                        0x080076d9   Thumb Code    60  portserial.o(.text)
    xMBPortTimersInit                        0x0800772d   Thumb Code   126  porttimer.o(.text)
    vMBPortTimersEnable                      0x080077ab   Thumb Code    38  porttimer.o(.text)
    vMBPortTimersDisable                     0x080077d1   Thumb Code    38  porttimer.o(.text)
    TIM4_IRQHandler                          0x08007801   Thumb Code    42  porttimer.o(.text)
    eMBInit                                  0x0800783d   Thumb Code   222  mb.o(.text)
    eMBRegisterCB                            0x0800791b   Thumb Code   140  mb.o(.text)
    eMBClose                                 0x080079a7   Thumb Code    32  mb.o(.text)
    eMBEnable                                0x080079c7   Thumb Code    32  mb.o(.text)
    eMBDisable                               0x080079e7   Thumb Code    42  mb.o(.text)
    eMBPoll                                  0x08007a11   Thumb Code   268  mb.o(.text)
    usMBCRC16                                0x08007b99   Thumb Code    48  mbcrc.o(.text)
    eMBRTUInit                               0x08007bd1   Thumb Code    88  mbrtu.o(.text)
    eMBRTUStart                              0x08007c29   Thumb Code    34  mbrtu.o(.text)
    eMBRTUStop                               0x08007c4b   Thumb Code    28  mbrtu.o(.text)
    eMBRTUReceive                            0x08007c67   Thumb Code   118  mbrtu.o(.text)
    eMBRTUSend                               0x08007cdd   Thumb Code   158  mbrtu.o(.text)
    xMBRTUReceiveFSM                         0x08007d7b   Thumb Code   140  mbrtu.o(.text)
    xMBRTUTransmitFSM                        0x08007e07   Thumb Code   116  mbrtu.o(.text)
    xMBRTUTimerT35Expired                    0x08007e7b   Thumb Code    96  mbrtu.o(.text)
    eMBFuncReadCoils                         0x08007f89   Thumb Code   162  mbfunccoils.o(.text)
    eMBFuncWriteCoil                         0x0800802b   Thumb Code   100  mbfunccoils.o(.text)
    eMBFuncWriteMultipleCoils                0x0800808f   Thumb Code   140  mbfunccoils.o(.text)
    eMBFuncReadDiscreteInputs                0x0800811b   Thumb Code   162  mbfuncdisc.o(.text)
    eMBFuncWriteHoldingRegister              0x080081bd   Thumb Code    54  mbfuncholding.o(.text)
    eMBFuncWriteMultipleHoldingRegister      0x080081f3   Thumb Code   102  mbfuncholding.o(.text)
    eMBFuncReadHoldingRegister               0x08008259   Thumb Code   128  mbfuncholding.o(.text)
    eMBFuncReadWriteMultipleHoldingRegister  0x080082d9   Thumb Code   184  mbfuncholding.o(.text)
    eMBFuncReadInputRegister                 0x08008391   Thumb Code   130  mbfuncinput.o(.text)
    eMBSetSlaveID                            0x08008415   Thumb Code   110  mbfuncother.o(.text)
    eMBFuncReportSlaveID                     0x08008483   Thumb Code    30  mbfuncother.o(.text)
    xMBUtilSetBits                           0x080084a9   Thumb Code   104  mbutils.o(.text)
    xMBUtilGetBits                           0x08008511   Thumb Code    42  mbutils.o(.text)
    prveMBError2Exception                    0x0800853b   Thumb Code    34  mbutils.o(.text)
    eMBASCIIInit                             0x08008599   Thumb Code    72  mbascii.o(.text)
    eMBASCIIStart                            0x080085e1   Thumb Code    34  mbascii.o(.text)
    eMBASCIIStop                             0x08008603   Thumb Code    28  mbascii.o(.text)
    eMBASCIIReceive                          0x0800863f   Thumb Code   100  mbascii.o(.text)
    eMBASCIISend                             0x080086a3   Thumb Code   114  mbascii.o(.text)
    xMBASCIIReceiveFSM                       0x0800873b   Thumb Code   294  mbascii.o(.text)
    xMBASCIITransmitFSM                      0x0800888d   Thumb Code   240  mbascii.o(.text)
    xMBASCIITimerT1SExpired                  0x0800897d   Thumb Code   242  mbascii.o(.text)
    __use_no_semihosting                     0x08008a7d   Thumb Code     2  use_no_semi_2.o(.text)
    __2printf                                0x08008a81   Thumb Code    20  noretval__2printf.o(.text)
    __printf                                 0x08008a99   Thumb Code   104  __printf.o(.text)
    _printf_int_hex                          0x08008b01   Thumb Code    84  _printf_hex_int.o(.text)
    _printf_longlong_hex                     0x08008b01   Thumb Code     0  _printf_hex_int.o(.text)
    __aeabi_assert                           0x08008b59   Thumb Code    86  assert.o(.text)
    __assert                                 0x08008b59   Thumb Code     0  assert.o(.text)
    __aeabi_memcpy                           0x08008bd9   Thumb Code     0  rt_memcpy_v6.o(.text)
    __rt_memcpy                              0x08008bd9   Thumb Code   138  rt_memcpy_v6.o(.text)
    _memcpy_lastbytes                        0x08008c3f   Thumb Code     0  rt_memcpy_v6.o(.text)
    __use_two_region_memory                  0x08008c63   Thumb Code     2  heapauxi.o(.text)
    __rt_heap_escrow$2region                 0x08008c65   Thumb Code     2  heapauxi.o(.text)
    __rt_heap_expand$2region                 0x08008c67   Thumb Code     2  heapauxi.o(.text)
    __I$use$semihosting                      0x08008c69   Thumb Code     0  use_no_semi.o(.text)
    __use_no_semihosting_swi                 0x08008c69   Thumb Code     2  use_no_semi.o(.text)
    _printf_int_common                       0x08008c6b   Thumb Code   178  _printf_intcommon.o(.text)
    _printf_char_file                        0x08008d1d   Thumb Code    32  _printf_char_file.o(.text)
    abort                                    0x08008d41   Thumb Code    22  abort.o(.text)
    __assert_puts                            0x08008d57   Thumb Code    20  assert_puts.o(.text)
    __aeabi_memcpy4                          0x08008d6b   Thumb Code     0  rt_memcpy_w.o(.text)
    __aeabi_memcpy8                          0x08008d6b   Thumb Code     0  rt_memcpy_w.o(.text)
    __rt_memcpy_w                            0x08008d6b   Thumb Code   100  rt_memcpy_w.o(.text)
    _memcpy_lastbytes_aligned                0x08008db3   Thumb Code     0  rt_memcpy_w.o(.text)
    _printf_char_common                      0x08008ddb   Thumb Code    32  _printf_char_common.o(.text)
    ferror                                   0x08008e01   Thumb Code     8  ferror.o(.text)
    __rt_SIGABRT                             0x08008e09   Thumb Code    14  defsig_abrt_outer.o(.text)
    __user_setup_stackheap                   0x08008e17   Thumb Code    74  sys_stackheap_outer.o(.text)
    exit                                     0x08008e61   Thumb Code    18  exit.o(.text)
    __sig_exit                               0x08008e73   Thumb Code    10  defsig_exit.o(.text)
    __rt_SIGABRT_inner                       0x08008e7d   Thumb Code    14  defsig_abrt_inner.o(.text)
    __user_libspace                          0x08008ead   Thumb Code     8  libspace.o(.text)
    __user_perproc_libspace                  0x08008ead   Thumb Code     0  libspace.o(.text)
    __user_perthread_libspace                0x08008ead   Thumb Code     0  libspace.o(.text)
    __default_signal_display                 0x08008eb5   Thumb Code    50  defsig_general.o(.text)
    __aeabi_d2uiz                            0x08008ee9   Thumb Code     0  dfixu.o(x$fpl$dfixu)
    _dfixu                                   0x08008ee9   Thumb Code    90  dfixu.o(x$fpl$dfixu)
    __aeabi_ui2d                             0x08008f43   Thumb Code     0  dflt_clz.o(x$fpl$dfltu)
    _dfltu                                   0x08008f43   Thumb Code    38  dflt_clz.o(x$fpl$dfltu)
    __aeabi_dmul                             0x08008f69   Thumb Code     0  dmul.o(x$fpl$dmul)
    _dmul                                    0x08008f69   Thumb Code   332  dmul.o(x$fpl$dmul)
    __fpl_dnaninf                            0x080090bd   Thumb Code   156  dnaninf.o(x$fpl$dnaninf)
    __fpl_dretinf                            0x08009159   Thumb Code    12  dretinf.o(x$fpl$dretinf)
    __I$use$fp                               0x08009164   Number         0  usenofp.o(x$fpl$usenofp)
    asc2_1206                                0x08009164   Data        1140  lcd.o(.constdata)
    asc2_1608                                0x080095d8   Data        1520  lcd.o(.constdata)
    asc2_2412                                0x08009bc8   Data        3420  lcd.o(.constdata)
    Region$$Table$$Base                      0x0800abf4   Number         0  anon$$obj.o(Region$$Table)
    Region$$Table$$Limit                     0x0800ac14   Number         0  anon$$obj.o(Region$$Table)
    usRegInputBuf                            0x20000000   Data           2  main.o(.data)
    usRegInputStart                          0x20000002   Data           2  main.o(.data)
    usRegHoldingBuf                          0x20000004   Data           2  main.o(.data)
    usRegHoldingStart                        0x20000006   Data           2  main.o(.data)
    ucRegCoilsBuf                            0x20000008   Data           1  main.o(.data)
    ucRegDiscreteBuf                         0x20000009   Data           1  main.o(.data)
    SystemCoreClock                          0x2000000c   Data           4  system_stm32f10x.o(.data)
    AHBPrescTable                            0x20000010   Data          16  system_stm32f10x.o(.data)
    POINT_COLOR                              0x20000022   Data           2  lcd.o(.data)
    BACK_COLOR                               0x20000024   Data           2  lcd.o(.data)
    __stdout                                 0x2000002c   Data           4  usart.o(.data)
    USART_RX_STA                             0x20000030   Data           2  usart.o(.data)
    pxMBFrameCBByteReceived                  0x20000060   Data           4  mb.o(.data)
    pxMBFrameCBTransmitterEmpty              0x20000064   Data           4  mb.o(.data)
    pxMBPortCBTimerExpired                   0x20000068   Data           4  mb.o(.data)
    pxMBFrameCBReceiveFSMCur                 0x2000006c   Data           4  mb.o(.data)
    pxMBFrameCBTransmitFSMCur                0x20000070   Data           4  mb.o(.data)
    lcddev                                   0x20000124   Data          14  lcd.o(.bss)
    USART_RX_BUF                             0x20000132   Data         200  usart.o(.bss)
    ucRTUBuf                                 0x200001fa   Data         256  mbrtu.o(.bss)
    __libspace_start                         0x2000031c   Data          96  libspace.o(.bss)
    __temporary_stack_top$libspace           0x2000037c   Data           0  libspace.o(.bss)



==============================================================================

Memory Map of the image

  Image Entry point : 0x08000131

  Load Region LR_IROM1 (Base: 0x08000000, Size: 0x0000ad38, Max: 0x00080000, ABSOLUTE)

    Execution Region ER_IROM1 (Exec base: 0x08000000, Load base: 0x08000000, Size: 0x0000ac14, Max: 0x00080000, ABSOLUTE)

    Exec Addr    Load Addr    Size         Type   Attr      Idx    E Section Name        Object

    0x08000000   0x08000000   0x00000130   Data   RO          326    RESET               startup_stm32f10x_hd.o
    0x08000130   0x08000130   0x00000008   Code   RO          676  * !!!main             c_w.l(__main.o)
    0x08000138   0x08000138   0x00000034   Code   RO          869    !!!scatter          c_w.l(__scatter.o)
    0x0800016c   0x0800016c   0x0000001a   Code   RO          871    !!handler_copy      c_w.l(__scatter_copy.o)
    0x08000186   0x08000186   0x00000002   PAD
    0x08000188   0x08000188   0x0000001c   Code   RO          873    !!handler_zi        c_w.l(__scatter_zi.o)
    0x080001a4   0x080001a4   0x00000000   Code   RO          669    .ARM.Collect$$_printf_percent$$00000000  c_w.l(_printf_percent.o)
    0x080001a4   0x080001a4   0x00000006   Code   RO          668    .ARM.Collect$$_printf_percent$$0000000C  c_w.l(_printf_x.o)
    0x080001aa   0x080001aa   0x00000004   Code   RO          697    .ARM.Collect$$_printf_percent$$00000017  c_w.l(_printf_percent_end.o)
    0x080001ae   0x080001ae   0x00000002   Code   RO          751    .ARM.Collect$$libinit$$00000000  c_w.l(libinit.o)
    0x080001b0   0x080001b0   0x00000000   Code   RO          762    .ARM.Collect$$libinit$$00000002  c_w.l(libinit2.o)
    0x080001b0   0x080001b0   0x00000000   Code   RO          764    .ARM.Collect$$libinit$$00000004  c_w.l(libinit2.o)
    0x080001b0   0x080001b0   0x00000000   Code   RO          767    .ARM.Collect$$libinit$$0000000A  c_w.l(libinit2.o)
    0x080001b0   0x080001b0   0x00000000   Code   RO          769    .ARM.Collect$$libinit$$0000000C  c_w.l(libinit2.o)
    0x080001b0   0x080001b0   0x00000000   Code   RO          771    .ARM.Collect$$libinit$$0000000E  c_w.l(libinit2.o)
    0x080001b0   0x080001b0   0x00000000   Code   RO          774    .ARM.Collect$$libinit$$00000011  c_w.l(libinit2.o)
    0x080001b0   0x080001b0   0x00000000   Code   RO          776    .ARM.Collect$$libinit$$00000013  c_w.l(libinit2.o)
    0x080001b0   0x080001b0   0x00000000   Code   RO          778    .ARM.Collect$$libinit$$00000015  c_w.l(libinit2.o)
    0x080001b0   0x080001b0   0x00000000   Code   RO          780    .ARM.Collect$$libinit$$00000017  c_w.l(libinit2.o)
    0x080001b0   0x080001b0   0x00000000   Code   RO          782    .ARM.Collect$$libinit$$00000019  c_w.l(libinit2.o)
    0x080001b0   0x080001b0   0x00000000   Code   RO          784    .ARM.Collect$$libinit$$0000001B  c_w.l(libinit2.o)
    0x080001b0   0x080001b0   0x00000000   Code   RO          786    .ARM.Collect$$libinit$$0000001D  c_w.l(libinit2.o)
    0x080001b0   0x080001b0   0x00000000   Code   RO          788    .ARM.Collect$$libinit$$0000001F  c_w.l(libinit2.o)
    0x080001b0   0x080001b0   0x00000000   Code   RO          790    .ARM.Collect$$libinit$$00000021  c_w.l(libinit2.o)
    0x080001b0   0x080001b0   0x00000000   Code   RO          792    .ARM.Collect$$libinit$$00000023  c_w.l(libinit2.o)
    0x080001b0   0x080001b0   0x00000000   Code   RO          794    .ARM.Collect$$libinit$$00000025  c_w.l(libinit2.o)
    0x080001b0   0x080001b0   0x00000000   Code   RO          798    .ARM.Collect$$libinit$$0000002C  c_w.l(libinit2.o)
    0x080001b0   0x080001b0   0x00000000   Code   RO          800    .ARM.Collect$$libinit$$0000002E  c_w.l(libinit2.o)
    0x080001b0   0x080001b0   0x00000000   Code   RO          802    .ARM.Collect$$libinit$$00000030  c_w.l(libinit2.o)
    0x080001b0   0x080001b0   0x00000000   Code   RO          804    .ARM.Collect$$libinit$$00000032  c_w.l(libinit2.o)
    0x080001b0   0x080001b0   0x00000002   Code   RO          805    .ARM.Collect$$libinit$$00000033  c_w.l(libinit2.o)
    0x080001b2   0x080001b2   0x00000002   Code   RO          841    .ARM.Collect$$libshutdown$$00000000  c_w.l(libshutdown.o)
    0x080001b4   0x080001b4   0x00000000   Code   RO          851    .ARM.Collect$$libshutdown$$00000002  c_w.l(libshutdown2.o)
    0x080001b4   0x080001b4   0x00000000   Code   RO          853    .ARM.Collect$$libshutdown$$00000004  c_w.l(libshutdown2.o)
    0x080001b4   0x080001b4   0x00000000   Code   RO          856    .ARM.Collect$$libshutdown$$00000007  c_w.l(libshutdown2.o)
    0x080001b4   0x080001b4   0x00000000   Code   RO          859    .ARM.Collect$$libshutdown$$0000000A  c_w.l(libshutdown2.o)
    0x080001b4   0x080001b4   0x00000000   Code   RO          861    .ARM.Collect$$libshutdown$$0000000C  c_w.l(libshutdown2.o)
    0x080001b4   0x080001b4   0x00000000   Code   RO          864    .ARM.Collect$$libshutdown$$0000000F  c_w.l(libshutdown2.o)
    0x080001b4   0x080001b4   0x00000002   Code   RO          865    .ARM.Collect$$libshutdown$$00000010  c_w.l(libshutdown2.o)
    0x080001b6   0x080001b6   0x00000000   Code   RO          692    .ARM.Collect$$rtentry$$00000000  c_w.l(__rtentry.o)
    0x080001b6   0x080001b6   0x00000000   Code   RO          710    .ARM.Collect$$rtentry$$00000002  c_w.l(__rtentry2.o)
    0x080001b6   0x080001b6   0x00000006   Code   RO          722    .ARM.Collect$$rtentry$$00000004  c_w.l(__rtentry4.o)
    0x080001bc   0x080001bc   0x00000000   Code   RO          712    .ARM.Collect$$rtentry$$00000009  c_w.l(__rtentry2.o)
    0x080001bc   0x080001bc   0x00000004   Code   RO          713    .ARM.Collect$$rtentry$$0000000A  c_w.l(__rtentry2.o)
    0x080001c0   0x080001c0   0x00000000   Code   RO          715    .ARM.Collect$$rtentry$$0000000C  c_w.l(__rtentry2.o)
    0x080001c0   0x080001c0   0x00000008   Code   RO          716    .ARM.Collect$$rtentry$$0000000D  c_w.l(__rtentry2.o)
    0x080001c8   0x080001c8   0x00000002   Code   RO          755    .ARM.Collect$$rtexit$$00000000  c_w.l(rtexit.o)
    0x080001ca   0x080001ca   0x00000000   Code   RO          807    .ARM.Collect$$rtexit$$00000002  c_w.l(rtexit2.o)
    0x080001ca   0x080001ca   0x00000004   Code   RO          808    .ARM.Collect$$rtexit$$00000003  c_w.l(rtexit2.o)
    0x080001ce   0x080001ce   0x00000006   Code   RO          809    .ARM.Collect$$rtexit$$00000004  c_w.l(rtexit2.o)
    0x080001d4   0x080001d4   0x00000358   Code   RO            1    .text               main.o
    0x0800052c   0x0800052c   0x0000001a   Code   RO          153    .text               stm32f10x_it.o
    0x08000546   0x08000546   0x00000002   PAD
    0x08000548   0x08000548   0x000001e0   Code   RO          194    .text               system_stm32f10x.o
    0x08000728   0x08000728   0x0000004c   Code   RO          212    .text               led.o
    0x08000774   0x08000774   0x000000fc   Code   RO          224    .text               key.o
    0x08000870   0x08000870   0x00004a5c   Code   RO          237    .text               lcd.o
    0x080052cc   0x080052cc   0x000000d4   Code   RO          260    .text               delay.o
    0x080053a0   0x080053a0   0x00000140   Code   RO          291    .text               usart.o
    0x080054e0   0x080054e0   0x00000040   Code   RO          327    .text               startup_stm32f10x_hd.o
    0x08005520   0x08005520   0x000000dc   Code   RO          331    .text               misc.o
    0x080055fc   0x080055fc   0x0000060c   Code   RO          343    .text               stm32f10x_fsmc.o
    0x08005c08   0x08005c08   0x0000035c   Code   RO          355    .text               stm32f10x_gpio.o
    0x08005f64   0x08005f64   0x000003a4   Code   RO          367    .text               stm32f10x_rcc.o
    0x08006308   0x08006308   0x00000408   Code   RO          381    .text               stm32f10x_usart.o
    0x08006710   0x08006710   0x00000e1a   Code   RO          393    .text               stm32f10x_tim.o
    0x0800752a   0x0800752a   0x00000002   PAD
    0x0800752c   0x0800752c   0x0000003c   Code   RO          405    .text               portevent.o
    0x08007568   0x08007568   0x000001c4   Code   RO          422    .text               portserial.o
    0x0800772c   0x0800772c   0x00000110   Code   RO          437    .text               porttimer.o
    0x0800783c   0x0800783c   0x0000035c   Code   RO          449    .text               mb.o
    0x08007b98   0x08007b98   0x00000038   Code   RO          489    .text               mbcrc.o
    0x08007bd0   0x08007bd0   0x000003b8   Code   RO          503    .text               mbrtu.o
    0x08007f88   0x08007f88   0x00000192   Code   RO          523    .text               mbfunccoils.o
    0x0800811a   0x0800811a   0x000000a2   Code   RO          538    .text               mbfuncdisc.o
    0x080081bc   0x080081bc   0x000001d4   Code   RO          550    .text               mbfuncholding.o
    0x08008390   0x08008390   0x00000082   Code   RO          562    .text               mbfuncinput.o
    0x08008412   0x08008412   0x00000002   PAD
    0x08008414   0x08008414   0x00000094   Code   RO          574    .text               mbfuncother.o
    0x080084a8   0x080084a8   0x000000f0   Code   RO          589    .text               mbutils.o
    0x08008598   0x08008598   0x000004e4   Code   RO          601    .text               mbascii.o
    0x08008a7c   0x08008a7c   0x00000002   Code   RO          619    .text               c_w.l(use_no_semi_2.o)
    0x08008a7e   0x08008a7e   0x00000002   PAD
    0x08008a80   0x08008a80   0x00000018   Code   RO          623    .text               c_w.l(noretval__2printf.o)
    0x08008a98   0x08008a98   0x00000068   Code   RO          625    .text               c_w.l(__printf.o)
    0x08008b00   0x08008b00   0x00000058   Code   RO          630    .text               c_w.l(_printf_hex_int.o)
    0x08008b58   0x08008b58   0x00000080   Code   RO          670    .text               c_w.l(assert.o)
    0x08008bd8   0x08008bd8   0x0000008a   Code   RO          672    .text               c_w.l(rt_memcpy_v6.o)
    0x08008c62   0x08008c62   0x00000006   Code   RO          674    .text               c_w.l(heapauxi.o)
    0x08008c68   0x08008c68   0x00000002   Code   RO          690    .text               c_w.l(use_no_semi.o)
    0x08008c6a   0x08008c6a   0x000000b2   Code   RO          693    .text               c_w.l(_printf_intcommon.o)
    0x08008d1c   0x08008d1c   0x00000024   Code   RO          695    .text               c_w.l(_printf_char_file.o)
    0x08008d40   0x08008d40   0x00000016   Code   RO          698    .text               c_w.l(abort.o)
    0x08008d56   0x08008d56   0x00000014   Code   RO          700    .text               c_w.l(assert_puts.o)
    0x08008d6a   0x08008d6a   0x00000064   Code   RO          702    .text               c_w.l(rt_memcpy_w.o)
    0x08008dce   0x08008dce   0x00000002   PAD
    0x08008dd0   0x08008dd0   0x00000030   Code   RO          724    .text               c_w.l(_printf_char_common.o)
    0x08008e00   0x08008e00   0x00000008   Code   RO          726    .text               c_w.l(ferror.o)
    0x08008e08   0x08008e08   0x0000000e   Code   RO          730    .text               c_w.l(defsig_abrt_outer.o)
    0x08008e16   0x08008e16   0x0000004a   Code   RO          734    .text               c_w.l(sys_stackheap_outer.o)
    0x08008e60   0x08008e60   0x00000012   Code   RO          740    .text               c_w.l(exit.o)
    0x08008e72   0x08008e72   0x0000000a   Code   RO          742    .text               c_w.l(defsig_exit.o)
    0x08008e7c   0x08008e7c   0x00000030   Code   RO          744    .text               c_w.l(defsig_abrt_inner.o)
    0x08008eac   0x08008eac   0x00000008   Code   RO          752    .text               c_w.l(libspace.o)
    0x08008eb4   0x08008eb4   0x00000032   Code   RO          759    .text               c_w.l(defsig_general.o)
    0x08008ee6   0x08008ee6   0x00000002   PAD
    0x08008ee8   0x08008ee8   0x0000005a   Code   RO          678    x$fpl$dfixu         fz_ws.l(dfixu.o)
    0x08008f42   0x08008f42   0x00000026   Code   RO          682    x$fpl$dfltu         fz_ws.l(dflt_clz.o)
    0x08008f68   0x08008f68   0x00000154   Code   RO          688    x$fpl$dmul          fz_ws.l(dmul.o)
    0x080090bc   0x080090bc   0x0000009c   Code   RO          704    x$fpl$dnaninf       fz_ws.l(dnaninf.o)
    0x08009158   0x08009158   0x0000000c   Code   RO          706    x$fpl$dretinf       fz_ws.l(dretinf.o)
    0x08009164   0x08009164   0x00000000   Code   RO          708    x$fpl$usenofp       fz_ws.l(usenofp.o)
    0x08009164   0x08009164   0x000017c0   Data   RO          239    .constdata          lcd.o
    0x0800a924   0x0800a924   0x00000200   Data   RO          490    .constdata          mbcrc.o
    0x0800ab24   0x0800ab24   0x00000028   Data   RO          631    .constdata          c_w.l(_printf_hex_int.o)
    0x0800ab4c   0x0800ab4c   0x00000063   Data   RO          505    .conststring        mbrtu.o
    0x0800abaf   0x0800abaf   0x00000001   PAD
    0x0800abb0   0x0800abb0   0x00000044   Data   RO          602    .conststring        mbascii.o
    0x0800abf4   0x0800abf4   0x00000020   Data   RO          867    Region$$Table       anon$$obj.o


    Execution Region RW_IRAM1 (Exec base: 0x20000000, Load base: 0x0800ac14, Size: 0x00000980, Max: 0x00010000, ABSOLUTE)

    Exec Addr    Load Addr    Size         Type   Attr      Idx    E Section Name        Object

    0x20000000   0x0800ac14   0x0000000a   Data   RW            2    .data               main.o
    0x2000000a   0x0800ac1e   0x00000002   PAD
    0x2000000c   0x0800ac20   0x00000014   Data   RW          195    .data               system_stm32f10x.o
    0x20000020   0x0800ac34   0x00000001   Data   RW          225    .data               key.o
    0x20000021   0x0800ac35   0x00000001   PAD
    0x20000022   0x0800ac36   0x00000004   Data   RW          240    .data               lcd.o
    0x20000026   0x0800ac3a   0x00000004   Data   RW          261    .data               delay.o
    0x2000002a   0x0800ac3e   0x00000002   PAD
    0x2000002c   0x0800ac40   0x00000006   Data   RW          293    .data               usart.o
    0x20000032   0x0800ac46   0x00000014   Data   RW          368    .data               stm32f10x_rcc.o
    0x20000046   0x0800ac5a   0x00000002   Data   RW          406    .data               portevent.o
    0x20000048   0x0800ac5c   0x000000b5   Data   RW          450    .data               mb.o
    0x200000fd   0x0800ad11   0x00000003   PAD
    0x20000100   0x0800ad14   0x0000000c   Data   RW          506    .data               mbrtu.o
    0x2000010c   0x0800ad20   0x00000002   Data   RW          576    .data               mbfuncother.o
    0x2000010e   0x0800ad22   0x00000002   PAD
    0x20000110   0x0800ad24   0x00000014   Data   RW          603    .data               mbascii.o
    0x20000124        -       0x0000000e   Zero   RW          238    .bss                lcd.o
    0x20000132        -       0x000000c8   Zero   RW          292    .bss                usart.o
    0x200001fa        -       0x00000100   Zero   RW          504    .bss                mbrtu.o
    0x200002fa        -       0x00000020   Zero   RW          575    .bss                mbfuncother.o
    0x2000031a   0x0800ad38   0x00000002   PAD
    0x2000031c        -       0x00000060   Zero   RW          753    .bss                c_w.l(libspace.o)
    0x2000037c   0x0800ad38   0x00000004   PAD
    0x20000380        -       0x00000200   Zero   RW          325    HEAP                startup_stm32f10x_hd.o
    0x20000580        -       0x00000400   Zero   RW          324    STACK               startup_stm32f10x_hd.o


==============================================================================

Image component sizes


      Code (inc. data)   RO Data    RW Data    ZI Data      Debug   Object Name

       212         18          0          4          0       1123   delay.o
       252         12          0          1          0        884   key.o
     19036        162       6080          4         14      22458   lcd.o
        76          8          0          0          0        539   led.o
       856        140          0         10          0     268543   main.o
       860        124          0        181          0      20385   mb.o
      1252        186         68         20          0       5213   mbascii.o
        56          8        512          0          0       1364   mbcrc.o
       402          0          0          0          0       3138   mbfunccoils.o
       162          0          0          0          0       1708   mbfuncdisc.o
       468          0          0          0          0       3981   mbfuncholding.o
       130          0          0          0          0       1651   mbfuncinput.o
       148          8          0          2         32       1965   mbfuncother.o
       952        168         99         12        256       4141   mbrtu.o
       240         60          0          0          0       2078   mbutils.o
       220         22          0          0          0       1881   misc.o
        60          8          0          2          0       1648   portevent.o
       452         24          0          0          0       2536   portserial.o
       272         18          0          0          0       1301   porttimer.o
        64         26        304          0       1536        816   startup_stm32f10x_hd.o
      1548         18          0          0          0       5459   stm32f10x_fsmc.o
       860         38          0          0          0       5813   stm32f10x_gpio.o
        26          0          0          0          0       1222   stm32f10x_it.o
       932         36          0         20          0       9032   stm32f10x_rcc.o
      3610         88          0          0          0      22920   stm32f10x_tim.o
      1032         22          0          0          0       8540   stm32f10x_usart.o
         0          0          0          0          0         32   sys.o
       480         38          0         20          0       1863   system_stm32f10x.o
       320         18          0          6        200       3258   usart.o

    ----------------------------------------------------------------------
     34984       1250       7096        292       2040     405492   Object Totals
         0          0         32          0          0          0   (incl. Generated)
         6          0          1         10          2          0   (incl. Padding)

    ----------------------------------------------------------------------

      Code (inc. data)   RO Data    RW Data    ZI Data      Debug   Library Member Name

         8          0          0          0          0         68   __main.o
       104          0          0          0          0         84   __printf.o
         0          0          0          0          0          0   __rtentry.o
        12          0          0          0          0          0   __rtentry2.o
         6          0          0          0          0          0   __rtentry4.o
        52          8          0          0          0          0   __scatter.o
        26          0          0          0          0          0   __scatter_copy.o
        28          0          0          0          0          0   __scatter_zi.o
        48          6          0          0          0         96   _printf_char_common.o
        36          4          0          0          0         80   _printf_char_file.o
        88          4         40          0          0         88   _printf_hex_int.o
       178          0          0          0          0         88   _printf_intcommon.o
         0          0          0          0          0          0   _printf_percent.o
         4          0          0          0          0          0   _printf_percent_end.o
         6          0          0          0          0          0   _printf_x.o
        22          0          0          0          0         80   abort.o
       128         42          0          0          0         76   assert.o
        20          0          0          0          0         76   assert_puts.o
        48         34          0          0          0         76   defsig_abrt_inner.o
        14          0          0          0          0         80   defsig_abrt_outer.o
        10          0          0          0          0         68   defsig_exit.o
        50          0          0          0          0         88   defsig_general.o
        18          0          0          0          0         80   exit.o
         8          0          0          0          0         68   ferror.o
         6          0          0          0          0        152   heapauxi.o
         2          0          0          0          0          0   libinit.o
         2          0          0          0          0          0   libinit2.o
         2          0          0          0          0          0   libshutdown.o
         2          0          0          0          0          0   libshutdown2.o
         8          4          0          0         96         68   libspace.o
        24          4          0          0          0         84   noretval__2printf.o
       138          0          0          0          0         68   rt_memcpy_v6.o
       100          0          0          0          0         80   rt_memcpy_w.o
         2          0          0          0          0          0   rtexit.o
        10          0          0          0          0          0   rtexit2.o
        74          0          0          0          0         80   sys_stackheap_outer.o
         2          0          0          0          0         68   use_no_semi.o
         2          0          0          0          0         68   use_no_semi_2.o
        90          4          0          0          0         92   dfixu.o
        38          0          0          0          0         68   dflt_clz.o
       340         12          0          0          0        104   dmul.o
       156          4          0          0          0         92   dnaninf.o
        12          0          0          0          0         68   dretinf.o
         0          0          0          0          0          0   usenofp.o

    ----------------------------------------------------------------------
      1932        126         40          0        100       2288   Library Totals
         8          0          0          0          4          0   (incl. Padding)

    ----------------------------------------------------------------------

      Code (inc. data)   RO Data    RW Data    ZI Data      Debug   Library Name

      1288        106         40          0         96       1864   c_w.l
       636         20          0          0          0        424   fz_ws.l

    ----------------------------------------------------------------------
      1932        126         40          0        100       2288   Library Totals

    ----------------------------------------------------------------------

==============================================================================


      Code (inc. data)   RO Data    RW Data    ZI Data      Debug   

     36916       1376       7136        292       2140     404396   Grand Totals
     36916       1376       7136        292       2140     404396   ELF Image Totals
     36916       1376       7136        292          0          0   ROM Totals

==============================================================================

    Total RO  Size (Code + RO Data)                44052 (  43.02kB)
    Total RW  Size (RW Data + ZI Data)              2432 (   2.38kB)
    Total ROM Size (Code + RO Data + RW Data)      44344 (  43.30kB)

==============================================================================

